01-18 06:10:12.075: D/ExchangeService(605): Received deviceId from Email app: null
01-18 06:10:12.075: D/ExchangeService(605): !!! deviceId unknown; stopping self and retrying
01-18 06:10:17.095: D/ExchangeService(605): !!! EAS ExchangeService, onStartCommand, startingUp = false, running = false
01-18 06:10:17.095: W/ActivityManager(279): Unable to start service Intent { act=com.android.email.ACCOUNT_INTENT } U=0: not found
01-18 06:10:17.105: D/ExchangeService(605): !!! Email application not found; stopping self
01-18 06:10:17.115: W/ActivityManager(279): Unable to start service Intent { act=com.android.email.ACCOUNT_INTENT } U=0: not found
01-18 06:10:17.125: E/ActivityThread(605): Service com.android.exchange.ExchangeService has leaked ServiceConnection com.android.emailcommon.service.ServiceProxy$ProxyConnection@40ec4f90 that was originally bound here
01-18 06:10:17.125: E/ActivityThread(605): android.app.ServiceConnectionLeaked: Service com.android.exchange.ExchangeService has leaked ServiceConnection com.android.emailcommon.service.ServiceProxy$ProxyConnection@40ec4f90 that was originally bound here
01-18 06:10:17.125: E/ActivityThread(605): 	at android.app.LoadedApk$ServiceDispatcher.<init>(LoadedApk.java:969)
01-18 06:10:17.125: E/ActivityThread(605): 	at android.app.LoadedApk.getServiceDispatcher(LoadedApk.java:863)
01-18 06:10:17.125: E/ActivityThread(605): 	at android.app.ContextImpl.bindService(ContextImpl.java:1418)
01-18 06:10:17.125: E/ActivityThread(605): 	at android.app.ContextImpl.bindService(ContextImpl.java:1407)
01-18 06:10:17.125: E/ActivityThread(605): 	at android.content.ContextWrapper.bindService(ContextWrapper.java:473)
01-18 06:10:17.125: E/ActivityThread(605): 	at com.android.emailcommon.service.ServiceProxy.setTask(ServiceProxy.java:157)
01-18 06:10:17.125: E/ActivityThread(605): 	at com.android.emailcommon.service.ServiceProxy.setTask(ServiceProxy.java:145)
01-18 06:10:17.125: E/ActivityThread(605): 	at com.android.emailcommon.service.AccountServiceProxy.getDeviceId(AccountServiceProxy.java:116)
01-18 06:10:17.125: E/ActivityThread(605): 	at com.android.exchange.ExchangeService.getDeviceId(ExchangeService.java:1249)
01-18 06:10:17.125: E/ActivityThread(605): 	at com.android.exchange.ExchangeService$7.run(ExchangeService.java:1856)
01-18 06:10:17.125: E/ActivityThread(605): 	at com.android.emailcommon.utility.Utility$2.doInBackground(Utility.java:551)
01-18 06:10:17.125: E/ActivityThread(605): 	at com.android.emailcommon.utility.Utility$2.doInBackground(Utility.java:549)
01-18 06:10:17.125: E/ActivityThread(605): 	at android.os.AsyncTask$2.call(AsyncTask.java:287)
01-18 06:10:17.125: E/ActivityThread(605): 	at java.util.concurrent.FutureTask.run(FutureTask.java:234)
01-18 06:10:17.125: E/ActivityThread(605): 	at java.util.concurrent.ThreadPoolExecutor.runWorker(ThreadPoolExecutor.java:1080)
01-18 06:10:17.125: E/ActivityThread(605): 	at java.util.concurrent.ThreadPoolExecutor$Worker.run(ThreadPoolExecutor.java:573)
01-18 06:10:17.125: E/ActivityThread(605): 	at java.lang.Thread.run(Thread.java:856)
01-18 06:10:17.135: E/StrictMode(605): null
01-18 06:10:17.135: E/StrictMode(605): android.app.ServiceConnectionLeaked: Service com.android.exchange.ExchangeService has leaked ServiceConnection com.android.emailcommon.service.ServiceProxy$ProxyConnection@40ec4f90 that was originally bound here
01-18 06:10:17.135: E/StrictMode(605): 	at android.app.LoadedApk$ServiceDispatcher.<init>(LoadedApk.java:969)
01-18 06:10:17.135: E/StrictMode(605): 	at android.app.LoadedApk.getServiceDispatcher(LoadedApk.java:863)
01-18 06:10:17.135: E/StrictMode(605): 	at android.app.ContextImpl.bindService(ContextImpl.java:1418)
01-18 06:10:17.135: E/StrictMode(605): 	at android.app.ContextImpl.bindService(ContextImpl.java:1407)
01-18 06:10:17.135: E/StrictMode(605): 	at android.content.ContextWrapper.bindService(ContextWrapper.java:473)
01-18 06:10:17.135: E/StrictMode(605): 	at com.android.emailcommon.service.ServiceProxy.setTask(ServiceProxy.java:157)
01-18 06:10:17.135: E/StrictMode(605): 	at com.android.emailcommon.service.ServiceProxy.setTask(ServiceProxy.java:145)
01-18 06:10:17.135: E/StrictMode(605): 	at com.android.emailcommon.service.AccountServiceProxy.getDeviceId(AccountServiceProxy.java:116)
01-18 06:10:17.135: E/StrictMode(605): 	at com.android.exchange.ExchangeService.getDeviceId(ExchangeService.java:1249)
01-18 06:10:17.135: E/StrictMode(605): 	at com.android.exchange.ExchangeService$7.run(ExchangeService.java:1856)
01-18 06:10:17.135: E/StrictMode(605): 	at com.android.emailcommon.utility.Utility$2.doInBackground(Utility.java:551)
01-18 06:10:17.135: E/StrictMode(605): 	at com.android.emailcommon.utility.Utility$2.doInBackground(Utility.java:549)
01-18 06:10:17.135: E/StrictMode(605): 	at android.os.AsyncTask$2.call(AsyncTask.java:287)
01-18 06:10:17.135: E/StrictMode(605): 	at java.util.concurrent.FutureTask.run(FutureTask.java:234)
01-18 06:10:17.135: E/StrictMode(605): 	at java.util.concurrent.ThreadPoolExecutor.runWorker(ThreadPoolExecutor.java:1080)
01-18 06:10:17.135: E/StrictMode(605): 	at java.util.concurrent.ThreadPoolExecutor$Worker.run(ThreadPoolExecutor.java:573)
01-18 06:10:17.135: E/StrictMode(605): 	at java.lang.Thread.run(Thread.java:856)
01-18 06:10:17.135: W/ActivityManager(279): Unbind failed: could not find connection for android.os.BinderProxy@41191170
01-18 06:10:17.145: E/ActivityThread(605): Service com.android.exchange.ExchangeService has leaked ServiceConnection com.android.emailcommon.service.ServiceProxy$ProxyConnection@40ed2820 that was originally bound here
01-18 06:10:17.145: E/ActivityThread(605): android.app.ServiceConnectionLeaked: Service com.android.exchange.ExchangeService has leaked ServiceConnection com.android.emailcommon.service.ServiceProxy$ProxyConnection@40ed2820 that was originally bound here
01-18 06:10:17.145: E/ActivityThread(605): 	at android.app.LoadedApk$ServiceDispatcher.<init>(LoadedApk.java:969)
01-18 06:10:17.145: E/ActivityThread(605): 	at android.app.LoadedApk.getServiceDispatcher(LoadedApk.java:863)
01-18 06:10:17.145: E/ActivityThread(605): 	at android.app.ContextImpl.bindService(ContextImpl.java:1418)
01-18 06:10:17.145: E/ActivityThread(605): 	at android.app.ContextImpl.bindService(ContextImpl.java:1407)
01-18 06:10:17.145: E/ActivityThread(605): 	at android.content.ContextWrapper.bindService(ContextWrapper.java:473)
01-18 06:10:17.145: E/ActivityThread(605): 	at com.android.emailcommon.service.ServiceProxy.setTask(ServiceProxy.java:157)
01-18 06:10:17.145: E/ActivityThread(605): 	at com.android.emailcommon.service.ServiceProxy.setTask(ServiceProxy.java:145)
01-18 06:10:17.145: E/ActivityThread(605): 	at com.android.emailcommon.service.ServiceProxy.test(ServiceProxy.java:191)
01-18 06:10:17.145: E/ActivityThread(605): 	at com.android.exchange.ExchangeService$7.run(ExchangeService.java:1850)
01-18 06:10:17.145: E/ActivityThread(605): 	at com.android.emailcommon.utility.Utility$2.doInBackground(Utility.java:551)
01-18 06:10:17.145: E/ActivityThread(605): 	at com.android.emailcommon.utility.Utility$2.doInBackground(Utility.java:549)
01-18 06:10:17.145: E/ActivityThread(605): 	at android.os.AsyncTask$2.call(AsyncTask.java:287)
01-18 06:10:17.145: E/ActivityThread(605): 	at java.util.concurrent.FutureTask.run(FutureTask.java:234)
01-18 06:10:17.145: E/ActivityThread(605): 	at java.util.concurrent.ThreadPoolExecutor.runWorker(ThreadPoolExecutor.java:1080)
01-18 06:10:17.145: E/ActivityThread(605): 	at java.util.concurrent.ThreadPoolExecutor$Worker.run(ThreadPoolExecutor.java:573)
01-18 06:10:17.145: E/ActivityThread(605): 	at java.lang.Thread.run(Thread.java:856)
01-18 06:10:17.155: E/StrictMode(605): null
01-18 06:10:17.155: E/StrictMode(605): android.app.ServiceConnectionLeaked: Service com.android.exchange.ExchangeService has leaked ServiceConnection com.android.emailcommon.service.ServiceProxy$ProxyConnection@40ed2820 that was originally bound here
01-18 06:10:17.155: E/StrictMode(605): 	at android.app.LoadedApk$ServiceDispatcher.<init>(LoadedApk.java:969)
01-18 06:10:17.155: E/StrictMode(605): 	at android.app.LoadedApk.getServiceDispatcher(LoadedApk.java:863)
01-18 06:10:17.155: E/StrictMode(605): 	at android.app.ContextImpl.bindService(ContextImpl.java:1418)
01-18 06:10:17.155: E/StrictMode(605): 	at android.app.ContextImpl.bindService(ContextImpl.java:1407)
01-18 06:10:17.155: E/StrictMode(605): 	at android.content.ContextWrapper.bindService(ContextWrapper.java:473)
01-18 06:10:17.155: E/StrictMode(605): 	at com.android.emailcommon.service.ServiceProxy.setTask(ServiceProxy.java:157)
01-18 06:10:17.155: E/StrictMode(605): 	at com.android.emailcommon.service.ServiceProxy.setTask(ServiceProxy.java:145)
01-18 06:10:17.155: E/StrictMode(605): 	at com.android.emailcommon.service.ServiceProxy.test(ServiceProxy.java:191)
01-18 06:10:17.155: E/StrictMode(605): 	at com.android.exchange.ExchangeService$7.run(ExchangeService.java:1850)
01-18 06:10:17.155: E/StrictMode(605): 	at com.android.emailcommon.utility.Utility$2.doInBackground(Utility.java:551)
01-18 06:10:17.155: E/StrictMode(605): 	at com.android.emailcommon.utility.Utility$2.doInBackground(Utility.java:549)
01-18 06:10:17.155: E/StrictMode(605): 	at android.os.AsyncTask$2.call(AsyncTask.java:287)
01-18 06:10:17.155: E/StrictMode(605): 	at java.util.concurrent.FutureTask.run(FutureTask.java:234)
01-18 06:10:17.155: E/StrictMode(605): 	at java.util.concurrent.ThreadPoolExecutor.runWorker(ThreadPoolExecutor.java:1080)
01-18 06:10:17.155: E/StrictMode(605): 	at java.util.concurrent.ThreadPoolExecutor$Worker.run(ThreadPoolExecutor.java:573)
01-18 06:10:17.155: E/StrictMode(605): 	at java.lang.Thread.run(Thread.java:856)
01-18 06:10:17.155: W/ActivityManager(279): Unbind failed: could not find connection for android.os.BinderProxy@411aab38
01-18 06:11:02.123: D/ExchangeService(605): Received deviceId from Email app: null
01-18 06:11:02.123: D/ExchangeService(605): !!! deviceId unknown; stopping self and retrying
01-18 06:11:07.135: D/ExchangeService(605): !!! EAS ExchangeService, onCreate
01-18 06:11:07.135: D/ExchangeService(605): !!! EAS ExchangeService, onStartCommand, startingUp = false, running = false
01-18 06:11:07.145: W/ActivityManager(279): Unable to start service Intent { act=com.android.email.ACCOUNT_INTENT } U=0: not found
01-18 06:11:07.155: D/ExchangeService(605): !!! EAS ExchangeService, onStartCommand, startingUp = true, running = false
01-18 06:11:07.155: D/ExchangeService(605): !!! Email application not found; stopping self
01-18 06:11:07.165: W/ActivityManager(279): Unable to start service Intent { act=com.android.email.ACCOUNT_INTENT } U=0: not found
01-18 06:11:07.175: E/ActivityThread(605): Service com.android.exchange.ExchangeService has leaked ServiceConnection com.android.emailcommon.service.ServiceProxy$ProxyConnection@40e933e0 that was originally bound here
01-18 06:11:07.175: E/ActivityThread(605): android.app.ServiceConnectionLeaked: Service com.android.exchange.ExchangeService has leaked ServiceConnection com.android.emailcommon.service.ServiceProxy$ProxyConnection@40e933e0 that was originally bound here
01-18 06:11:07.175: E/ActivityThread(605): 	at android.app.LoadedApk$ServiceDispatcher.<init>(LoadedApk.java:969)
01-18 06:11:07.175: E/ActivityThread(605): 	at android.app.LoadedApk.getServiceDispatcher(LoadedApk.java:863)
01-18 06:11:07.175: E/ActivityThread(605): 	at android.app.ContextImpl.bindService(ContextImpl.java:1418)
01-18 06:11:07.175: E/ActivityThread(605): 	at android.app.ContextImpl.bindService(ContextImpl.java:1407)
01-18 06:11:07.175: E/ActivityThread(605): 	at android.content.ContextWrapper.bindService(ContextWrapper.java:473)
01-18 06:11:07.175: E/ActivityThread(605): 	at com.android.emailcommon.service.ServiceProxy.setTask(ServiceProxy.java:157)
01-18 06:11:07.175: E/ActivityThread(605): 	at com.android.emailcommon.service.ServiceProxy.setTask(ServiceProxy.java:145)
01-18 06:11:07.175: E/ActivityThread(605): 	at com.android.emailcommon.service.AccountServiceProxy.getDeviceId(AccountServiceProxy.java:116)
01-18 06:11:07.175: E/ActivityThread(605): 	at com.android.exchange.ExchangeService.getDeviceId(ExchangeService.java:1249)
01-18 06:11:07.175: E/ActivityThread(605): 	at com.android.exchange.ExchangeService$7.run(ExchangeService.java:1856)
01-18 06:11:07.175: E/ActivityThread(605): 	at com.android.emailcommon.utility.Utility$2.doInBackground(Utility.java:551)
01-18 06:11:07.175: E/ActivityThread(605): 	at com.android.emailcommon.utility.Utility$2.doInBackground(Utility.java:549)
01-18 06:11:07.175: E/ActivityThread(605): 	at android.os.AsyncTask$2.call(AsyncTask.java:287)
01-18 06:11:07.175: E/ActivityThread(605): 	at java.util.concurrent.FutureTask.run(FutureTask.java:234)
01-18 06:11:07.175: E/ActivityThread(605): 	at java.util.concurrent.ThreadPoolExecutor.runWorker(ThreadPoolExecutor.java:1080)
01-18 06:11:07.175: E/ActivityThread(605): 	at java.util.concurrent.ThreadPoolExecutor$Worker.run(ThreadPoolExecutor.java:573)
01-18 06:11:07.175: E/ActivityThread(605): 	at java.lang.Thread.run(Thread.java:856)
01-18 06:11:07.205: E/StrictMode(605): null
01-18 06:11:07.205: E/StrictMode(605): android.app.ServiceConnectionLeaked: Service com.android.exchange.ExchangeService has leaked ServiceConnection com.android.emailcommon.service.ServiceProxy$ProxyConnection@40e933e0 that was originally bound here
01-18 06:11:07.205: E/StrictMode(605): 	at android.app.LoadedApk$ServiceDispatcher.<init>(LoadedApk.java:969)
01-18 06:11:07.205: E/StrictMode(605): 	at android.app.LoadedApk.getServiceDispatcher(LoadedApk.java:863)
01-18 06:11:07.205: E/StrictMode(605): 	at android.app.ContextImpl.bindService(ContextImpl.java:1418)
01-18 06:11:07.205: E/StrictMode(605): 	at android.app.ContextImpl.bindService(ContextImpl.java:1407)
01-18 06:11:07.205: E/StrictMode(605): 	at android.content.ContextWrapper.bindService(ContextWrapper.java:473)
01-18 06:11:07.205: E/StrictMode(605): 	at com.android.emailcommon.service.ServiceProxy.setTask(ServiceProxy.java:157)
01-18 06:11:07.205: E/StrictMode(605): 	at com.android.emailcommon.service.ServiceProxy.setTask(ServiceProxy.java:145)
01-18 06:11:07.205: E/StrictMode(605): 	at com.android.emailcommon.service.AccountServiceProxy.getDeviceId(AccountServiceProxy.java:116)
01-18 06:11:07.205: E/StrictMode(605): 	at com.android.exchange.ExchangeService.getDeviceId(ExchangeService.java:1249)
01-18 06:11:07.205: E/StrictMode(605): 	at com.android.exchange.ExchangeService$7.run(ExchangeService.java:1856)
01-18 06:11:07.205: E/StrictMode(605): 	at com.android.emailcommon.utility.Utility$2.doInBackground(Utility.java:551)
01-18 06:11:07.205: E/StrictMode(605): 	at com.android.emailcommon.utility.Utility$2.doInBackground(Utility.java:549)
01-18 06:11:07.205: E/StrictMode(605): 	at android.os.AsyncTask$2.call(AsyncTask.java:287)
01-18 06:11:07.205: E/StrictMode(605): 	at java.util.concurrent.FutureTask.run(FutureTask.java:234)
01-18 06:11:07.205: E/StrictMode(605): 	at java.util.concurrent.ThreadPoolExecutor.runWorker(ThreadPoolExecutor.java:1080)
01-18 06:11:07.205: E/StrictMode(605): 	at java.util.concurrent.ThreadPoolExecutor$Worker.run(ThreadPoolExecutor.java:573)
01-18 06:11:07.205: E/StrictMode(605): 	at java.lang.Thread.run(Thread.java:856)
01-18 06:11:07.205: W/ActivityManager(279): Unbind failed: could not find connection for android.os.BinderProxy@40ee01d0
01-18 06:11:07.215: E/ActivityThread(605): Service com.android.exchange.ExchangeService has leaked ServiceConnection com.android.emailcommon.service.ServiceProxy$ProxyConnection@40eafa38 that was originally bound here
01-18 06:11:07.215: E/ActivityThread(605): android.app.ServiceConnectionLeaked: Service com.android.exchange.ExchangeService has leaked ServiceConnection com.android.emailcommon.service.ServiceProxy$ProxyConnection@40eafa38 that was originally bound here
01-18 06:11:07.215: E/ActivityThread(605): 	at android.app.LoadedApk$ServiceDispatcher.<init>(LoadedApk.java:969)
01-18 06:11:07.215: E/ActivityThread(605): 	at android.app.LoadedApk.getServiceDispatcher(LoadedApk.java:863)
01-18 06:11:07.215: E/ActivityThread(605): 	at android.app.ContextImpl.bindService(ContextImpl.java:1418)
01-18 06:11:07.215: E/ActivityThread(605): 	at android.app.ContextImpl.bindService(ContextImpl.java:1407)
01-18 06:11:07.215: E/ActivityThread(605): 	at android.content.ContextWrapper.bindService(ContextWrapper.java:473)
01-18 06:11:07.215: E/ActivityThread(605): 	at com.android.emailcommon.service.ServiceProxy.setTask(ServiceProxy.java:157)
01-18 06:11:07.215: E/ActivityThread(605): 	at com.android.emailcommon.service.ServiceProxy.setTask(ServiceProxy.java:145)
01-18 06:11:07.215: E/ActivityThread(605): 	at com.android.emailcommon.service.ServiceProxy.test(ServiceProxy.java:191)
01-18 06:11:07.215: E/ActivityThread(605): 	at com.android.exchange.ExchangeService$7.run(ExchangeService.java:1850)
01-18 06:11:07.215: E/ActivityThread(605): 	at com.android.emailcommon.utility.Utility$2.doInBackground(Utility.java:551)
01-18 06:11:07.215: E/ActivityThread(605): 	at com.android.emailcommon.utility.Utility$2.doInBackground(Utility.java:549)
01-18 06:11:07.215: E/ActivityThread(605): 	at android.os.AsyncTask$2.call(AsyncTask.java:287)
01-18 06:11:07.215: E/ActivityThread(605): 	at java.util.concurrent.FutureTask.run(FutureTask.java:234)
01-18 06:11:07.215: E/ActivityThread(605): 	at java.util.concurrent.ThreadPoolExecutor.runWorker(ThreadPoolExecutor.java:1080)
01-18 06:11:07.215: E/ActivityThread(605): 	at java.util.concurrent.ThreadPoolExecutor$Worker.run(ThreadPoolExecutor.java:573)
01-18 06:11:07.215: E/ActivityThread(605): 	at java.lang.Thread.run(Thread.java:856)
01-18 06:11:07.235: E/StrictMode(605): null
01-18 06:11:07.235: E/StrictMode(605): android.app.ServiceConnectionLeaked: Service com.android.exchange.ExchangeService has leaked ServiceConnection com.android.emailcommon.service.ServiceProxy$ProxyConnection@40eafa38 that was originally bound here
01-18 06:11:07.235: E/StrictMode(605): 	at android.app.LoadedApk$ServiceDispatcher.<init>(LoadedApk.java:969)
01-18 06:11:07.235: E/StrictMode(605): 	at android.app.LoadedApk.getServiceDispatcher(LoadedApk.java:863)
01-18 06:11:07.235: E/StrictMode(605): 	at android.app.ContextImpl.bindService(ContextImpl.java:1418)
01-18 06:11:07.235: E/StrictMode(605): 	at android.app.ContextImpl.bindService(ContextImpl.java:1407)
01-18 06:11:07.235: E/StrictMode(605): 	at android.content.ContextWrapper.bindService(ContextWrapper.java:473)
01-18 06:11:07.235: E/StrictMode(605): 	at com.android.emailcommon.service.ServiceProxy.setTask(ServiceProxy.java:157)
01-18 06:11:07.235: E/StrictMode(605): 	at com.android.emailcommon.service.ServiceProxy.setTask(ServiceProxy.java:145)
01-18 06:11:07.235: E/StrictMode(605): 	at com.android.emailcommon.service.ServiceProxy.test(ServiceProxy.java:191)
01-18 06:11:07.235: E/StrictMode(605): 	at com.android.exchange.ExchangeService$7.run(ExchangeService.java:1850)
01-18 06:11:07.235: E/StrictMode(605): 	at com.android.emailcommon.utility.Utility$2.doInBackground(Utility.java:551)
01-18 06:11:07.235: E/StrictMode(605): 	at com.android.emailcommon.utility.Utility$2.doInBackground(Utility.java:549)
01-18 06:11:07.235: E/StrictMode(605): 	at android.os.AsyncTask$2.call(AsyncTask.java:287)
01-18 06:11:07.235: E/StrictMode(605): 	at java.util.concurrent.FutureTask.run(FutureTask.java:234)
01-18 06:11:07.235: E/StrictMode(605): 	at java.util.concurrent.ThreadPoolExecutor.runWorker(ThreadPoolExecutor.java:1080)
01-18 06:11:07.235: E/StrictMode(605): 	at java.util.concurrent.ThreadPoolExecutor$Worker.run(ThreadPoolExecutor.java:573)
01-18 06:11:07.235: E/StrictMode(605): 	at java.lang.Thread.run(Thread.java:856)
01-18 06:11:07.255: D/dalvikvm(605): GC_CONCURRENT freed 457K, 11% free 4462K/4976K, paused 5ms+5ms, total 70ms
01-18 06:11:07.265: W/ActivityManager(279): Unbind failed: could not find connection for android.os.BinderProxy@4118cf30
01-18 06:11:16.606: E/ThrottleService(279): problem during onPollAlarm: java.lang.IllegalStateException: problem parsing stats: java.io.FileNotFoundException: /proc/net/xt_qtaguid/iface_stat_all: open failed: ENOENT (No such file or directory)
01-18 06:11:52.175: D/ExchangeService(605): Received deviceId from Email app: null
01-18 06:11:52.175: D/ExchangeService(605): !!! deviceId unknown; stopping self and retrying
01-18 06:11:57.195: D/ExchangeService(605): !!! EAS ExchangeService, onStartCommand, startingUp = false, running = false
01-18 06:11:57.205: W/ActivityManager(279): Unable to start service Intent { act=com.android.email.ACCOUNT_INTENT } U=0: not found
01-18 06:11:57.205: D/ExchangeService(605): !!! Email application not found; stopping self
01-18 06:11:57.215: W/ActivityManager(279): Unable to start service Intent { act=com.android.email.ACCOUNT_INTENT } U=0: not found
01-18 06:11:57.225: E/ActivityThread(605): Service com.android.exchange.ExchangeService has leaked ServiceConnection com.android.emailcommon.service.ServiceProxy$ProxyConnection@40f11de8 that was originally bound here
01-18 06:11:57.225: E/ActivityThread(605): android.app.ServiceConnectionLeaked: Service com.android.exchange.ExchangeService has leaked ServiceConnection com.android.emailcommon.service.ServiceProxy$ProxyConnection@40f11de8 that was originally bound here
01-18 06:11:57.225: E/ActivityThread(605): 	at android.app.LoadedApk$ServiceDispatcher.<init>(LoadedApk.java:969)
01-18 06:11:57.225: E/ActivityThread(605): 	at android.app.LoadedApk.getServiceDispatcher(LoadedApk.java:863)
01-18 06:11:57.225: E/ActivityThread(605): 	at android.app.ContextImpl.bindService(ContextImpl.java:1418)
01-18 06:11:57.225: E/ActivityThread(605): 	at android.app.ContextImpl.bindService(ContextImpl.java:1407)
01-18 06:11:57.225: E/ActivityThread(605): 	at android.content.ContextWrapper.bindService(ContextWrapper.java:473)
01-18 06:11:57.225: E/ActivityThread(605): 	at com.android.emailcommon.service.ServiceProxy.setTask(ServiceProxy.java:157)
01-18 06:11:57.225: E/ActivityThread(605): 	at com.android.emailcommon.service.ServiceProxy.setTask(ServiceProxy.java:145)
01-18 06:11:57.225: E/ActivityThread(605): 	at com.android.emailcommon.service.AccountServiceProxy.getDeviceId(AccountServiceProxy.java:116)
01-18 06:11:57.225: E/ActivityThread(605): 	at com.android.exchange.ExchangeService.getDeviceId(ExchangeService.java:1249)
01-18 06:11:57.225: E/ActivityThread(605): 	at com.android.exchange.ExchangeService$7.run(ExchangeService.java:1856)
01-18 06:11:57.225: E/ActivityThread(605): 	at com.android.emailcommon.utility.Utility$2.doInBackground(Utility.java:551)
01-18 06:11:57.225: E/ActivityThread(605): 	at com.android.emailcommon.utility.Utility$2.doInBackground(Utility.java:549)
01-18 06:11:57.225: E/ActivityThread(605): 	at android.os.AsyncTask$2.call(AsyncTask.java:287)
01-18 06:11:57.225: E/ActivityThread(605): 	at java.util.concurrent.FutureTask.run(FutureTask.java:234)
01-18 06:11:57.225: E/ActivityThread(605): 	at java.util.concurrent.ThreadPoolExecutor.runWorker(ThreadPoolExecutor.java:1080)
01-18 06:11:57.225: E/ActivityThread(605): 	at java.util.concurrent.ThreadPoolExecutor$Worker.run(ThreadPoolExecutor.java:573)
01-18 06:11:57.225: E/ActivityThread(605): 	at java.lang.Thread.run(Thread.java:856)
01-18 06:11:57.235: E/StrictMode(605): null
01-18 06:11:57.235: E/StrictMode(605): android.app.ServiceConnectionLeaked: Service com.android.exchange.ExchangeService has leaked ServiceConnection com.android.emailcommon.service.ServiceProxy$ProxyConnection@40f11de8 that was originally bound here
01-18 06:11:57.235: E/StrictMode(605): 	at android.app.LoadedApk$ServiceDispatcher.<init>(LoadedApk.java:969)
01-18 06:11:57.235: E/StrictMode(605): 	at android.app.LoadedApk.getServiceDispatcher(LoadedApk.java:863)
01-18 06:11:57.235: E/StrictMode(605): 	at android.app.ContextImpl.bindService(ContextImpl.java:1418)
01-18 06:11:57.235: E/StrictMode(605): 	at android.app.ContextImpl.bindService(ContextImpl.java:1407)
01-18 06:11:57.235: E/StrictMode(605): 	at android.content.ContextWrapper.bindService(ContextWrapper.java:473)
01-18 06:11:57.235: E/StrictMode(605): 	at com.android.emailcommon.service.ServiceProxy.setTask(ServiceProxy.java:157)
01-18 06:11:57.235: E/StrictMode(605): 	at com.android.emailcommon.service.ServiceProxy.setTask(ServiceProxy.java:145)
01-18 06:11:57.235: E/StrictMode(605): 	at com.android.emailcommon.service.AccountServiceProxy.getDeviceId(AccountServiceProxy.java:116)
01-18 06:11:57.235: E/StrictMode(605): 	at com.android.exchange.ExchangeService.getDeviceId(ExchangeService.java:1249)
01-18 06:11:57.235: E/StrictMode(605): 	at com.android.exchange.ExchangeService$7.run(ExchangeService.java:1856)
01-18 06:11:57.235: E/StrictMode(605): 	at com.android.emailcommon.utility.Utility$2.doInBackground(Utility.java:551)
01-18 06:11:57.235: E/StrictMode(605): 	at com.android.emailcommon.utility.Utility$2.doInBackground(Utility.java:549)
01-18 06:11:57.235: E/StrictMode(605): 	at android.os.AsyncTask$2.call(AsyncTask.java:287)
01-18 06:11:57.235: E/StrictMode(605): 	at java.util.concurrent.FutureTask.run(FutureTask.java:234)
01-18 06:11:57.235: E/StrictMode(605): 	at java.util.concurrent.ThreadPoolExecutor.runWorker(ThreadPoolExecutor.java:1080)
01-18 06:11:57.235: E/StrictMode(605): 	at java.util.concurrent.ThreadPoolExecutor$Worker.run(ThreadPoolExecutor.java:573)
01-18 06:11:57.235: E/StrictMode(605): 	at java.lang.Thread.run(Thread.java:856)
01-18 06:11:57.235: W/ActivityManager(279): Unbind failed: could not find connection for android.os.BinderProxy@41107638
01-18 06:11:57.245: E/ActivityThread(605): Service com.android.exchange.ExchangeService has leaked ServiceConnection com.android.emailcommon.service.ServiceProxy$ProxyConnection@40f12748 that was originally bound here
01-18 06:11:57.245: E/ActivityThread(605): android.app.ServiceConnectionLeaked: Service com.android.exchange.ExchangeService has leaked ServiceConnection com.android.emailcommon.service.ServiceProxy$ProxyConnection@40f12748 that was originally bound here
01-18 06:11:57.245: E/ActivityThread(605): 	at android.app.LoadedApk$ServiceDispatcher.<init>(LoadedApk.java:969)
01-18 06:11:57.245: E/ActivityThread(605): 	at android.app.LoadedApk.getServiceDispatcher(LoadedApk.java:863)
01-18 06:11:57.245: E/ActivityThread(605): 	at android.app.ContextImpl.bindService(ContextImpl.java:1418)
01-18 06:11:57.245: E/ActivityThread(605): 	at android.app.ContextImpl.bindService(ContextImpl.java:1407)
01-18 06:11:57.245: E/ActivityThread(605): 	at android.content.ContextWrapper.bindService(ContextWrapper.java:473)
01-18 06:11:57.245: E/ActivityThread(605): 	at com.android.emailcommon.service.ServiceProxy.setTask(ServiceProxy.java:157)
01-18 06:11:57.245: E/ActivityThread(605): 	at com.android.emailcommon.service.ServiceProxy.setTask(ServiceProxy.java:145)
01-18 06:11:57.245: E/ActivityThread(605): 	at com.android.emailcommon.service.ServiceProxy.test(ServiceProxy.java:191)
01-18 06:11:57.245: E/ActivityThread(605): 	at com.android.exchange.ExchangeService$7.run(ExchangeService.java:1850)
01-18 06:11:57.245: E/ActivityThread(605): 	at com.android.emailcommon.utility.Utility$2.doInBackground(Utility.java:551)
01-18 06:11:57.245: E/ActivityThread(605): 	at com.android.emailcommon.utility.Utility$2.doInBackground(Utility.java:549)
01-18 06:11:57.245: E/ActivityThread(605): 	at android.os.AsyncTask$2.call(AsyncTask.java:287)
01-18 06:11:57.245: E/ActivityThread(605): 	at java.util.concurrent.FutureTask.run(FutureTask.java:234)
01-18 06:11:57.245: E/ActivityThread(605): 	at java.util.concurrent.ThreadPoolExecutor.runWorker(ThreadPoolExecutor.java:1080)
01-18 06:11:57.245: E/ActivityThread(605): 	at java.util.concurrent.ThreadPoolExecutor$Worker.run(ThreadPoolExecutor.java:573)
01-18 06:11:57.245: E/ActivityThread(605): 	at java.lang.Thread.run(Thread.java:856)
01-18 06:11:57.255: E/StrictMode(605): null
01-18 06:11:57.255: E/StrictMode(605): android.app.ServiceConnectionLeaked: Service com.android.exchange.ExchangeService has leaked ServiceConnection com.android.emailcommon.service.ServiceProxy$ProxyConnection@40f12748 that was originally bound here
01-18 06:11:57.255: E/StrictMode(605): 	at android.app.LoadedApk$ServiceDispatcher.<init>(LoadedApk.java:969)
01-18 06:11:57.255: E/StrictMode(605): 	at android.app.LoadedApk.getServiceDispatcher(LoadedApk.java:863)
01-18 06:11:57.255: E/StrictMode(605): 	at android.app.ContextImpl.bindService(ContextImpl.java:1418)
01-18 06:11:57.255: E/StrictMode(605): 	at android.app.ContextImpl.bindService(ContextImpl.java:1407)
01-18 06:11:57.255: E/StrictMode(605): 	at android.content.ContextWrapper.bindService(ContextWrapper.java:473)
01-18 06:11:57.255: E/StrictMode(605): 	at com.android.emailcommon.service.ServiceProxy.setTask(ServiceProxy.java:157)
01-18 06:11:57.255: E/StrictMode(605): 	at com.android.emailcommon.service.ServiceProxy.setTask(ServiceProxy.java:145)
01-18 06:11:57.255: E/StrictMode(605): 	at com.android.emailcommon.service.ServiceProxy.test(ServiceProxy.java:191)
01-18 06:11:57.255: E/StrictMode(605): 	at com.android.exchange.ExchangeService$7.run(ExchangeService.java:1850)
01-18 06:11:57.255: E/StrictMode(605): 	at com.android.emailcommon.utility.Utility$2.doInBackground(Utility.java:551)
01-18 06:11:57.255: E/StrictMode(605): 	at com.android.emailcommon.utility.Utility$2.doInBackground(Utility.java:549)
01-18 06:11:57.255: E/StrictMode(605): 	at android.os.AsyncTask$2.call(AsyncTask.java:287)
01-18 06:11:57.255: E/StrictMode(605): 	at java.util.concurrent.FutureTask.run(FutureTask.java:234)
01-18 06:11:57.255: E/StrictMode(605): 	at java.util.concurrent.ThreadPoolExecutor.runWorker(ThreadPoolExecutor.java:1080)
01-18 06:11:57.255: E/StrictMode(605): 	at java.util.concurrent.ThreadPoolExecutor$Worker.run(ThreadPoolExecutor.java:573)
01-18 06:11:57.255: E/StrictMode(605): 	at java.lang.Thread.run(Thread.java:856)
01-18 06:11:57.255: W/ActivityManager(279): Unbind failed: could not find connection for android.os.BinderProxy@411f8418
01-18 06:12:42.228: D/ExchangeService(605): Received deviceId from Email app: null
01-18 06:12:42.228: D/ExchangeService(605): !!! deviceId unknown; stopping self and retrying
01-18 06:12:47.245: D/ExchangeService(605): !!! EAS ExchangeService, onCreate
01-18 06:12:47.245: D/ExchangeService(605): !!! EAS ExchangeService, onStartCommand, startingUp = false, running = false
01-18 06:12:47.245: D/ExchangeService(605): !!! EAS ExchangeService, onStartCommand, startingUp = true, running = false
01-18 06:12:47.255: W/ActivityManager(279): Unable to start service Intent { act=com.android.email.ACCOUNT_INTENT } U=0: not found
01-18 06:12:47.255: D/ExchangeService(605): !!! Email application not found; stopping self
01-18 06:12:47.275: W/ActivityManager(279): Unable to start service Intent { act=com.android.email.ACCOUNT_INTENT } U=0: not found
01-18 06:12:47.285: E/ActivityThread(605): Service com.android.exchange.ExchangeService has leaked ServiceConnection com.android.emailcommon.service.ServiceProxy$ProxyConnection@40ecb448 that was originally bound here
01-18 06:12:47.285: E/ActivityThread(605): android.app.ServiceConnectionLeaked: Service com.android.exchange.ExchangeService has leaked ServiceConnection com.android.emailcommon.service.ServiceProxy$ProxyConnection@40ecb448 that was originally bound here
01-18 06:12:47.285: E/ActivityThread(605): 	at android.app.LoadedApk$ServiceDispatcher.<init>(LoadedApk.java:969)
01-18 06:12:47.285: E/ActivityThread(605): 	at android.app.LoadedApk.getServiceDispatcher(LoadedApk.java:863)
01-18 06:12:47.285: E/ActivityThread(605): 	at android.app.ContextImpl.bindService(ContextImpl.java:1418)
01-18 06:12:47.285: E/ActivityThread(605): 	at android.app.ContextImpl.bindService(ContextImpl.java:1407)
01-18 06:12:47.285: E/ActivityThread(605): 	at android.content.ContextWrapper.bindService(ContextWrapper.java:473)
01-18 06:12:47.285: E/ActivityThread(605): 	at com.android.emailcommon.service.ServiceProxy.setTask(ServiceProxy.java:157)
01-18 06:12:47.285: E/ActivityThread(605): 	at com.android.emailcommon.service.ServiceProxy.setTask(ServiceProxy.java:145)
01-18 06:12:47.285: E/ActivityThread(605): 	at com.android.emailcommon.service.AccountServiceProxy.getDeviceId(AccountServiceProxy.java:116)
01-18 06:12:47.285: E/ActivityThread(605): 	at com.android.exchange.ExchangeService.getDeviceId(ExchangeService.java:1249)
01-18 06:12:47.285: E/ActivityThread(605): 	at com.android.exchange.ExchangeService$7.run(ExchangeService.java:1856)
01-18 06:12:47.285: E/ActivityThread(605): 	at com.android.emailcommon.utility.Utility$2.doInBackground(Utility.java:551)
01-18 06:12:47.285: E/ActivityThread(605): 	at com.android.emailcommon.utility.Utility$2.doInBackground(Utility.java:549)
01-18 06:12:47.285: E/ActivityThread(605): 	at android.os.AsyncTask$2.call(AsyncTask.java:287)
01-18 06:12:47.285: E/ActivityThread(605): 	at java.util.concurrent.FutureTask.run(FutureTask.java:234)
01-18 06:12:47.285: E/ActivityThread(605): 	at java.util.concurrent.ThreadPoolExecutor.runWorker(ThreadPoolExecutor.java:1080)
01-18 06:12:47.285: E/ActivityThread(605): 	at java.util.concurrent.ThreadPoolExecutor$Worker.run(ThreadPoolExecutor.java:573)
01-18 06:12:47.285: E/ActivityThread(605): 	at java.lang.Thread.run(Thread.java:856)
01-18 06:12:47.295: E/StrictMode(605): null
01-18 06:12:47.295: E/StrictMode(605): android.app.ServiceConnectionLeaked: Service com.android.exchange.ExchangeService has leaked ServiceConnection com.android.emailcommon.service.ServiceProxy$ProxyConnection@40ecb448 that was originally bound here
01-18 06:12:47.295: E/StrictMode(605): 	at android.app.LoadedApk$ServiceDispatcher.<init>(LoadedApk.java:969)
01-18 06:12:47.295: E/StrictMode(605): 	at android.app.LoadedApk.getServiceDispatcher(LoadedApk.java:863)
01-18 06:12:47.295: E/StrictMode(605): 	at android.app.ContextImpl.bindService(ContextImpl.java:1418)
01-18 06:12:47.295: E/StrictMode(605): 	at android.app.ContextImpl.bindService(ContextImpl.java:1407)
01-18 06:12:47.295: E/StrictMode(605): 	at android.content.ContextWrapper.bindService(ContextWrapper.java:473)
01-18 06:12:47.295: E/StrictMode(605): 	at com.android.emailcommon.service.ServiceProxy.setTask(ServiceProxy.java:157)
01-18 06:12:47.295: E/StrictMode(605): 	at com.android.emailcommon.service.ServiceProxy.setTask(ServiceProxy.java:145)
01-18 06:12:47.295: E/StrictMode(605): 	at com.android.emailcommon.service.AccountServiceProxy.getDeviceId(AccountServiceProxy.java:116)
01-18 06:12:47.295: E/StrictMode(605): 	at com.android.exchange.ExchangeService.getDeviceId(ExchangeService.java:1249)
01-18 06:12:47.295: E/StrictMode(605): 	at com.android.exchange.ExchangeService$7.run(ExchangeService.java:1856)
01-18 06:12:47.295: E/StrictMode(605): 	at com.android.emailcommon.utility.Utility$2.doInBackground(Utility.java:551)
01-18 06:12:47.295: E/StrictMode(605): 	at com.android.emailcommon.utility.Utility$2.doInBackground(Utility.java:549)
01-18 06:12:47.295: E/StrictMode(605): 	at android.os.AsyncTask$2.call(AsyncTask.java:287)
01-18 06:12:47.295: E/StrictMode(605): 	at java.util.concurrent.FutureTask.run(FutureTask.java:234)
01-18 06:12:47.295: E/StrictMode(605): 	at java.util.concurrent.ThreadPoolExecutor.runWorker(ThreadPoolExecutor.java:1080)
01-18 06:12:47.295: E/StrictMode(605): 	at java.util.concurrent.ThreadPoolExecutor$Worker.run(ThreadPoolExecutor.java:573)
01-18 06:12:47.295: E/StrictMode(605): 	at java.lang.Thread.run(Thread.java:856)
01-18 06:12:47.295: W/ActivityManager(279): Unbind failed: could not find connection for android.os.BinderProxy@411ddb60
01-18 06:12:47.306: E/ActivityThread(605): Service com.android.exchange.ExchangeService has leaked ServiceConnection com.android.emailcommon.service.ServiceProxy$ProxyConnection@40ed2100 that was originally bound here
01-18 06:12:47.306: E/ActivityThread(605): android.app.ServiceConnectionLeaked: Service com.android.exchange.ExchangeService has leaked ServiceConnection com.android.emailcommon.service.ServiceProxy$ProxyConnection@40ed2100 that was originally bound here
01-18 06:12:47.306: E/ActivityThread(605): 	at android.app.LoadedApk$ServiceDispatcher.<init>(LoadedApk.java:969)
01-18 06:12:47.306: E/ActivityThread(605): 	at android.app.LoadedApk.getServiceDispatcher(LoadedApk.java:863)
01-18 06:12:47.306: E/ActivityThread(605): 	at android.app.ContextImpl.bindService(ContextImpl.java:1418)
01-18 06:12:47.306: E/ActivityThread(605): 	at android.app.ContextImpl.bindService(ContextImpl.java:1407)
01-18 06:12:47.306: E/ActivityThread(605): 	at android.content.ContextWrapper.bindService(ContextWrapper.java:473)
01-18 06:12:47.306: E/ActivityThread(605): 	at com.android.emailcommon.service.ServiceProxy.setTask(ServiceProxy.java:157)
01-18 06:12:47.306: E/ActivityThread(605): 	at com.android.emailcommon.service.ServiceProxy.setTask(ServiceProxy.java:145)
01-18 06:12:47.306: E/ActivityThread(605): 	at com.android.emailcommon.service.ServiceProxy.test(ServiceProxy.java:191)
01-18 06:12:47.306: E/ActivityThread(605): 	at com.android.exchange.ExchangeService$7.run(ExchangeService.java:1850)
01-18 06:12:47.306: E/ActivityThread(605): 	at com.android.emailcommon.utility.Utility$2.doInBackground(Utility.java:551)
01-18 06:12:47.306: E/ActivityThread(605): 	at com.android.emailcommon.utility.Utility$2.doInBackground(Utility.java:549)
01-18 06:12:47.306: E/ActivityThread(605): 	at android.os.AsyncTask$2.call(AsyncTask.java:287)
01-18 06:12:47.306: E/ActivityThread(605): 	at java.util.concurrent.FutureTask.run(FutureTask.java:234)
01-18 06:12:47.306: E/ActivityThread(605): 	at java.util.concurrent.ThreadPoolExecutor.runWorker(ThreadPoolExecutor.java:1080)
01-18 06:12:47.306: E/ActivityThread(605): 	at java.util.concurrent.ThreadPoolExecutor$Worker.run(ThreadPoolExecutor.java:573)
01-18 06:12:47.306: E/ActivityThread(605): 	at java.lang.Thread.run(Thread.java:856)
01-18 06:12:47.315: E/StrictMode(605): null
01-18 06:12:47.315: E/StrictMode(605): android.app.ServiceConnectionLeaked: Service com.android.exchange.ExchangeService has leaked ServiceConnection com.android.emailcommon.service.ServiceProxy$ProxyConnection@40ed2100 that was originally bound here
01-18 06:12:47.315: E/StrictMode(605): 	at android.app.LoadedApk$ServiceDispatcher.<init>(LoadedApk.java:969)
01-18 06:12:47.315: E/StrictMode(605): 	at android.app.LoadedApk.getServiceDispatcher(LoadedApk.java:863)
01-18 06:12:47.315: E/StrictMode(605): 	at android.app.ContextImpl.bindService(ContextImpl.java:1418)
01-18 06:12:47.315: E/StrictMode(605): 	at android.app.ContextImpl.bindService(ContextImpl.java:1407)
01-18 06:12:47.315: E/StrictMode(605): 	at android.content.ContextWrapper.bindService(ContextWrapper.java:473)
01-18 06:12:47.315: E/StrictMode(605): 	at com.android.emailcommon.service.ServiceProxy.setTask(ServiceProxy.java:157)
01-18 06:12:47.315: E/StrictMode(605): 	at com.android.emailcommon.service.ServiceProxy.setTask(ServiceProxy.java:145)
01-18 06:12:47.315: E/StrictMode(605): 	at com.android.emailcommon.service.ServiceProxy.test(ServiceProxy.java:191)
01-18 06:12:47.315: E/StrictMode(605): 	at com.android.exchange.ExchangeService$7.run(ExchangeService.java:1850)
01-18 06:12:47.315: E/StrictMode(605): 	at com.android.emailcommon.utility.Utility$2.doInBackground(Utility.java:551)
01-18 06:12:47.315: E/StrictMode(605): 	at com.android.emailcommon.utility.Utility$2.doInBackground(Utility.java:549)
01-18 06:12:47.315: E/StrictMode(605): 	at android.os.AsyncTask$2.call(AsyncTask.java:287)
01-18 06:12:47.315: E/StrictMode(605): 	at java.util.concurrent.FutureTask.run(FutureTask.java:234)
01-18 06:12:47.315: E/StrictMode(605): 	at java.util.concurrent.ThreadPoolExecutor.runWorker(ThreadPoolExecutor.java:1080)
01-18 06:12:47.315: E/StrictMode(605): 	at java.util.concurrent.ThreadPoolExecutor$Worker.run(ThreadPoolExecutor.java:573)
01-18 06:12:47.315: E/StrictMode(605): 	at java.lang.Thread.run(Thread.java:856)
01-18 06:12:47.315: W/ActivityManager(279): Unbind failed: could not find connection for android.os.BinderProxy@411586a0
01-18 06:13:32.285: D/ExchangeService(605): Received deviceId from Email app: null
01-18 06:13:32.285: D/ExchangeService(605): !!! deviceId unknown; stopping self and retrying
01-18 06:13:37.305: D/ExchangeService(605): !!! EAS ExchangeService, onStartCommand, startingUp = false, running = false
01-18 06:13:37.305: W/ActivityManager(279): Unable to start service Intent { act=com.android.email.ACCOUNT_INTENT } U=0: not found
01-18 06:13:37.305: D/ExchangeService(605): !!! Email application not found; stopping self
01-18 06:13:37.325: W/ActivityManager(279): Unable to start service Intent { act=com.android.email.ACCOUNT_INTENT } U=0: not found
01-18 06:13:37.335: E/ActivityThread(605): Service com.android.exchange.ExchangeService has leaked ServiceConnection com.android.emailcommon.service.ServiceProxy$ProxyConnection@40ee10d0 that was originally bound here
01-18 06:13:37.335: E/ActivityThread(605): android.app.ServiceConnectionLeaked: Service com.android.exchange.ExchangeService has leaked ServiceConnection com.android.emailcommon.service.ServiceProxy$ProxyConnection@40ee10d0 that was originally bound here
01-18 06:13:37.335: E/ActivityThread(605): 	at android.app.LoadedApk$ServiceDispatcher.<init>(LoadedApk.java:969)
01-18 06:13:37.335: E/ActivityThread(605): 	at android.app.LoadedApk.getServiceDispatcher(LoadedApk.java:863)
01-18 06:13:37.335: E/ActivityThread(605): 	at android.app.ContextImpl.bindService(ContextImpl.java:1418)
01-18 06:13:37.335: E/ActivityThread(605): 	at android.app.ContextImpl.bindService(ContextImpl.java:1407)
01-18 06:13:37.335: E/ActivityThread(605): 	at android.content.ContextWrapper.bindService(ContextWrapper.java:473)
01-18 06:13:37.335: E/ActivityThread(605): 	at com.android.emailcommon.service.ServiceProxy.setTask(ServiceProxy.java:157)
01-18 06:13:37.335: E/ActivityThread(605): 	at com.android.emailcommon.service.ServiceProxy.setTask(ServiceProxy.java:145)
01-18 06:13:37.335: E/ActivityThread(605): 	at com.android.emailcommon.service.AccountServiceProxy.getDeviceId(AccountServiceProxy.java:116)
01-18 06:13:37.335: E/ActivityThread(605): 	at com.android.exchange.ExchangeService.getDeviceId(ExchangeService.java:1249)
01-18 06:13:37.335: E/ActivityThread(605): 	at com.android.exchange.ExchangeService$7.run(ExchangeService.java:1856)
01-18 06:13:37.335: E/ActivityThread(605): 	at com.android.emailcommon.utility.Utility$2.doInBackground(Utility.java:551)
01-18 06:13:37.335: E/ActivityThread(605): 	at com.android.emailcommon.utility.Utility$2.doInBackground(Utility.java:549)
01-18 06:13:37.335: E/ActivityThread(605): 	at android.os.AsyncTask$2.call(AsyncTask.java:287)
01-18 06:13:37.335: E/ActivityThread(605): 	at java.util.concurrent.FutureTask.run(FutureTask.java:234)
01-18 06:13:37.335: E/ActivityThread(605): 	at java.util.concurrent.ThreadPoolExecutor.runWorker(ThreadPoolExecutor.java:1080)
01-18 06:13:37.335: E/ActivityThread(605): 	at java.util.concurrent.ThreadPoolExecutor$Worker.run(ThreadPoolExecutor.java:573)
01-18 06:13:37.335: E/ActivityThread(605): 	at java.lang.Thread.run(Thread.java:856)
01-18 06:13:37.345: E/StrictMode(605): null
01-18 06:13:37.345: E/StrictMode(605): android.app.ServiceConnectionLeaked: Service com.android.exchange.ExchangeService has leaked ServiceConnection com.android.emailcommon.service.ServiceProxy$ProxyConnection@40ee10d0 that was originally bound here
01-18 06:13:37.345: E/StrictMode(605): 	at android.app.LoadedApk$ServiceDispatcher.<init>(LoadedApk.java:969)
01-18 06:13:37.345: E/StrictMode(605): 	at android.app.LoadedApk.getServiceDispatcher(LoadedApk.java:863)
01-18 06:13:37.345: E/StrictMode(605): 	at android.app.ContextImpl.bindService(ContextImpl.java:1418)
01-18 06:13:37.345: E/StrictMode(605): 	at android.app.ContextImpl.bindService(ContextImpl.java:1407)
01-18 06:13:37.345: E/StrictMode(605): 	at android.content.ContextWrapper.bindService(ContextWrapper.java:473)
01-18 06:13:37.345: E/StrictMode(605): 	at com.android.emailcommon.service.ServiceProxy.setTask(ServiceProxy.java:157)
01-18 06:13:37.345: E/StrictMode(605): 	at com.android.emailcommon.service.ServiceProxy.setTask(ServiceProxy.java:145)
01-18 06:13:37.345: E/StrictMode(605): 	at com.android.emailcommon.service.AccountServiceProxy.getDeviceId(AccountServiceProxy.java:116)
01-18 06:13:37.345: E/StrictMode(605): 	at com.android.exchange.ExchangeService.getDeviceId(ExchangeService.java:1249)
01-18 06:13:37.345: E/StrictMode(605): 	at com.android.exchange.ExchangeService$7.run(ExchangeService.java:1856)
01-18 06:13:37.345: E/StrictMode(605): 	at com.android.emailcommon.utility.Utility$2.doInBackground(Utility.java:551)
01-18 06:13:37.345: E/StrictMode(605): 	at com.android.emailcommon.utility.Utility$2.doInBackground(Utility.java:549)
01-18 06:13:37.345: E/StrictMode(605): 	at android.os.AsyncTask$2.call(AsyncTask.java:287)
01-18 06:13:37.345: E/StrictMode(605): 	at java.util.concurrent.FutureTask.run(FutureTask.java:234)
01-18 06:13:37.345: E/StrictMode(605): 	at java.util.concurrent.ThreadPoolExecutor.runWorker(ThreadPoolExecutor.java:1080)
01-18 06:13:37.345: E/StrictMode(605): 	at java.util.concurrent.ThreadPoolExecutor$Worker.run(ThreadPoolExecutor.java:573)
01-18 06:13:37.345: E/StrictMode(605): 	at java.lang.Thread.run(Thread.java:856)
01-18 06:13:37.365: W/ActivityManager(279): Unbind failed: could not find connection for android.os.BinderProxy@4117d820
01-18 06:13:37.365: E/ActivityThread(605): Service com.android.exchange.ExchangeService has leaked ServiceConnection com.android.emailcommon.service.ServiceProxy$ProxyConnection@40eb9210 that was originally bound here
01-18 06:13:37.365: E/ActivityThread(605): android.app.ServiceConnectionLeaked: Service com.android.exchange.ExchangeService has leaked ServiceConnection com.android.emailcommon.service.ServiceProxy$ProxyConnection@40eb9210 that was originally bound here
01-18 06:13:37.365: E/ActivityThread(605): 	at android.app.LoadedApk$ServiceDispatcher.<init>(LoadedApk.java:969)
01-18 06:13:37.365: E/ActivityThread(605): 	at android.app.LoadedApk.getServiceDispatcher(LoadedApk.java:863)
01-18 06:13:37.365: E/ActivityThread(605): 	at android.app.ContextImpl.bindService(ContextImpl.java:1418)
01-18 06:13:37.365: E/ActivityThread(605): 	at android.app.ContextImpl.bindService(ContextImpl.java:1407)
01-18 06:13:37.365: E/ActivityThread(605): 	at android.content.ContextWrapper.bindService(ContextWrapper.java:473)
01-18 06:13:37.365: E/ActivityThread(605): 	at com.android.emailcommon.service.ServiceProxy.setTask(ServiceProxy.java:157)
01-18 06:13:37.365: E/ActivityThread(605): 	at com.android.emailcommon.service.ServiceProxy.setTask(ServiceProxy.java:145)
01-18 06:13:37.365: E/ActivityThread(605): 	at com.android.emailcommon.service.ServiceProxy.test(ServiceProxy.java:191)
01-18 06:13:37.365: E/ActivityThread(605): 	at com.android.exchange.ExchangeService$7.run(ExchangeService.java:1850)
01-18 06:13:37.365: E/ActivityThread(605): 	at com.android.emailcommon.utility.Utility$2.doInBackground(Utility.java:551)
01-18 06:13:37.365: E/ActivityThread(605): 	at com.android.emailcommon.utility.Utility$2.doInBackground(Utility.java:549)
01-18 06:13:37.365: E/ActivityThread(605): 	at android.os.AsyncTask$2.call(AsyncTask.java:287)
01-18 06:13:37.365: E/ActivityThread(605): 	at java.util.concurrent.FutureTask.run(FutureTask.java:234)
01-18 06:13:37.365: E/ActivityThread(605): 	at java.util.concurrent.ThreadPoolExecutor.runWorker(ThreadPoolExecutor.java:1080)
01-18 06:13:37.365: E/ActivityThread(605): 	at java.util.concurrent.ThreadPoolExecutor$Worker.run(ThreadPoolExecutor.java:573)
01-18 06:13:37.365: E/ActivityThread(605): 	at java.lang.Thread.run(Thread.java:856)
01-18 06:13:37.386: E/StrictMode(605): null
01-18 06:13:37.386: E/StrictMode(605): android.app.ServiceConnectionLeaked: Service com.android.exchange.ExchangeService has leaked ServiceConnection com.android.emailcommon.service.ServiceProxy$ProxyConnection@40eb9210 that was originally bound here
01-18 06:13:37.386: E/StrictMode(605): 	at android.app.LoadedApk$ServiceDispatcher.<init>(LoadedApk.java:969)
01-18 06:13:37.386: E/StrictMode(605): 	at android.app.LoadedApk.getServiceDispatcher(LoadedApk.java:863)
01-18 06:13:37.386: E/StrictMode(605): 	at android.app.ContextImpl.bindService(ContextImpl.java:1418)
01-18 06:13:37.386: E/StrictMode(605): 	at android.app.ContextImpl.bindService(ContextImpl.java:1407)
01-18 06:13:37.386: E/StrictMode(605): 	at android.content.ContextWrapper.bindService(ContextWrapper.java:473)
01-18 06:13:37.386: E/StrictMode(605): 	at com.android.emailcommon.service.ServiceProxy.setTask(ServiceProxy.java:157)
01-18 06:13:37.386: E/StrictMode(605): 	at com.android.emailcommon.service.ServiceProxy.setTask(ServiceProxy.java:145)
01-18 06:13:37.386: E/StrictMode(605): 	at com.android.emailcommon.service.ServiceProxy.test(ServiceProxy.java:191)
01-18 06:13:37.386: E/StrictMode(605): 	at com.android.exchange.ExchangeService$7.run(ExchangeService.java:1850)
01-18 06:13:37.386: E/StrictMode(605): 	at com.android.emailcommon.utility.Utility$2.doInBackground(Utility.java:551)
01-18 06:13:37.386: E/StrictMode(605): 	at com.android.emailcommon.utility.Utility$2.doInBackground(Utility.java:549)
01-18 06:13:37.386: E/StrictMode(605): 	at android.os.AsyncTask$2.call(AsyncTask.java:287)
01-18 06:13:37.386: E/StrictMode(605): 	at java.util.concurrent.FutureTask.run(FutureTask.java:234)
01-18 06:13:37.386: E/StrictMode(605): 	at java.util.concurrent.ThreadPoolExecutor.runWorker(ThreadPoolExecutor.java:1080)
01-18 06:13:37.386: E/StrictMode(605): 	at java.util.concurrent.ThreadPoolExecutor$Worker.run(ThreadPoolExecutor.java:573)
01-18 06:13:37.386: E/StrictMode(605): 	at java.lang.Thread.run(Thread.java:856)
01-18 06:13:37.405: W/ActivityManager(279): Unbind failed: could not find connection for android.os.BinderProxy@410d83b8
