01-18 06:39:29.996: E/StrictMode(605): 	at android.app.ContextImpl.bindService(ContextImpl.java:1418)
01-18 06:39:29.996: E/StrictMode(605): 	at android.app.ContextImpl.bindService(ContextImpl.java:1407)
01-18 06:39:29.996: E/StrictMode(605): 	at android.content.ContextWrapper.bindService(ContextWrapper.java:473)
01-18 06:39:29.996: E/StrictMode(605): 	at com.android.emailcommon.service.ServiceProxy.setTask(ServiceProxy.java:157)
01-18 06:39:29.996: E/StrictMode(605): 	at com.android.emailcommon.service.ServiceProxy.setTask(ServiceProxy.java:145)
01-18 06:39:29.996: E/StrictMode(605): 	at com.android.emailcommon.service.AccountServiceProxy.getDeviceId(AccountServiceProxy.java:116)
01-18 06:39:29.996: E/StrictMode(605): 	at com.android.exchange.ExchangeService.getDeviceId(ExchangeService.java:1249)
01-18 06:39:29.996: E/StrictMode(605): 	at com.android.exchange.ExchangeService$7.run(ExchangeService.java:1856)
01-18 06:39:29.996: E/StrictMode(605): 	at com.android.emailcommon.utility.Utility$2.doInBackground(Utility.java:551)
01-18 06:39:29.996: E/StrictMode(605): 	at com.android.emailcommon.utility.Utility$2.doInBackground(Utility.java:549)
01-18 06:39:29.996: E/StrictMode(605): 	at android.os.AsyncTask$2.call(AsyncTask.java:287)
01-18 06:39:29.996: E/StrictMode(605): 	at java.util.concurrent.FutureTask.run(FutureTask.java:234)
01-18 06:39:29.996: E/StrictMode(605): 	at java.util.concurrent.ThreadPoolExecutor.runWorker(ThreadPoolExecutor.java:1080)
01-18 06:39:29.996: E/StrictMode(605): 	at java.util.concurrent.ThreadPoolExecutor$Worker.run(ThreadPoolExecutor.java:573)
01-18 06:39:29.996: E/StrictMode(605): 	at java.lang.Thread.run(Thread.java:856)
01-18 06:39:29.996: W/ActivityManager(279): Unbind failed: could not find connection for android.os.BinderProxy@4113b580
01-18 06:39:30.006: E/ActivityThread(605): Service com.android.exchange.ExchangeService has leaked ServiceConnection com.android.emailcommon.service.ServiceProxy$ProxyConnection@40f15be0 that was originally bound here
01-18 06:39:30.006: E/ActivityThread(605): android.app.ServiceConnectionLeaked: Service com.android.exchange.ExchangeService has leaked ServiceConnection com.android.emailcommon.service.ServiceProxy$ProxyConnection@40f15be0 that was originally bound here
01-18 06:39:30.006: E/ActivityThread(605): 	at android.app.LoadedApk$ServiceDispatcher.<init>(LoadedApk.java:969)
01-18 06:39:30.006: E/ActivityThread(605): 	at android.app.LoadedApk.getServiceDispatcher(LoadedApk.java:863)
01-18 06:39:30.006: E/ActivityThread(605): 	at android.app.ContextImpl.bindService(ContextImpl.java:1418)
01-18 06:39:30.006: E/ActivityThread(605): 	at android.app.ContextImpl.bindService(ContextImpl.java:1407)
01-18 06:39:30.006: E/ActivityThread(605): 	at android.content.ContextWrapper.bindService(ContextWrapper.java:473)
01-18 06:39:30.006: E/ActivityThread(605): 	at com.android.emailcommon.service.ServiceProxy.setTask(ServiceProxy.java:157)
01-18 06:39:30.006: E/ActivityThread(605): 	at com.android.emailcommon.service.ServiceProxy.setTask(ServiceProxy.java:145)
01-18 06:39:30.006: E/ActivityThread(605): 	at com.android.emailcommon.service.ServiceProxy.test(ServiceProxy.java:191)
01-18 06:39:30.006: E/ActivityThread(605): 	at com.android.exchange.ExchangeService$7.run(ExchangeService.java:1850)
01-18 06:39:30.006: E/ActivityThread(605): 	at com.android.emailcommon.utility.Utility$2.doInBackground(Utility.java:551)
01-18 06:39:30.006: E/ActivityThread(605): 	at com.android.emailcommon.utility.Utility$2.doInBackground(Utility.java:549)
01-18 06:39:30.006: E/ActivityThread(605): 	at android.os.AsyncTask$2.call(AsyncTask.java:287)
01-18 06:39:30.006: E/ActivityThread(605): 	at java.util.concurrent.FutureTask.run(FutureTask.java:234)
01-18 06:39:30.006: E/ActivityThread(605): 	at java.util.concurrent.ThreadPoolExecutor.runWorker(ThreadPoolExecutor.java:1080)
01-18 06:39:30.006: E/ActivityThread(605): 	at java.util.concurrent.ThreadPoolExecutor$Worker.run(ThreadPoolExecutor.java:573)
01-18 06:39:30.006: E/ActivityThread(605): 	at java.lang.Thread.run(Thread.java:856)
01-18 06:39:30.016: E/StrictMode(605): null
01-18 06:39:30.016: E/StrictMode(605): android.app.ServiceConnectionLeaked: Service com.android.exchange.ExchangeService has leaked ServiceConnection com.android.emailcommon.service.ServiceProxy$ProxyConnection@40f15be0 that was originally bound here
01-18 06:39:30.016: E/StrictMode(605): 	at android.app.LoadedApk$ServiceDispatcher.<init>(LoadedApk.java:969)
01-18 06:39:30.016: E/StrictMode(605): 	at android.app.LoadedApk.getServiceDispatcher(LoadedApk.java:863)
01-18 06:39:30.016: E/StrictMode(605): 	at android.app.ContextImpl.bindService(ContextImpl.java:1418)
01-18 06:39:30.016: E/StrictMode(605): 	at android.app.ContextImpl.bindService(ContextImpl.java:1407)
01-18 06:39:30.016: E/StrictMode(605): 	at android.content.ContextWrapper.bindService(ContextWrapper.java:473)
01-18 06:39:30.016: E/StrictMode(605): 	at com.android.emailcommon.service.ServiceProxy.setTask(ServiceProxy.java:157)
01-18 06:39:30.016: E/StrictMode(605): 	at com.android.emailcommon.service.ServiceProxy.setTask(ServiceProxy.java:145)
01-18 06:39:30.016: E/StrictMode(605): 	at com.android.emailcommon.service.ServiceProxy.test(ServiceProxy.java:191)
01-18 06:39:30.016: E/StrictMode(605): 	at com.android.exchange.ExchangeService$7.run(ExchangeService.java:1850)
01-18 06:39:30.016: E/StrictMode(605): 	at com.android.emailcommon.utility.Utility$2.doInBackground(Utility.java:551)
01-18 06:39:30.016: E/StrictMode(605): 	at com.android.emailcommon.utility.Utility$2.doInBackground(Utility.java:549)
01-18 06:39:30.016: E/StrictMode(605): 	at android.os.AsyncTask$2.call(AsyncTask.java:287)
01-18 06:39:30.016: E/StrictMode(605): 	at java.util.concurrent.FutureTask.run(FutureTask.java:234)
01-18 06:39:30.016: E/StrictMode(605): 	at java.util.concurrent.ThreadPoolExecutor.runWorker(ThreadPoolExecutor.java:1080)
01-18 06:39:30.016: E/StrictMode(605): 	at java.util.concurrent.ThreadPoolExecutor$Worker.run(ThreadPoolExecutor.java:573)
01-18 06:39:30.016: E/StrictMode(605): 	at java.lang.Thread.run(Thread.java:856)
01-18 06:39:30.016: W/ActivityManager(279): Unbind failed: could not find connection for android.os.BinderProxy@41158db0
01-18 06:40:14.982: D/ExchangeService(605): Received deviceId from Email app: null
01-18 06:40:14.982: D/ExchangeService(605): !!! deviceId unknown; stopping self and retrying
01-18 06:40:19.996: D/ExchangeService(605): !!! EAS ExchangeService, onStartCommand, startingUp = false, running = false
01-18 06:40:20.006: W/ActivityManager(279): Unable to start service Intent { act=com.android.email.ACCOUNT_INTENT } U=0: not found
01-18 06:40:20.006: D/ExchangeService(605): !!! Email application not found; stopping self
01-18 06:40:20.026: W/ActivityManager(279): Unable to start service Intent { act=com.android.email.ACCOUNT_INTENT } U=0: not found
01-18 06:40:20.026: E/ActivityThread(605): Service com.android.exchange.ExchangeService has leaked ServiceConnection com.android.emailcommon.service.ServiceProxy$ProxyConnection@40ededf0 that was originally bound here
01-18 06:40:20.026: E/ActivityThread(605): android.app.ServiceConnectionLeaked: Service com.android.exchange.ExchangeService has leaked ServiceConnection com.android.emailcommon.service.ServiceProxy$ProxyConnection@40ededf0 that was originally bound here
01-18 06:40:20.026: E/ActivityThread(605): 	at android.app.LoadedApk$ServiceDispatcher.<init>(LoadedApk.java:969)
01-18 06:40:20.026: E/ActivityThread(605): 	at android.app.LoadedApk.getServiceDispatcher(LoadedApk.java:863)
01-18 06:40:20.026: E/ActivityThread(605): 	at android.app.ContextImpl.bindService(ContextImpl.java:1418)
01-18 06:40:20.026: E/ActivityThread(605): 	at android.app.ContextImpl.bindService(ContextImpl.java:1407)
01-18 06:40:20.026: E/ActivityThread(605): 	at android.content.ContextWrapper.bindService(ContextWrapper.java:473)
01-18 06:40:20.026: E/ActivityThread(605): 	at com.android.emailcommon.service.ServiceProxy.setTask(ServiceProxy.java:157)
01-18 06:40:20.026: E/ActivityThread(605): 	at com.android.emailcommon.service.ServiceProxy.setTask(ServiceProxy.java:145)
01-18 06:40:20.026: E/ActivityThread(605): 	at com.android.emailcommon.service.ServiceProxy.test(ServiceProxy.java:191)
01-18 06:40:20.026: E/ActivityThread(605): 	at com.android.exchange.ExchangeService$7.run(ExchangeService.java:1850)
01-18 06:40:20.026: E/ActivityThread(605): 	at com.android.emailcommon.utility.Utility$2.doInBackground(Utility.java:551)
01-18 06:40:20.026: E/ActivityThread(605): 	at com.android.emailcommon.utility.Utility$2.doInBackground(Utility.java:549)
01-18 06:40:20.026: E/ActivityThread(605): 	at android.os.AsyncTask$2.call(AsyncTask.java:287)
01-18 06:40:20.026: E/ActivityThread(605): 	at java.util.concurrent.FutureTask.run(FutureTask.java:234)
01-18 06:40:20.026: E/ActivityThread(605): 	at java.util.concurrent.ThreadPoolExecutor.runWorker(ThreadPoolExecutor.java:1080)
01-18 06:40:20.026: E/ActivityThread(605): 	at java.util.concurrent.ThreadPoolExecutor$Worker.run(ThreadPoolExecutor.java:573)
01-18 06:40:20.026: E/ActivityThread(605): 	at java.lang.Thread.run(Thread.java:856)
01-18 06:40:20.036: E/StrictMode(605): null
01-18 06:40:20.036: E/StrictMode(605): android.app.ServiceConnectionLeaked: Service com.android.exchange.ExchangeService has leaked ServiceConnection com.android.emailcommon.service.ServiceProxy$ProxyConnection@40ededf0 that was originally bound here
01-18 06:40:20.036: E/StrictMode(605): 	at android.app.LoadedApk$ServiceDispatcher.<init>(LoadedApk.java:969)
01-18 06:40:20.036: E/StrictMode(605): 	at android.app.LoadedApk.getServiceDispatcher(LoadedApk.java:863)
01-18 06:40:20.036: E/StrictMode(605): 	at android.app.ContextImpl.bindService(ContextImpl.java:1418)
01-18 06:40:20.036: E/StrictMode(605): 	at android.app.ContextImpl.bindService(ContextImpl.java:1407)
01-18 06:40:20.036: E/StrictMode(605): 	at android.content.ContextWrapper.bindService(ContextWrapper.java:473)
01-18 06:40:20.036: E/StrictMode(605): 	at com.android.emailcommon.service.ServiceProxy.setTask(ServiceProxy.java:157)
01-18 06:40:20.036: E/StrictMode(605): 	at com.android.emailcommon.service.ServiceProxy.setTask(ServiceProxy.java:145)
01-18 06:40:20.036: E/StrictMode(605): 	at com.android.emailcommon.service.ServiceProxy.test(ServiceProxy.java:191)
01-18 06:40:20.036: E/StrictMode(605): 	at com.android.exchange.ExchangeService$7.run(ExchangeService.java:1850)
01-18 06:40:20.036: E/StrictMode(605): 	at com.android.emailcommon.utility.Utility$2.doInBackground(Utility.java:551)
01-18 06:40:20.036: E/StrictMode(605): 	at com.android.emailcommon.utility.Utility$2.doInBackground(Utility.java:549)
01-18 06:40:20.036: E/StrictMode(605): 	at android.os.AsyncTask$2.call(AsyncTask.java:287)
01-18 06:40:20.036: E/StrictMode(605): 	at java.util.concurrent.FutureTask.run(FutureTask.java:234)
01-18 06:40:20.036: E/StrictMode(605): 	at java.util.concurrent.ThreadPoolExecutor.runWorker(ThreadPoolExecutor.java:1080)
01-18 06:40:20.036: E/StrictMode(605): 	at java.util.concurrent.ThreadPoolExecutor$Worker.run(ThreadPoolExecutor.java:573)
01-18 06:40:20.036: E/StrictMode(605): 	at java.lang.Thread.run(Thread.java:856)
01-18 06:40:20.036: W/ActivityManager(279): Unbind failed: could not find connection for android.os.BinderProxy@410881f8
01-18 06:40:20.056: E/ActivityThread(605): Service com.android.exchange.ExchangeService has leaked ServiceConnection com.android.emailcommon.service.ServiceProxy$ProxyConnection@40edc1e8 that was originally bound here
01-18 06:40:20.056: E/ActivityThread(605): android.app.ServiceConnectionLeaked: Service com.android.exchange.ExchangeService has leaked ServiceConnection com.android.emailcommon.service.ServiceProxy$ProxyConnection@40edc1e8 that was originally bound here
01-18 06:40:20.056: E/ActivityThread(605): 	at android.app.LoadedApk$ServiceDispatcher.<init>(LoadedApk.java:969)
01-18 06:40:20.056: E/ActivityThread(605): 	at android.app.LoadedApk.getServiceDispatcher(LoadedApk.java:863)
01-18 06:40:20.056: E/ActivityThread(605): 	at android.app.ContextImpl.bindService(ContextImpl.java:1418)
01-18 06:40:20.056: E/ActivityThread(605): 	at android.app.ContextImpl.bindService(ContextImpl.java:1407)
01-18 06:40:20.056: E/ActivityThread(605): 	at android.content.ContextWrapper.bindService(ContextWrapper.java:473)
01-18 06:40:20.056: E/ActivityThread(605): 	at com.android.emailcommon.service.ServiceProxy.setTask(ServiceProxy.java:157)
01-18 06:40:20.056: E/ActivityThread(605): 	at com.android.emailcommon.service.ServiceProxy.setTask(ServiceProxy.java:145)
01-18 06:40:20.056: E/ActivityThread(605): 	at com.android.emailcommon.service.AccountServiceProxy.getDeviceId(AccountServiceProxy.java:116)
01-18 06:40:20.056: E/ActivityThread(605): 	at com.android.exchange.ExchangeService.getDeviceId(ExchangeService.java:1249)
01-18 06:40:20.056: E/ActivityThread(605): 	at com.android.exchange.ExchangeService$7.run(ExchangeService.java:1856)
01-18 06:40:20.056: E/ActivityThread(605): 	at com.android.emailcommon.utility.Utility$2.doInBackground(Utility.java:551)
01-18 06:40:20.056: E/ActivityThread(605): 	at com.android.emailcommon.utility.Utility$2.doInBackground(Utility.java:549)
01-18 06:40:20.056: E/ActivityThread(605): 	at android.os.AsyncTask$2.call(AsyncTask.java:287)
01-18 06:40:20.056: E/ActivityThread(605): 	at java.util.concurrent.FutureTask.run(FutureTask.java:234)
01-18 06:40:20.056: E/ActivityThread(605): 	at java.util.concurrent.ThreadPoolExecutor.runWorker(ThreadPoolExecutor.java:1080)
01-18 06:40:20.056: E/ActivityThread(605): 	at java.util.concurrent.ThreadPoolExecutor$Worker.run(ThreadPoolExecutor.java:573)
01-18 06:40:20.056: E/ActivityThread(605): 	at java.lang.Thread.run(Thread.java:856)
01-18 06:40:20.065: E/StrictMode(605): null
01-18 06:40:20.065: E/StrictMode(605): android.app.ServiceConnectionLeaked: Service com.android.exchange.ExchangeService has leaked ServiceConnection com.android.emailcommon.service.ServiceProxy$ProxyConnection@40edc1e8 that was originally bound here
01-18 06:40:20.065: E/StrictMode(605): 	at android.app.LoadedApk$ServiceDispatcher.<init>(LoadedApk.java:969)
01-18 06:40:20.065: E/StrictMode(605): 	at android.app.LoadedApk.getServiceDispatcher(LoadedApk.java:863)
01-18 06:40:20.065: E/StrictMode(605): 	at android.app.ContextImpl.bindService(ContextImpl.java:1418)
01-18 06:40:20.065: E/StrictMode(605): 	at android.app.ContextImpl.bindService(ContextImpl.java:1407)
01-18 06:40:20.065: E/StrictMode(605): 	at android.content.ContextWrapper.bindService(ContextWrapper.java:473)
01-18 06:40:20.065: E/StrictMode(605): 	at com.android.emailcommon.service.ServiceProxy.setTask(ServiceProxy.java:157)
01-18 06:40:20.065: E/StrictMode(605): 	at com.android.emailcommon.service.ServiceProxy.setTask(ServiceProxy.java:145)
01-18 06:40:20.065: E/StrictMode(605): 	at com.android.emailcommon.service.AccountServiceProxy.getDeviceId(AccountServiceProxy.java:116)
01-18 06:40:20.065: E/StrictMode(605): 	at com.android.exchange.ExchangeService.getDeviceId(ExchangeService.java:1249)
01-18 06:40:20.065: E/StrictMode(605): 	at com.android.exchange.ExchangeService$7.run(ExchangeService.java:1856)
01-18 06:40:20.065: E/StrictMode(605): 	at com.android.emailcommon.utility.Utility$2.doInBackground(Utility.java:551)
01-18 06:40:20.065: E/StrictMode(605): 	at com.android.emailcommon.utility.Utility$2.doInBackground(Utility.java:549)
01-18 06:40:20.065: E/StrictMode(605): 	at android.os.AsyncTask$2.call(AsyncTask.java:287)
01-18 06:40:20.065: E/StrictMode(605): 	at java.util.concurrent.FutureTask.run(FutureTask.java:234)
01-18 06:40:20.065: E/StrictMode(605): 	at java.util.concurrent.ThreadPoolExecutor.runWorker(ThreadPoolExecutor.java:1080)
01-18 06:40:20.065: E/StrictMode(605): 	at java.util.concurrent.ThreadPoolExecutor$Worker.run(ThreadPoolExecutor.java:573)
01-18 06:40:20.065: E/StrictMode(605): 	at java.lang.Thread.run(Thread.java:856)
01-18 06:40:20.065: W/ActivityManager(279): Unbind failed: could not find connection for android.os.BinderProxy@40f0fc28
01-18 06:40:26.016: D/dalvikvm(28537): GC_CONCURRENT freed 387K, 12% free 4249K/4800K, paused 5ms+10ms, total 52ms
01-18 06:40:26.595: D/dalvikvm(28537): GC_EXPLICIT freed 163K, 13% free 4223K/4800K, paused 3ms+5ms, total 52ms
01-18 06:41:05.026: D/ExchangeService(605): Received deviceId from Email app: null
01-18 06:41:05.026: D/ExchangeService(605): !!! deviceId unknown; stopping self and retrying
01-18 06:41:10.045: D/ExchangeService(605): !!! EAS ExchangeService, onStartCommand, startingUp = false, running = false
01-18 06:41:10.055: W/ActivityManager(279): Unable to start service Intent { act=com.android.email.ACCOUNT_INTENT } U=0: not found
01-18 06:41:10.055: D/ExchangeService(605): !!! Email application not found; stopping self
01-18 06:41:10.065: W/ActivityManager(279): Unable to start service Intent { act=com.android.email.ACCOUNT_INTENT } U=0: not found
01-18 06:41:10.075: E/ActivityThread(605): Service com.android.exchange.ExchangeService has leaked ServiceConnection com.android.emailcommon.service.ServiceProxy$ProxyConnection@40eb30a0 that was originally bound here
01-18 06:41:10.075: E/ActivityThread(605): android.app.ServiceConnectionLeaked: Service com.android.exchange.ExchangeService has leaked ServiceConnection com.android.emailcommon.service.ServiceProxy$ProxyConnection@40eb30a0 that was originally bound here
01-18 06:41:10.075: E/ActivityThread(605): 	at android.app.LoadedApk$ServiceDispatcher.<init>(LoadedApk.java:969)
01-18 06:41:10.075: E/ActivityThread(605): 	at android.app.LoadedApk.getServiceDispatcher(LoadedApk.java:863)
01-18 06:41:10.075: E/ActivityThread(605): 	at android.app.ContextImpl.bindService(ContextImpl.java:1418)
01-18 06:41:10.075: E/ActivityThread(605): 	at android.app.ContextImpl.bindService(ContextImpl.java:1407)
01-18 06:41:10.075: E/ActivityThread(605): 	at android.content.ContextWrapper.bindService(ContextWrapper.java:473)
01-18 06:41:10.075: E/ActivityThread(605): 	at com.android.emailcommon.service.ServiceProxy.setTask(ServiceProxy.java:157)
01-18 06:41:10.075: E/ActivityThread(605): 	at com.android.emailcommon.service.ServiceProxy.setTask(ServiceProxy.java:145)
01-18 06:41:10.075: E/ActivityThread(605): 	at com.android.emailcommon.service.AccountServiceProxy.getDeviceId(AccountServiceProxy.java:116)
01-18 06:41:10.075: E/ActivityThread(605): 	at com.android.exchange.ExchangeService.getDeviceId(ExchangeService.java:1249)
01-18 06:41:10.075: E/ActivityThread(605): 	at com.android.exchange.ExchangeService$7.run(ExchangeService.java:1856)
01-18 06:41:10.075: E/ActivityThread(605): 	at com.android.emailcommon.utility.Utility$2.doInBackground(Utility.java:551)
01-18 06:41:10.075: E/ActivityThread(605): 	at com.android.emailcommon.utility.Utility$2.doInBackground(Utility.java:549)
01-18 06:41:10.075: E/ActivityThread(605): 	at android.os.AsyncTask$2.call(AsyncTask.java:287)
01-18 06:41:10.075: E/ActivityThread(605): 	at java.util.concurrent.FutureTask.run(FutureTask.java:234)
01-18 06:41:10.075: E/ActivityThread(605): 	at java.util.concurrent.ThreadPoolExecutor.runWorker(ThreadPoolExecutor.java:1080)
01-18 06:41:10.075: E/ActivityThread(605): 	at java.util.concurrent.ThreadPoolExecutor$Worker.run(ThreadPoolExecutor.java:573)
01-18 06:41:10.075: E/ActivityThread(605): 	at java.lang.Thread.run(Thread.java:856)
01-18 06:41:10.115: E/StrictMode(605): null
01-18 06:41:10.115: E/StrictMode(605): android.app.ServiceConnectionLeaked: Service com.android.exchange.ExchangeService has leaked ServiceConnection com.android.emailcommon.service.ServiceProxy$ProxyConnection@40eb30a0 that was originally bound here
01-18 06:41:10.115: E/StrictMode(605): 	at android.app.LoadedApk$ServiceDispatcher.<init>(LoadedApk.java:969)
01-18 06:41:10.115: E/StrictMode(605): 	at android.app.LoadedApk.getServiceDispatcher(LoadedApk.java:863)
01-18 06:41:10.115: E/StrictMode(605): 	at android.app.ContextImpl.bindService(ContextImpl.java:1418)
01-18 06:41:10.115: E/StrictMode(605): 	at android.app.ContextImpl.bindService(ContextImpl.java:1407)
01-18 06:41:10.115: E/StrictMode(605): 	at android.content.ContextWrapper.bindService(ContextWrapper.java:473)
01-18 06:41:10.115: E/StrictMode(605): 	at com.android.emailcommon.service.ServiceProxy.setTask(ServiceProxy.java:157)
01-18 06:41:10.115: E/StrictMode(605): 	at com.android.emailcommon.service.ServiceProxy.setTask(ServiceProxy.java:145)
01-18 06:41:10.115: E/StrictMode(605): 	at com.android.emailcommon.service.AccountServiceProxy.getDeviceId(AccountServiceProxy.java:116)
01-18 06:41:10.115: E/StrictMode(605): 	at com.android.exchange.ExchangeService.getDeviceId(ExchangeService.java:1249)
01-18 06:41:10.115: E/StrictMode(605): 	at com.android.exchange.ExchangeService$7.run(ExchangeService.java:1856)
01-18 06:41:10.115: E/StrictMode(605): 	at com.android.emailcommon.utility.Utility$2.doInBackground(Utility.java:551)
01-18 06:41:10.115: E/StrictMode(605): 	at com.android.emailcommon.utility.Utility$2.doInBackground(Utility.java:549)
01-18 06:41:10.115: E/StrictMode(605): 	at android.os.AsyncTask$2.call(AsyncTask.java:287)
01-18 06:41:10.115: E/StrictMode(605): 	at java.util.concurrent.FutureTask.run(FutureTask.java:234)
01-18 06:41:10.115: E/StrictMode(605): 	at java.util.concurrent.ThreadPoolExecutor.runWorker(ThreadPoolExecutor.java:1080)
01-18 06:41:10.115: E/StrictMode(605): 	at java.util.concurrent.ThreadPoolExecutor$Worker.run(ThreadPoolExecutor.java:573)
01-18 06:41:10.115: E/StrictMode(605): 	at java.lang.Thread.run(Thread.java:856)
01-18 06:41:10.115: W/ActivityManager(279): Unbind failed: could not find connection for android.os.BinderProxy@40fbd540
01-18 06:41:10.125: E/ActivityThread(605): Service com.android.exchange.ExchangeService has leaked ServiceConnection com.android.emailcommon.service.ServiceProxy$ProxyConnection@40ee6570 that was originally bound here
01-18 06:41:10.125: E/ActivityThread(605): android.app.ServiceConnectionLeaked: Service com.android.exchange.ExchangeService has leaked ServiceConnection com.android.emailcommon.service.ServiceProxy$ProxyConnection@40ee6570 that was originally bound here
01-18 06:41:10.125: E/ActivityThread(605): 	at android.app.LoadedApk$ServiceDispatcher.<init>(LoadedApk.java:969)
01-18 06:41:10.125: E/ActivityThread(605): 	at android.app.LoadedApk.getServiceDispatcher(LoadedApk.java:863)
01-18 06:41:10.125: E/ActivityThread(605): 	at android.app.ContextImpl.bindService(ContextImpl.java:1418)
01-18 06:41:10.125: E/ActivityThread(605): 	at android.app.ContextImpl.bindService(ContextImpl.java:1407)
01-18 06:41:10.125: E/ActivityThread(605): 	at android.content.ContextWrapper.bindService(ContextWrapper.java:473)
01-18 06:41:10.125: E/ActivityThread(605): 	at com.android.emailcommon.service.ServiceProxy.setTask(ServiceProxy.java:157)
01-18 06:41:10.125: E/ActivityThread(605): 	at com.android.emailcommon.service.ServiceProxy.setTask(ServiceProxy.java:145)
01-18 06:41:10.125: E/ActivityThread(605): 	at com.android.emailcommon.service.ServiceProxy.test(ServiceProxy.java:191)
01-18 06:41:10.125: E/ActivityThread(605): 	at com.android.exchange.ExchangeService$7.run(ExchangeService.java:1850)
01-18 06:41:10.125: E/ActivityThread(605): 	at com.android.emailcommon.utility.Utility$2.doInBackground(Utility.java:551)
01-18 06:41:10.125: E/ActivityThread(605): 	at com.android.emailcommon.utility.Utility$2.doInBackground(Utility.java:549)
01-18 06:41:10.125: E/ActivityThread(605): 	at android.os.AsyncTask$2.call(AsyncTask.java:287)
01-18 06:41:10.125: E/ActivityThread(605): 	at java.util.concurrent.FutureTask.run(FutureTask.java:234)
01-18 06:41:10.125: E/ActivityThread(605): 	at java.util.concurrent.ThreadPoolExecutor.runWorker(ThreadPoolExecutor.java:1080)
01-18 06:41:10.125: E/ActivityThread(605): 	at java.util.concurrent.ThreadPoolExecutor$Worker.run(ThreadPoolExecutor.java:573)
01-18 06:41:10.125: E/ActivityThread(605): 	at java.lang.Thread.run(Thread.java:856)
01-18 06:41:10.145: E/StrictMode(605): null
01-18 06:41:10.145: E/StrictMode(605): android.app.ServiceConnectionLeaked: Service com.android.exchange.ExchangeService has leaked ServiceConnection com.android.emailcommon.service.ServiceProxy$ProxyConnection@40ee6570 that was originally bound here
01-18 06:41:10.145: E/StrictMode(605): 	at android.app.LoadedApk$ServiceDispatcher.<init>(LoadedApk.java:969)
01-18 06:41:10.145: E/StrictMode(605): 	at android.app.LoadedApk.getServiceDispatcher(LoadedApk.java:863)
01-18 06:41:10.145: E/StrictMode(605): 	at android.app.ContextImpl.bindService(ContextImpl.java:1418)
01-18 06:41:10.145: E/StrictMode(605): 	at android.app.ContextImpl.bindService(ContextImpl.java:1407)
01-18 06:41:10.145: E/StrictMode(605): 	at android.content.ContextWrapper.bindService(ContextWrapper.java:473)
01-18 06:41:10.145: E/StrictMode(605): 	at com.android.emailcommon.service.ServiceProxy.setTask(ServiceProxy.java:157)
01-18 06:41:10.145: E/StrictMode(605): 	at com.android.emailcommon.service.ServiceProxy.setTask(ServiceProxy.java:145)
01-18 06:41:10.145: E/StrictMode(605): 	at com.android.emailcommon.service.ServiceProxy.test(ServiceProxy.java:191)
01-18 06:41:10.145: E/StrictMode(605): 	at com.android.exchange.ExchangeService$7.run(ExchangeService.java:1850)
01-18 06:41:10.145: E/StrictMode(605): 	at com.android.emailcommon.utility.Utility$2.doInBackground(Utility.java:551)
01-18 06:41:10.145: E/StrictMode(605): 	at com.android.emailcommon.utility.Utility$2.doInBackground(Utility.java:549)
01-18 06:41:10.145: E/StrictMode(605): 	at android.os.AsyncTask$2.call(AsyncTask.java:287)
01-18 06:41:10.145: E/StrictMode(605): 	at java.util.concurrent.FutureTask.run(FutureTask.java:234)
01-18 06:41:10.145: E/StrictMode(605): 	at java.util.concurrent.ThreadPoolExecutor.runWorker(ThreadPoolExecutor.java:1080)
01-18 06:41:10.145: E/StrictMode(605): 	at java.util.concurrent.ThreadPoolExecutor$Worker.run(ThreadPoolExecutor.java:573)
01-18 06:41:10.145: E/StrictMode(605): 	at java.lang.Thread.run(Thread.java:856)
01-18 06:41:10.155: W/ActivityManager(279): Unbind failed: could not find connection for android.os.BinderProxy@412277f0
01-18 06:41:10.165: D/dalvikvm(605): GC_CONCURRENT freed 455K, 11% free 4457K/4968K, paused 5ms+5ms, total 77ms
01-18 06:41:16.616: E/ThrottleService(279): problem during onPollAlarm: java.lang.IllegalStateException: problem parsing stats: java.io.FileNotFoundException: /proc/net/xt_qtaguid/iface_stat_all: open failed: ENOENT (No such file or directory)
