01-18 06:29:27.005: I/ActivityManager(279): START u0 {dat=/sdcard/malware_apk/AndroidOBada/E1064BFD836E4C895B569B2DE4700284.apk cmp=com.android.packageinstaller/.InstallAppProgress (has extras)} from pid 27284
01-18 06:29:27.005: W/WindowManager(279): Failure taking screenshot for (164x246) to layer 21025
01-18 06:29:27.085: I/Choreographer(27284): Skipped 37 frames!  The application may be doing too much work on its main thread.
01-18 06:29:27.536: I/Choreographer(27284): Skipped 32 frames!  The application may be doing too much work on its main thread.
01-18 06:29:27.735: I/Choreographer(279): Skipped 45 frames!  The application may be doing too much work on its main thread.
01-18 06:29:27.785: E/SurfaceFlinger(37): ro.sf.lcd_density must be defined as a build property
01-18 06:29:27.805: I/Choreographer(27284): Skipped 132 frames!  The application may be doing too much work on its main thread.
01-18 06:29:27.995: I/ActivityManager(279): Displayed com.android.packageinstaller/.InstallAppProgress: +963ms
01-18 06:29:28.586: D/ExchangeService(605): !!! EAS ExchangeService, onStartCommand, startingUp = false, running = false
01-18 06:29:28.676: W/ActivityManager(279): Unable to start service Intent { act=com.android.email.ACCOUNT_INTENT } U=0: not found
01-18 06:29:28.755: D/ExchangeService(605): !!! Email application not found; stopping self
01-18 06:29:28.775: W/ActivityManager(279): Unable to start service Intent { act=com.android.email.ACCOUNT_INTENT } U=0: not found
01-18 06:29:28.795: E/ActivityThread(605): Service com.android.exchange.ExchangeService has leaked ServiceConnection com.android.emailcommon.service.ServiceProxy$ProxyConnection@40f12748 that was originally bound here
01-18 06:29:28.795: E/ActivityThread(605): android.app.ServiceConnectionLeaked: Service com.android.exchange.ExchangeService has leaked ServiceConnection com.android.emailcommon.service.ServiceProxy$ProxyConnection@40f12748 that was originally bound here
01-18 06:29:28.795: E/ActivityThread(605): 	at android.app.LoadedApk$ServiceDispatcher.<init>(LoadedApk.java:969)
01-18 06:29:28.795: E/ActivityThread(605): 	at android.app.LoadedApk.getServiceDispatcher(LoadedApk.java:863)
01-18 06:29:28.795: E/ActivityThread(605): 	at android.app.ContextImpl.bindService(ContextImpl.java:1418)
01-18 06:29:28.795: E/ActivityThread(605): 	at android.app.ContextImpl.bindService(ContextImpl.java:1407)
01-18 06:29:28.795: E/ActivityThread(605): 	at android.content.ContextWrapper.bindService(ContextWrapper.java:473)
01-18 06:29:28.795: E/ActivityThread(605): 	at com.android.emailcommon.service.ServiceProxy.setTask(ServiceProxy.java:157)
01-18 06:29:28.795: E/ActivityThread(605): 	at com.android.emailcommon.service.ServiceProxy.setTask(ServiceProxy.java:145)
01-18 06:29:28.795: E/ActivityThread(605): 	at com.android.emailcommon.service.AccountServiceProxy.getDeviceId(AccountServiceProxy.java:116)
01-18 06:29:28.795: E/ActivityThread(605): 	at com.android.exchange.ExchangeService.getDeviceId(ExchangeService.java:1249)
01-18 06:29:28.795: E/ActivityThread(605): 	at com.android.exchange.ExchangeService$7.run(ExchangeService.java:1856)
01-18 06:29:28.795: E/ActivityThread(605): 	at com.android.emailcommon.utility.Utility$2.doInBackground(Utility.java:551)
01-18 06:29:28.795: E/ActivityThread(605): 	at com.android.emailcommon.utility.Utility$2.doInBackground(Utility.java:549)
01-18 06:29:28.795: E/ActivityThread(605): 	at android.os.AsyncTask$2.call(AsyncTask.java:287)
01-18 06:29:28.795: E/ActivityThread(605): 	at java.util.concurrent.FutureTask.run(FutureTask.java:234)
01-18 06:29:28.795: E/ActivityThread(605): 	at java.util.concurrent.ThreadPoolExecutor.runWorker(ThreadPoolExecutor.java:1080)
01-18 06:29:28.795: E/ActivityThread(605): 	at java.util.concurrent.ThreadPoolExecutor$Worker.run(ThreadPoolExecutor.java:573)
01-18 06:29:28.795: E/ActivityThread(605): 	at java.lang.Thread.run(Thread.java:856)
01-18 06:29:28.855: E/StrictMode(605): null
01-18 06:29:28.855: E/StrictMode(605): android.app.ServiceConnectionLeaked: Service com.android.exchange.ExchangeService has leaked ServiceConnection com.android.emailcommon.service.ServiceProxy$ProxyConnection@40f12748 that was originally bound here
01-18 06:29:28.855: E/StrictMode(605): 	at android.app.LoadedApk$ServiceDispatcher.<init>(LoadedApk.java:969)
01-18 06:29:28.855: E/StrictMode(605): 	at android.app.LoadedApk.getServiceDispatcher(LoadedApk.java:863)
01-18 06:29:28.855: E/StrictMode(605): 	at android.app.ContextImpl.bindService(ContextImpl.java:1418)
01-18 06:29:28.855: E/StrictMode(605): 	at android.app.ContextImpl.bindService(ContextImpl.java:1407)
01-18 06:29:28.855: E/StrictMode(605): 	at android.content.ContextWrapper.bindService(ContextWrapper.java:473)
01-18 06:29:28.855: E/StrictMode(605): 	at com.android.emailcommon.service.ServiceProxy.setTask(ServiceProxy.java:157)
01-18 06:29:28.855: E/StrictMode(605): 	at com.android.emailcommon.service.ServiceProxy.setTask(ServiceProxy.java:145)
01-18 06:29:28.855: E/StrictMode(605): 	at com.android.emailcommon.service.AccountServiceProxy.getDeviceId(AccountServiceProxy.java:116)
01-18 06:29:28.855: E/StrictMode(605): 	at com.android.exchange.ExchangeService.getDeviceId(ExchangeService.java:1249)
01-18 06:29:28.855: E/StrictMode(605): 	at com.android.exchange.ExchangeService$7.run(ExchangeService.java:1856)
01-18 06:29:28.855: E/StrictMode(605): 	at com.android.emailcommon.utility.Utility$2.doInBackground(Utility.java:551)
01-18 06:29:28.855: E/StrictMode(605): 	at com.android.emailcommon.utility.Utility$2.doInBackground(Utility.java:549)
01-18 06:29:28.855: E/StrictMode(605): 	at android.os.AsyncTask$2.call(AsyncTask.java:287)
01-18 06:29:28.855: E/StrictMode(605): 	at java.util.concurrent.FutureTask.run(FutureTask.java:234)
01-18 06:29:28.855: E/StrictMode(605): 	at java.util.concurrent.ThreadPoolExecutor.runWorker(ThreadPoolExecutor.java:1080)
01-18 06:29:28.855: E/StrictMode(605): 	at java.util.concurrent.ThreadPoolExecutor$Worker.run(ThreadPoolExecutor.java:573)
01-18 06:29:28.855: E/StrictMode(605): 	at java.lang.Thread.run(Thread.java:856)
01-18 06:29:29.115: D/dalvikvm(279): GC_FOR_ALLOC freed 835K, 17% free 7859K/9468K, paused 334ms, total 345ms
01-18 06:29:29.125: W/ActivityManager(279): Unbind failed: could not find connection for android.os.BinderProxy@41327c10
01-18 06:29:29.175: I/Choreographer(27284): Skipped 38 frames!  The application may be doing too much work on its main thread.
01-18 06:29:29.215: E/ActivityThread(605): Service com.android.exchange.ExchangeService has leaked ServiceConnection com.android.emailcommon.service.ServiceProxy$ProxyConnection@40f15be0 that was originally bound here
01-18 06:29:29.215: E/ActivityThread(605): android.app.ServiceConnectionLeaked: Service com.android.exchange.ExchangeService has leaked ServiceConnection com.android.emailcommon.service.ServiceProxy$ProxyConnection@40f15be0 that was originally bound here
01-18 06:29:29.215: E/ActivityThread(605): 	at android.app.LoadedApk$ServiceDispatcher.<init>(LoadedApk.java:969)
01-18 06:29:29.215: E/ActivityThread(605): 	at android.app.LoadedApk.getServiceDispatcher(LoadedApk.java:863)
01-18 06:29:29.215: E/ActivityThread(605): 	at android.app.ContextImpl.bindService(ContextImpl.java:1418)
01-18 06:29:29.215: E/ActivityThread(605): 	at android.app.ContextImpl.bindService(ContextImpl.java:1407)
01-18 06:29:29.215: E/ActivityThread(605): 	at android.content.ContextWrapper.bindService(ContextWrapper.java:473)
01-18 06:29:29.215: E/ActivityThread(605): 	at com.android.emailcommon.service.ServiceProxy.setTask(ServiceProxy.java:157)
01-18 06:29:29.215: E/ActivityThread(605): 	at com.android.emailcommon.service.ServiceProxy.setTask(ServiceProxy.java:145)
01-18 06:29:29.215: E/ActivityThread(605): 	at com.android.emailcommon.service.ServiceProxy.test(ServiceProxy.java:191)
01-18 06:29:29.215: E/ActivityThread(605): 	at com.android.exchange.ExchangeService$7.run(ExchangeService.java:1850)
01-18 06:29:29.215: E/ActivityThread(605): 	at com.android.emailcommon.utility.Utility$2.doInBackground(Utility.java:551)
01-18 06:29:29.215: E/ActivityThread(605): 	at com.android.emailcommon.utility.Utility$2.doInBackground(Utility.java:549)
01-18 06:29:29.215: E/ActivityThread(605): 	at android.os.AsyncTask$2.call(AsyncTask.java:287)
01-18 06:29:29.215: E/ActivityThread(605): 	at java.util.concurrent.FutureTask.run(FutureTask.java:234)
01-18 06:29:29.215: E/ActivityThread(605): 	at java.util.concurrent.ThreadPoolExecutor.runWorker(ThreadPoolExecutor.java:1080)
01-18 06:29:29.215: E/ActivityThread(605): 	at java.util.concurrent.ThreadPoolExecutor$Worker.run(ThreadPoolExecutor.java:573)
01-18 06:29:29.215: E/ActivityThread(605): 	at java.lang.Thread.run(Thread.java:856)
01-18 06:29:29.215: E/StrictMode(605): null
01-18 06:29:29.215: E/StrictMode(605): android.app.ServiceConnectionLeaked: Service com.android.exchange.ExchangeService has leaked ServiceConnection com.android.emailcommon.service.ServiceProxy$ProxyConnection@40f15be0 that was originally bound here
01-18 06:29:29.215: E/StrictMode(605): 	at android.app.LoadedApk$ServiceDispatcher.<init>(LoadedApk.java:969)
01-18 06:29:29.215: E/StrictMode(605): 	at android.app.LoadedApk.getServiceDispatcher(LoadedApk.java:863)
01-18 06:29:29.215: E/StrictMode(605): 	at android.app.ContextImpl.bindService(ContextImpl.java:1418)
01-18 06:29:29.215: E/StrictMode(605): 	at android.app.ContextImpl.bindService(ContextImpl.java:1407)
01-18 06:29:29.215: E/StrictMode(605): 	at android.content.ContextWrapper.bindService(ContextWrapper.java:473)
01-18 06:29:29.215: E/StrictMode(605): 	at com.android.emailcommon.service.ServiceProxy.setTask(ServiceProxy.java:157)
01-18 06:29:29.215: E/StrictMode(605): 	at com.android.emailcommon.service.ServiceProxy.setTask(ServiceProxy.java:145)
01-18 06:29:29.215: E/StrictMode(605): 	at com.android.emailcommon.service.ServiceProxy.test(ServiceProxy.java:191)
01-18 06:29:29.215: E/StrictMode(605): 	at com.android.exchange.ExchangeService$7.run(ExchangeService.java:1850)
01-18 06:29:29.215: E/StrictMode(605): 	at com.android.emailcommon.utility.Utility$2.doInBackground(Utility.java:551)
01-18 06:29:29.215: E/StrictMode(605): 	at com.android.emailcommon.utility.Utility$2.doInBackground(Utility.java:549)
01-18 06:29:29.215: E/StrictMode(605): 	at android.os.AsyncTask$2.call(AsyncTask.java:287)
01-18 06:29:29.215: E/StrictMode(605): 	at java.util.concurrent.FutureTask.run(FutureTask.java:234)
01-18 06:29:29.215: E/StrictMode(605): 	at java.util.concurrent.ThreadPoolExecutor.runWorker(ThreadPoolExecutor.java:1080)
01-18 06:29:29.215: E/StrictMode(605): 	at java.util.concurrent.ThreadPoolExecutor$Worker.run(ThreadPoolExecutor.java:573)
01-18 06:29:29.215: E/StrictMode(605): 	at java.lang.Thread.run(Thread.java:856)
01-18 06:29:29.225: W/ActivityManager(279): Unbind failed: could not find connection for android.os.BinderProxy@41278bb8
01-18 06:29:29.365: W/ActivityManager(279): No content provider found for permission revoke: /sdcard/malware_apk/AndroidOBada/E1064BFD836E4C895B569B2DE4700284.apk
01-18 06:29:29.405: W/ActivityManager(279): No content provider found for permission revoke: file:///data/app-private/vmdl-409572147.tmp
01-18 06:29:29.415: I/PackageManager(279): Copying native libraries to /data/app-lib/vmdl-1026948683
01-18 06:29:29.715: I/PackageManager(279): Running dexopt on: com.android.system.admin
01-18 06:29:31.255: D/dalvikvm(28221): DexOpt: load 78ms, verify+opt 1287ms, 392580 bytes
01-18 06:29:31.295: I/ActivityManager(279): Force stopping package com.android.system.admin appid=10046 user=-1
01-18 06:29:31.456: D/PackageManager(279): New package installed in /data/app/com.android.system.admin-1.apk
01-18 06:29:31.456: W/PackageManager(279): Not granting permission android.permission.READ_LOGS to package com.android.system.admin (protectionLevel=50 flags=0x8be44)
01-18 06:29:31.456: W/PackageManager(279): Not granting permission android.permission.MODIFY_PHONE_STATE to package com.android.system.admin (protectionLevel=18 flags=0x8be44)
01-18 06:29:31.456: W/PackageManager(279): Not granting permission android.permission.WRITE_SECURE_SETTINGS to package com.android.system.admin (protectionLevel=50 flags=0x8be44)
01-18 06:29:31.456: W/PackageManager(279): Not granting permission android.permission.ACCESS_BLUETOOTH_SHARE to package com.android.system.admin (protectionLevel=2 flags=0x8be44)
01-18 06:29:31.676: I/ActivityManager(279): Start proc com.android.voicedialer for broadcast com.android.voicedialer/.VoiceDialerReceiver: pid=28231 uid=10002 gids={50002, 3002, 1028}
01-18 06:29:31.715: I/InputReader(279): Reconfiguring input devices.  changes=0x00000010
01-18 06:29:31.895: E/Trace(28231): error opening trace file: No such file or directory (2)
01-18 06:29:32.195: I/ActivityManager(279): Start proc com.svox.pico for broadcast com.svox.pico/.VoiceDataInstallerReceiver: pid=28245 uid=10018 gids={50018, 1015, 1028}
01-18 06:29:32.486: D/dalvikvm(279): GC_CONCURRENT freed 791K, 16% free 8028K/9468K, paused 31ms+35ms, total 510ms
01-18 06:29:32.486: D/dalvikvm(279): WAIT_FOR_CONCURRENT_GC blocked 11ms
01-18 06:29:32.506: D/dalvikvm(279): WAIT_FOR_CONCURRENT_GC blocked 234ms
01-18 06:29:32.596: E/Trace(28245): error opening trace file: No such file or directory (2)
01-18 06:29:32.696: D/dalvikvm(279): WAIT_FOR_CONCURRENT_GC blocked 418ms
01-18 06:29:32.715: I/ActivityManager(279): Start proc com.android.musicfx for broadcast com.android.musicfx/.Compatibility$Receiver: pid=28258 uid=10024 gids={50024, 3003, 3002, 1028}
01-18 06:29:32.885: E/Trace(28258): error opening trace file: No such file or directory (2)
01-18 06:29:33.015: I/ActivityManager(279): Start proc android.process.acore for broadcast com.android.providers.contacts/.PackageIntentReceiver: pid=28272 uid=10010 gids={50010, 3003, 1015, 1028}
01-18 06:29:33.225: E/Trace(28272): error opening trace file: No such file or directory (2)
01-18 06:29:33.345: I/Launcher(406): setLoadOnResume
01-18 06:29:33.486: I/ActivityManager(279): No longer want com.android.quicksearchbox (pid 23181): empty for 2246s
01-18 06:29:33.626: D/dalvikvm(406): GC_CONCURRENT freed 2119K, 42% free 5914K/10068K, paused 5ms+49ms, total 292ms
01-18 06:29:34.205: I/ActivityManager(279): Start proc com.android.gallery3d for broadcast com.android.gallery3d/.app.PackagesMonitor: pid=28292 uid=10030 gids={50030, 1006, 3003, 1015, 1028}
01-18 06:29:34.245: D/dalvikvm(28272): GC_CONCURRENT freed 184K, 5% free 4277K/4484K, paused 40ms+179ms, total 297ms
01-18 06:29:34.415: E/Trace(28292): error opening trace file: No such file or directory (2)
01-18 06:29:35.895: W/ResourceType(279): Failure getting entry for 0x7f060000 (t=5 e=0) in package 0 (error -75)
01-18 06:29:35.895: I/Choreographer(406): Skipped 1663 frames!  The application may be doing too much work on its main thread.
01-18 06:29:35.985: W/ResourceType(279): Failure getting entry for 0x7f060000 (t=5 e=0) in package 0 (error -75)
01-18 06:29:36.045: W/InputMethodManagerService(279): Found no subtypes in a system IME: com.android.inputmethod.pinyin
01-18 06:29:36.466: W/BroadcastQueue(279): Unable to launch app com.google.android.gms/10047 for broadcast Intent { act=android.intent.action.PACKAGE_ADDED dat=package:com.android.system.admin flg=0x8000010 (has extras) }: process is bad
01-18 06:29:37.325: I/ActivityManager(279): Start proc com.android.quicksearchbox for broadcast com.android.quicksearchbox/.CorporaUpdateReceiver: pid=28317 uid=10033 gids={50033, 3003, 1028}
01-18 06:29:37.516: E/Trace(28317): error opening trace file: No such file or directory (2)
01-18 06:29:37.676: W/RecognitionManagerService(279): no available voice recognition services found for user 0
01-18 06:29:37.685: I/Choreographer(406): Skipped 167 frames!  The application may be doing too much work on its main thread.
01-18 06:29:37.726: D/dalvikvm(279): GC_EXPLICIT freed 361K, 17% free 7936K/9468K, paused 678ms+129ms, total 4437ms
01-18 06:30:13.986: D/ExchangeService(605): Received deviceId from Email app: null
01-18 06:30:13.986: D/ExchangeService(605): !!! deviceId unknown; stopping self and retrying
01-18 06:30:19.005: D/ExchangeService(605): !!! EAS ExchangeService, onStartCommand, startingUp = false, running = false
01-18 06:30:19.005: W/ActivityManager(279): Unable to start service Intent { act=com.android.email.ACCOUNT_INTENT } U=0: not found
01-18 06:30:19.005: D/ExchangeService(605): !!! Email application not found; stopping self
01-18 06:30:19.025: W/ActivityManager(279): Unable to start service Intent { act=com.android.email.ACCOUNT_INTENT } U=0: not found
01-18 06:30:19.025: E/ActivityThread(605): Service com.android.exchange.ExchangeService has leaked ServiceConnection com.android.emailcommon.service.ServiceProxy$ProxyConnection@40ed2820 that was originally bound here
01-18 06:30:19.025: E/ActivityThread(605): android.app.ServiceConnectionLeaked: Service com.android.exchange.ExchangeService has leaked ServiceConnection com.android.emailcommon.service.ServiceProxy$ProxyConnection@40ed2820 that was originally bound here
01-18 06:30:19.025: E/ActivityThread(605): 	at android.app.LoadedApk$ServiceDispatcher.<init>(LoadedApk.java:969)
01-18 06:30:19.025: E/ActivityThread(605): 	at android.app.LoadedApk.getServiceDispatcher(LoadedApk.java:863)
01-18 06:30:19.025: E/ActivityThread(605): 	at android.app.ContextImpl.bindService(ContextImpl.java:1418)
01-18 06:30:19.025: E/ActivityThread(605): 	at android.app.ContextImpl.bindService(ContextImpl.java:1407)
01-18 06:30:19.025: E/ActivityThread(605): 	at android.content.ContextWrapper.bindService(ContextWrapper.java:473)
01-18 06:30:19.025: E/ActivityThread(605): 	at com.android.emailcommon.service.ServiceProxy.setTask(ServiceProxy.java:157)
01-18 06:30:19.025: E/ActivityThread(605): 	at com.android.emailcommon.service.ServiceProxy.setTask(ServiceProxy.java:145)
01-18 06:30:19.025: E/ActivityThread(605): 	at com.android.emailcommon.service.AccountServiceProxy.getDeviceId(AccountServiceProxy.java:116)
01-18 06:30:19.025: E/ActivityThread(605): 	at com.android.exchange.ExchangeService.getDeviceId(ExchangeService.java:1249)
01-18 06:30:19.025: E/ActivityThread(605): 	at com.android.exchange.ExchangeService$7.run(ExchangeService.java:1856)
01-18 06:30:19.025: E/ActivityThread(605): 	at com.android.emailcommon.utility.Utility$2.doInBackground(Utility.java:551)
01-18 06:30:19.025: E/ActivityThread(605): 	at com.android.emailcommon.utility.Utility$2.doInBackground(Utility.java:549)
01-18 06:30:19.025: E/ActivityThread(605): 	at android.os.AsyncTask$2.call(AsyncTask.java:287)
01-18 06:30:19.025: E/ActivityThread(605): 	at java.util.concurrent.FutureTask.run(FutureTask.java:234)
01-18 06:30:19.025: E/ActivityThread(605): 	at java.util.concurrent.ThreadPoolExecutor.runWorker(ThreadPoolExecutor.java:1080)
01-18 06:30:19.025: E/ActivityThread(605): 	at java.util.concurrent.ThreadPoolExecutor$Worker.run(ThreadPoolExecutor.java:573)
01-18 06:30:19.025: E/ActivityThread(605): 	at java.lang.Thread.run(Thread.java:856)
01-18 06:30:19.035: E/StrictMode(605): null
01-18 06:30:19.035: E/StrictMode(605): android.app.ServiceConnectionLeaked: Service com.android.exchange.ExchangeService has leaked ServiceConnection com.android.emailcommon.service.ServiceProxy$ProxyConnection@40ed2820 that was originally bound here
01-18 06:30:19.035: E/StrictMode(605): 	at android.app.LoadedApk$ServiceDispatcher.<init>(LoadedApk.java:969)
01-18 06:30:19.035: E/StrictMode(605): 	at android.app.LoadedApk.getServiceDispatcher(LoadedApk.java:863)
01-18 06:30:19.035: E/StrictMode(605): 	at android.app.ContextImpl.bindService(ContextImpl.java:1418)
01-18 06:30:19.035: E/StrictMode(605): 	at android.app.ContextImpl.bindService(ContextImpl.java:1407)
01-18 06:30:19.035: E/StrictMode(605): 	at android.content.ContextWrapper.bindService(ContextWrapper.java:473)
01-18 06:30:19.035: E/StrictMode(605): 	at com.android.emailcommon.service.ServiceProxy.setTask(ServiceProxy.java:157)
01-18 06:30:19.035: E/StrictMode(605): 	at com.android.emailcommon.service.ServiceProxy.setTask(ServiceProxy.java:145)
01-18 06:30:19.035: E/StrictMode(605): 	at com.android.emailcommon.service.AccountServiceProxy.getDeviceId(AccountServiceProxy.java:116)
01-18 06:30:19.035: E/StrictMode(605): 	at com.android.exchange.ExchangeService.getDeviceId(ExchangeService.java:1249)
01-18 06:30:19.035: E/StrictMode(605): 	at com.android.exchange.ExchangeService$7.run(ExchangeService.java:1856)
01-18 06:30:19.035: E/StrictMode(605): 	at com.android.emailcommon.utility.Utility$2.doInBackground(Utility.java:551)
01-18 06:30:19.035: E/StrictMode(605): 	at com.android.emailcommon.utility.Utility$2.doInBackground(Utility.java:549)
01-18 06:30:19.035: E/StrictMode(605): 	at android.os.AsyncTask$2.call(AsyncTask.java:287)
01-18 06:30:19.035: E/StrictMode(605): 	at java.util.concurrent.FutureTask.run(FutureTask.java:234)
01-18 06:30:19.035: E/StrictMode(605): 	at java.util.concurrent.ThreadPoolExecutor.runWorker(ThreadPoolExecutor.java:1080)
01-18 06:30:19.035: E/StrictMode(605): 	at java.util.concurrent.ThreadPoolExecutor$Worker.run(ThreadPoolExecutor.java:573)
01-18 06:30:19.035: E/StrictMode(605): 	at java.lang.Thread.run(Thread.java:856)
01-18 06:30:19.045: W/ActivityManager(279): Unbind failed: could not find connection for android.os.BinderProxy@410e9a80
01-18 06:30:19.045: E/ActivityThread(605): Service com.android.exchange.ExchangeService has leaked ServiceConnection com.android.emailcommon.service.ServiceProxy$ProxyConnection@40edc1e8 that was originally bound here
01-18 06:30:19.045: E/ActivityThread(605): android.app.ServiceConnectionLeaked: Service com.android.exchange.ExchangeService has leaked ServiceConnection com.android.emailcommon.service.ServiceProxy$ProxyConnection@40edc1e8 that was originally bound here
01-18 06:30:19.045: E/ActivityThread(605): 	at android.app.LoadedApk$ServiceDispatcher.<init>(LoadedApk.java:969)
01-18 06:30:19.045: E/ActivityThread(605): 	at android.app.LoadedApk.getServiceDispatcher(LoadedApk.java:863)
01-18 06:30:19.045: E/ActivityThread(605): 	at android.app.ContextImpl.bindService(ContextImpl.java:1418)
01-18 06:30:19.045: E/ActivityThread(605): 	at android.app.ContextImpl.bindService(ContextImpl.java:1407)
01-18 06:30:19.045: E/ActivityThread(605): 	at android.content.ContextWrapper.bindService(ContextWrapper.java:473)
01-18 06:30:19.045: E/ActivityThread(605): 	at com.android.emailcommon.service.ServiceProxy.setTask(ServiceProxy.java:157)
01-18 06:30:19.045: E/ActivityThread(605): 	at com.android.emailcommon.service.ServiceProxy.setTask(ServiceProxy.java:145)
01-18 06:30:19.045: E/ActivityThread(605): 	at com.android.emailcommon.service.ServiceProxy.test(ServiceProxy.java:191)
01-18 06:30:19.045: E/ActivityThread(605): 	at com.android.exchange.ExchangeService$7.run(ExchangeService.java:1850)
01-18 06:30:19.045: E/ActivityThread(605): 	at com.android.emailcommon.utility.Utility$2.doInBackground(Utility.java:551)
01-18 06:30:19.045: E/ActivityThread(605): 	at com.android.emailcommon.utility.Utility$2.doInBackground(Utility.java:549)
01-18 06:30:19.045: E/ActivityThread(605): 	at android.os.AsyncTask$2.call(AsyncTask.java:287)
01-18 06:30:19.045: E/ActivityThread(605): 	at java.util.concurrent.FutureTask.run(FutureTask.java:234)
01-18 06:30:19.045: E/ActivityThread(605): 	at java.util.concurrent.ThreadPoolExecutor.runWorker(ThreadPoolExecutor.java:1080)
01-18 06:30:19.045: E/ActivityThread(605): 	at java.util.concurrent.ThreadPoolExecutor$Worker.run(ThreadPoolExecutor.java:573)
01-18 06:30:19.045: E/ActivityThread(605): 	at java.lang.Thread.run(Thread.java:856)
01-18 06:30:19.065: E/StrictMode(605): null
01-18 06:30:19.065: E/StrictMode(605): android.app.ServiceConnectionLeaked: Service com.android.exchange.ExchangeService has leaked ServiceConnection com.android.emailcommon.service.ServiceProxy$ProxyConnection@40edc1e8 that was originally bound here
01-18 06:30:19.065: E/StrictMode(605): 	at android.app.LoadedApk$ServiceDispatcher.<init>(LoadedApk.java:969)
01-18 06:30:19.065: E/StrictMode(605): 	at android.app.LoadedApk.getServiceDispatcher(LoadedApk.java:863)
01-18 06:30:19.065: E/StrictMode(605): 	at android.app.ContextImpl.bindService(ContextImpl.java:1418)
01-18 06:30:19.065: E/StrictMode(605): 	at android.app.ContextImpl.bindService(ContextImpl.java:1407)
01-18 06:30:19.065: E/StrictMode(605): 	at android.content.ContextWrapper.bindService(ContextWrapper.java:473)
01-18 06:30:19.065: E/StrictMode(605): 	at com.android.emailcommon.service.ServiceProxy.setTask(ServiceProxy.java:157)
01-18 06:30:19.065: E/StrictMode(605): 	at com.android.emailcommon.service.ServiceProxy.setTask(ServiceProxy.java:145)
01-18 06:30:19.065: E/StrictMode(605): 	at com.android.emailcommon.service.ServiceProxy.test(ServiceProxy.java:191)
01-18 06:30:19.065: E/StrictMode(605): 	at com.android.exchange.ExchangeService$7.run(ExchangeService.java:1850)
01-18 06:30:19.065: E/StrictMode(605): 	at com.android.emailcommon.utility.Utility$2.doInBackground(Utility.java:551)
01-18 06:30:19.065: E/StrictMode(605): 	at com.android.emailcommon.utility.Utility$2.doInBackground(Utility.java:549)
01-18 06:30:19.065: E/StrictMode(605): 	at android.os.AsyncTask$2.call(AsyncTask.java:287)
01-18 06:30:19.065: E/StrictMode(605): 	at java.util.concurrent.FutureTask.run(FutureTask.java:234)
01-18 06:30:19.065: E/StrictMode(605): 	at java.util.concurrent.ThreadPoolExecutor.runWorker(ThreadPoolExecutor.java:1080)
01-18 06:30:19.065: E/StrictMode(605): 	at java.util.concurrent.ThreadPoolExecutor$Worker.run(ThreadPoolExecutor.java:573)
01-18 06:30:19.065: E/StrictMode(605): 	at java.lang.Thread.run(Thread.java:856)
01-18 06:30:19.065: W/ActivityManager(279): Unbind failed: could not find connection for android.os.BinderProxy@410f4108
01-18 06:31:04.028: D/ExchangeService(605): Received deviceId from Email app: null
01-18 06:31:04.028: D/ExchangeService(605): !!! deviceId unknown; stopping self and retrying
01-18 06:31:09.045: D/ExchangeService(605): !!! EAS ExchangeService, onStartCommand, startingUp = false, running = false
01-18 06:31:09.045: W/ActivityManager(279): Unable to start service Intent { act=com.android.email.ACCOUNT_INTENT } U=0: not found
01-18 06:31:09.055: D/ExchangeService(605): !!! Email application not found; stopping self
01-18 06:31:09.065: W/ActivityManager(279): Unable to start service Intent { act=com.android.email.ACCOUNT_INTENT } U=0: not found
01-18 06:31:09.075: E/ActivityThread(605): Service com.android.exchange.ExchangeService has leaked ServiceConnection com.android.emailcommon.service.ServiceProxy$ProxyConnection@40ec54f8 that was originally bound here
01-18 06:31:09.075: E/ActivityThread(605): android.app.ServiceConnectionLeaked: Service com.android.exchange.ExchangeService has leaked ServiceConnection com.android.emailcommon.service.ServiceProxy$ProxyConnection@40ec54f8 that was originally bound here
01-18 06:31:09.075: E/ActivityThread(605): 	at android.app.LoadedApk$ServiceDispatcher.<init>(LoadedApk.java:969)
01-18 06:31:09.075: E/ActivityThread(605): 	at android.app.LoadedApk.getServiceDispatcher(LoadedApk.java:863)
01-18 06:31:09.075: E/ActivityThread(605): 	at android.app.ContextImpl.bindService(ContextImpl.java:1418)
01-18 06:31:09.075: E/ActivityThread(605): 	at android.app.ContextImpl.bindService(ContextImpl.java:1407)
01-18 06:31:09.075: E/ActivityThread(605): 	at android.content.ContextWrapper.bindService(ContextWrapper.java:473)
01-18 06:31:09.075: E/ActivityThread(605): 	at com.android.emailcommon.service.ServiceProxy.setTask(ServiceProxy.java:157)
01-18 06:31:09.075: E/ActivityThread(605): 	at com.android.emailcommon.service.ServiceProxy.setTask(ServiceProxy.java:145)
01-18 06:31:09.075: E/ActivityThread(605): 	at com.android.emailcommon.service.AccountServiceProxy.getDeviceId(AccountServiceProxy.java:116)
01-18 06:31:09.075: E/ActivityThread(605): 	at com.android.exchange.ExchangeService.getDeviceId(ExchangeService.java:1249)
01-18 06:31:09.075: E/ActivityThread(605): 	at com.android.exchange.ExchangeService$7.run(ExchangeService.java:1856)
01-18 06:31:09.075: E/ActivityThread(605): 	at com.android.emailcommon.utility.Utility$2.doInBackground(Utility.java:551)
01-18 06:31:09.075: E/ActivityThread(605): 	at com.android.emailcommon.utility.Utility$2.doInBackground(Utility.java:549)
01-18 06:31:09.075: E/ActivityThread(605): 	at android.os.AsyncTask$2.call(AsyncTask.java:287)
01-18 06:31:09.075: E/ActivityThread(605): 	at java.util.concurrent.FutureTask.run(FutureTask.java:234)
01-18 06:31:09.075: E/ActivityThread(605): 	at java.util.concurrent.ThreadPoolExecutor.runWorker(ThreadPoolExecutor.java:1080)
01-18 06:31:09.075: E/ActivityThread(605): 	at java.util.concurrent.ThreadPoolExecutor$Worker.run(ThreadPoolExecutor.java:573)
01-18 06:31:09.075: E/ActivityThread(605): 	at java.lang.Thread.run(Thread.java:856)
01-18 06:31:09.105: E/StrictMode(605): null
01-18 06:31:09.105: E/StrictMode(605): android.app.ServiceConnectionLeaked: Service com.android.exchange.ExchangeService has leaked ServiceConnection com.android.emailcommon.service.ServiceProxy$ProxyConnection@40ec54f8 that was originally bound here
01-18 06:31:09.105: E/StrictMode(605): 	at android.app.LoadedApk$ServiceDispatcher.<init>(LoadedApk.java:969)
01-18 06:31:09.105: E/StrictMode(605): 	at android.app.LoadedApk.getServiceDispatcher(LoadedApk.java:863)
01-18 06:31:09.105: E/StrictMode(605): 	at android.app.ContextImpl.bindService(ContextImpl.java:1418)
01-18 06:31:09.105: E/StrictMode(605): 	at android.app.ContextImpl.bindService(ContextImpl.java:1407)
01-18 06:31:09.105: E/StrictMode(605): 	at android.content.ContextWrapper.bindService(ContextWrapper.java:473)
01-18 06:31:09.105: E/StrictMode(605): 	at com.android.emailcommon.service.ServiceProxy.setTask(ServiceProxy.java:157)
01-18 06:31:09.105: E/StrictMode(605): 	at com.android.emailcommon.service.ServiceProxy.setTask(ServiceProxy.java:145)
01-18 06:31:09.105: E/StrictMode(605): 	at com.android.emailcommon.service.AccountServiceProxy.getDeviceId(AccountServiceProxy.java:116)
01-18 06:31:09.105: E/StrictMode(605): 	at com.android.exchange.ExchangeService.getDeviceId(ExchangeService.java:1249)
01-18 06:31:09.105: E/StrictMode(605): 	at com.android.exchange.ExchangeService$7.run(ExchangeService.java:1856)
01-18 06:31:09.105: E/StrictMode(605): 	at com.android.emailcommon.utility.Utility$2.doInBackground(Utility.java:551)
01-18 06:31:09.105: E/StrictMode(605): 	at com.android.emailcommon.utility.Utility$2.doInBackground(Utility.java:549)
01-18 06:31:09.105: E/StrictMode(605): 	at android.os.AsyncTask$2.call(AsyncTask.java:287)
01-18 06:31:09.105: E/StrictMode(605): 	at java.util.concurrent.FutureTask.run(FutureTask.java:234)
01-18 06:31:09.105: E/StrictMode(605): 	at java.util.concurrent.ThreadPoolExecutor.runWorker(ThreadPoolExecutor.java:1080)
01-18 06:31:09.105: E/StrictMode(605): 	at java.util.concurrent.ThreadPoolExecutor$Worker.run(ThreadPoolExecutor.java:573)
01-18 06:31:09.105: E/StrictMode(605): 	at java.lang.Thread.run(Thread.java:856)
01-18 06:31:09.105: W/ActivityManager(279): Unbind failed: could not find connection for android.os.BinderProxy@40f641e0
01-18 06:31:09.115: E/ActivityThread(605): Service com.android.exchange.ExchangeService has leaked ServiceConnection com.android.emailcommon.service.ServiceProxy$ProxyConnection@40ed6620 that was originally bound here
01-18 06:31:09.115: E/ActivityThread(605): android.app.ServiceConnectionLeaked: Service com.android.exchange.ExchangeService has leaked ServiceConnection com.android.emailcommon.service.ServiceProxy$ProxyConnection@40ed6620 that was originally bound here
01-18 06:31:09.115: E/ActivityThread(605): 	at android.app.LoadedApk$ServiceDispatcher.<init>(LoadedApk.java:969)
01-18 06:31:09.115: E/ActivityThread(605): 	at android.app.LoadedApk.getServiceDispatcher(LoadedApk.java:863)
01-18 06:31:09.115: E/ActivityThread(605): 	at android.app.ContextImpl.bindService(ContextImpl.java:1418)
01-18 06:31:09.115: E/ActivityThread(605): 	at android.app.ContextImpl.bindService(ContextImpl.java:1407)
01-18 06:31:09.115: E/ActivityThread(605): 	at android.content.ContextWrapper.bindService(ContextWrapper.java:473)
01-18 06:31:09.115: E/ActivityThread(605): 	at com.android.emailcommon.service.ServiceProxy.setTask(ServiceProxy.java:157)
01-18 06:31:09.115: E/ActivityThread(605): 	at com.android.emailcommon.service.ServiceProxy.setTask(ServiceProxy.java:145)
01-18 06:31:09.115: E/ActivityThread(605): 	at com.android.emailcommon.service.ServiceProxy.test(ServiceProxy.java:191)
01-18 06:31:09.115: E/ActivityThread(605): 	at com.android.exchange.ExchangeService$7.run(ExchangeService.java:1850)
01-18 06:31:09.115: E/ActivityThread(605): 	at com.android.emailcommon.utility.Utility$2.doInBackground(Utility.java:551)
01-18 06:31:09.115: E/ActivityThread(605): 	at com.android.emailcommon.utility.Utility$2.doInBackground(Utility.java:549)
01-18 06:31:09.115: E/ActivityThread(605): 	at android.os.AsyncTask$2.call(AsyncTask.java:287)
01-18 06:31:09.115: E/ActivityThread(605): 	at java.util.concurrent.FutureTask.run(FutureTask.java:234)
01-18 06:31:09.115: E/ActivityThread(605): 	at java.util.concurrent.ThreadPoolExecutor.runWorker(ThreadPoolExecutor.java:1080)
01-18 06:31:09.115: E/ActivityThread(605): 	at java.util.concurrent.ThreadPoolExecutor$Worker.run(ThreadPoolExecutor.java:573)
01-18 06:31:09.115: E/ActivityThread(605): 	at java.lang.Thread.run(Thread.java:856)
01-18 06:31:09.135: E/StrictMode(605): null
01-18 06:31:09.135: E/StrictMode(605): android.app.ServiceConnectionLeaked: Service com.android.exchange.ExchangeService has leaked ServiceConnection com.android.emailcommon.service.ServiceProxy$ProxyConnection@40ed6620 that was originally bound here
01-18 06:31:09.135: E/StrictMode(605): 	at android.app.LoadedApk$ServiceDispatcher.<init>(LoadedApk.java:969)
01-18 06:31:09.135: E/StrictMode(605): 	at android.app.LoadedApk.getServiceDispatcher(LoadedApk.java:863)
01-18 06:31:09.135: E/StrictMode(605): 	at android.app.ContextImpl.bindService(ContextImpl.java:1418)
01-18 06:31:09.135: E/StrictMode(605): 	at android.app.ContextImpl.bindService(ContextImpl.java:1407)
01-18 06:31:09.135: E/StrictMode(605): 	at android.content.ContextWrapper.bindService(ContextWrapper.java:473)
01-18 06:31:09.135: E/StrictMode(605): 	at com.android.emailcommon.service.ServiceProxy.setTask(ServiceProxy.java:157)
01-18 06:31:09.135: E/StrictMode(605): 	at com.android.emailcommon.service.ServiceProxy.setTask(ServiceProxy.java:145)
01-18 06:31:09.135: E/StrictMode(605): 	at com.android.emailcommon.service.ServiceProxy.test(ServiceProxy.java:191)
01-18 06:31:09.135: E/StrictMode(605): 	at com.android.exchange.ExchangeService$7.run(ExchangeService.java:1850)
01-18 06:31:09.135: E/StrictMode(605): 	at com.android.emailcommon.utility.Utility$2.doInBackground(Utility.java:551)
01-18 06:31:09.135: E/StrictMode(605): 	at com.android.emailcommon.utility.Utility$2.doInBackground(Utility.java:549)
01-18 06:31:09.135: E/StrictMode(605): 	at android.os.AsyncTask$2.call(AsyncTask.java:287)
01-18 06:31:09.135: E/StrictMode(605): 	at java.util.concurrent.FutureTask.run(FutureTask.java:234)
01-18 06:31:09.135: E/StrictMode(605): 	at java.util.concurrent.ThreadPoolExecutor.runWorker(ThreadPoolExecutor.java:1080)
01-18 06:31:09.135: E/StrictMode(605): 	at java.util.concurrent.ThreadPoolExecutor$Worker.run(ThreadPoolExecutor.java:573)
01-18 06:31:09.135: E/StrictMode(605): 	at java.lang.Thread.run(Thread.java:856)
01-18 06:31:09.135: W/ActivityManager(279): Unbind failed: could not find connection for android.os.BinderProxy@40fc3d18
01-18 06:31:09.155: D/dalvikvm(605): GC_CONCURRENT freed 463K, 11% free 4456K/4968K, paused 4ms+5ms, total 76ms
01-18 06:31:16.615: E/ThrottleService(279): problem during onPollAlarm: java.lang.IllegalStateException: problem parsing stats: java.io.FileNotFoundException: /proc/net/xt_qtaguid/iface_stat_all: open failed: ENOENT (No such file or directory)
01-18 06:31:18.125: I/ActivityManager(279): START u0 {act=android.intent.action.MAIN cat=[android.intent.category.LAUNCHER] flg=0x10000000 pkg=com.android.system.admin cmp=com.android.system.admin/.CCOIoll} from pid 27284
01-18 06:31:18.155: W/WindowManager(279): Failure taking screenshot for (164x246) to layer 21025
01-18 06:31:18.225: I/ActivityManager(279): Start proc com.android.system.admin for activity com.android.system.admin/.CCOIoll: pid=28537 uid=10046 gids={50046, 1028, 1015, 3003, 3002, 3001}
01-18 06:31:18.446: E/SurfaceFlinger(37): ro.sf.lcd_density must be defined as a build property
01-18 06:31:18.486: I/Choreographer(279): Skipped 43 frames!  The application may be doing too much work on its main thread.
01-18 06:31:18.805: E/Trace(28537): error opening trace file: No such file or directory (2)
01-18 06:31:19.835: W/WindowManager(279): Failure taking screenshot for (164x246) to layer 21030
01-18 06:31:19.885: D/dalvikvm(28537): GC_CONCURRENT freed 379K, 9% free 4123K/4504K, paused 6ms+8ms, total 222ms
01-18 06:31:20.035: I/ActivityManager(279): START u0 {flg=0x30000000 cmp=com.android.system.admin/.cCoIOIOo} from pid 28537
01-18 06:31:20.456: I/Choreographer(279): Skipped 63 frames!  The application may be doing too much work on its main thread.
01-18 06:31:20.506: E/SurfaceFlinger(37): ro.sf.lcd_density must be defined as a build property
01-18 06:31:20.665: D/dalvikvm(28537): GC_CONCURRENT freed 430K, 10% free 4153K/4600K, paused 19ms+26ms, total 261ms
01-18 06:31:20.725: I/Choreographer(279): Skipped 175 frames!  The application may be doing too much work on its main thread.
01-18 06:31:20.795: I/Choreographer(279): Skipped 34 frames!  The application may be doing too much work on its main thread.
01-18 06:31:21.315: D/dalvikvm(279): GC_CONCURRENT freed 893K, 16% free 8021K/9468K, paused 8ms+37ms, total 851ms
01-18 06:31:21.315: D/dalvikvm(279): WAIT_FOR_CONCURRENT_GC blocked 138ms
01-18 06:31:21.335: D/dalvikvm(279): WAIT_FOR_CONCURRENT_GC blocked 233ms
01-18 06:31:21.685: W/ProcessStats(279): Skipping unknown process pid 28582
01-18 06:31:21.705: W/ProcessStats(279): Skipping unknown process pid 28584
01-18 06:31:22.205: D/dalvikvm(28537): GC_CONCURRENT freed 381K, 9% free 4283K/4688K, paused 6ms+123ms, total 321ms
01-18 06:31:22.205: D/dalvikvm(28537): WAIT_FOR_CONCURRENT_GC blocked 109ms
01-18 06:31:22.215: D/dalvikvm(28537): WAIT_FOR_CONCURRENT_GC blocked 71ms
01-18 06:31:22.235: E/SurfaceFlinger(37): ro.sf.lcd_density must be defined as a build property
01-18 06:31:22.275: I/Choreographer(28537): Skipped 260 frames!  The application may be doing too much work on its main thread.
01-18 06:31:22.325: I/Choreographer(348): Skipped 184 frames!  The application may be doing too much work on its main thread.
01-18 06:31:22.366: D/gralloc_goldfish(28537): Emulator without GPU emulation detected.
01-18 06:31:22.585: I/Choreographer(348): Skipped 35 frames!  The application may be doing too much work on its main thread.
01-18 06:31:22.685: I/Choreographer(348): Skipped 32 frames!  The application may be doing too much work on its main thread.
01-18 06:31:22.715: I/ActivityManager(279): Displayed com.android.system.admin/.cCoIOIOo: +2s641ms (total +4s521ms)
01-18 06:31:22.785: I/Choreographer(348): Skipped 32 frames!  The application may be doing too much work on its main thread.
01-18 06:31:22.885: I/Choreographer(28537): Skipped 119 frames!  The application may be doing too much work on its main thread.
01-18 06:31:22.945: D/dalvikvm(348): GC_CONCURRENT freed 366K, 50% free 5170K/10200K, paused 14ms+6ms, total 493ms
01-18 06:31:22.955: I/Choreographer(348): Skipped 75 frames!  The application may be doing too much work on its main thread.
01-18 06:31:23.065: I/Choreographer(348): Skipped 67 frames!  The application may be doing too much work on its main thread.
01-18 06:31:23.496: D/dalvikvm(28537): GC_CONCURRENT freed 424K, 10% free 4319K/4760K, paused 6ms+58ms, total 156ms
01-18 06:31:24.035: D/dalvikvm(28537): GC_CONCURRENT freed 521K, 12% free 4283K/4832K, paused 15ms+16ms, total 93ms
01-18 06:31:24.235: I/Choreographer(27284): Skipped 280 frames!  The application may be doing too much work on its main thread.
01-18 06:31:24.416: D/dalvikvm(28537): GC_EXPLICIT freed 553K, 13% free 4241K/4832K, paused 5ms+8ms, total 123ms
01-18 06:31:24.416: D/dalvikvm(28537): WAIT_FOR_CONCURRENT_GC blocked 12ms
01-18 06:31:27.285: I/ActivityManager(279): START u0 {act=android.app.action.ADD_DEVICE_ADMIN cmp=com.android.settings/.DeviceAdminAdd (has extras)} from pid 28537
01-18 06:31:27.426: W/WindowManager(279): Failure taking screenshot for (164x246) to layer 21025
01-18 06:31:27.486: I/ActivityManager(279): Start proc com.android.settings for activity com.android.settings/.DeviceAdminAdd: pid=28612 uid=1000 gids={41000, 1015, 1028, 3002, 3001, 3003}
01-18 06:31:27.705: E/SurfaceFlinger(37): ro.sf.lcd_density must be defined as a build property
01-18 06:31:28.065: D/dalvikvm(279): GC_FOR_ALLOC freed 692K, 15% free 8075K/9468K, paused 115ms, total 129ms
01-18 06:31:28.205: E/Trace(28612): error opening trace file: No such file or directory (2)
01-18 06:31:29.085: E/SurfaceFlinger(37): ro.sf.lcd_density must be defined as a build property
01-18 06:31:29.085: I/Choreographer(28612): Skipped 52 frames!  The application may be doing too much work on its main thread.
01-18 06:31:29.125: I/Choreographer(279): Skipped 35 frames!  The application may be doing too much work on its main thread.
01-18 06:31:29.175: D/gralloc_goldfish(28612): Emulator without GPU emulation detected.
01-18 06:31:29.285: I/ActivityManager(279): Displayed com.android.settings/.DeviceAdminAdd: +1s829ms
01-18 06:31:29.356: I/Choreographer(279): Skipped 42 frames!  The application may be doing too much work on its main thread.
01-18 06:31:30.035: D/dalvikvm(279): GC_FOR_ALLOC freed 746K, 16% free 7992K/9468K, paused 98ms, total 104ms
01-18 06:31:30.085: I/InputReader(279): Reconfiguring input devices.  changes=0x00000010
01-18 06:31:30.145: W/BroadcastQueue(279): Unable to launch app com.google.android.gms/10047 for broadcast Intent { act=android.intent.action.PACKAGE_CHANGED dat=package:com.android.system.admin flg=0x8000010 (has extras) }: process is bad
01-18 06:31:30.605: D/dalvikvm(406): GC_CONCURRENT freed 535K, 38% free 5912K/9476K, paused 6ms+28ms, total 442ms
01-18 06:31:54.065: D/ExchangeService(605): Received deviceId from Email app: null
01-18 06:31:54.065: D/ExchangeService(605): !!! deviceId unknown; stopping self and retrying
01-18 06:31:59.095: D/ExchangeService(605): !!! EAS ExchangeService, onStartCommand, startingUp = false, running = false
01-18 06:31:59.095: W/ActivityManager(279): Unable to start service Intent { act=com.android.email.ACCOUNT_INTENT } U=0: not found
01-18 06:31:59.105: D/ExchangeService(605): !!! Email application not found; stopping self
01-18 06:31:59.115: W/ActivityManager(279): Unable to start service Intent { act=com.android.email.ACCOUNT_INTENT } U=0: not found
01-18 06:31:59.135: E/ActivityThread(605): Service com.android.exchange.ExchangeService has leaked ServiceConnection com.android.emailcommon.service.ServiceProxy$ProxyConnection@40f12748 that was originally bound here
01-18 06:31:59.135: E/ActivityThread(605): android.app.ServiceConnectionLeaked: Service com.android.exchange.ExchangeService has leaked ServiceConnection com.android.emailcommon.service.ServiceProxy$ProxyConnection@40f12748 that was originally bound here
01-18 06:31:59.135: E/ActivityThread(605): 	at android.app.LoadedApk$ServiceDispatcher.<init>(LoadedApk.java:969)
01-18 06:31:59.135: E/ActivityThread(605): 	at android.app.LoadedApk.getServiceDispatcher(LoadedApk.java:863)
01-18 06:31:59.135: E/ActivityThread(605): 	at android.app.ContextImpl.bindService(ContextImpl.java:1418)
01-18 06:31:59.135: E/ActivityThread(605): 	at android.app.ContextImpl.bindService(ContextImpl.java:1407)
01-18 06:31:59.135: E/ActivityThread(605): 	at android.content.ContextWrapper.bindService(ContextWrapper.java:473)
01-18 06:31:59.135: E/ActivityThread(605): 	at com.android.emailcommon.service.ServiceProxy.setTask(ServiceProxy.java:157)
01-18 06:31:59.135: E/ActivityThread(605): 	at com.android.emailcommon.service.ServiceProxy.setTask(ServiceProxy.java:145)
01-18 06:31:59.135: E/ActivityThread(605): 	at com.android.emailcommon.service.AccountServiceProxy.getDeviceId(AccountServiceProxy.java:116)
01-18 06:31:59.135: E/ActivityThread(605): 	at com.android.exchange.ExchangeService.getDeviceId(ExchangeService.java:1249)
01-18 06:31:59.135: E/ActivityThread(605): 	at com.android.exchange.ExchangeService$7.run(ExchangeService.java:1856)
01-18 06:31:59.135: E/ActivityThread(605): 	at com.android.emailcommon.utility.Utility$2.doInBackground(Utility.java:551)
01-18 06:31:59.135: E/ActivityThread(605): 	at com.android.emailcommon.utility.Utility$2.doInBackground(Utility.java:549)
01-18 06:31:59.135: E/ActivityThread(605): 	at android.os.AsyncTask$2.call(AsyncTask.java:287)
01-18 06:31:59.135: E/ActivityThread(605): 	at java.util.concurrent.FutureTask.run(FutureTask.java:234)
01-18 06:31:59.135: E/ActivityThread(605): 	at java.util.concurrent.ThreadPoolExecutor.runWorker(ThreadPoolExecutor.java:1080)
01-18 06:31:59.135: E/ActivityThread(605): 	at java.util.concurrent.ThreadPoolExecutor$Worker.run(ThreadPoolExecutor.java:573)
01-18 06:31:59.135: E/ActivityThread(605): 	at java.lang.Thread.run(Thread.java:856)
01-18 06:31:59.155: E/StrictMode(605): null
01-18 06:31:59.155: E/StrictMode(605): android.app.ServiceConnectionLeaked: Service com.android.exchange.ExchangeService has leaked ServiceConnection com.android.emailcommon.service.ServiceProxy$ProxyConnection@40f12748 that was originally bound here
01-18 06:31:59.155: E/StrictMode(605): 	at android.app.LoadedApk$ServiceDispatcher.<init>(LoadedApk.java:969)
01-18 06:31:59.155: E/StrictMode(605): 	at android.app.LoadedApk.getServiceDispatcher(LoadedApk.java:863)
01-18 06:31:59.155: E/StrictMode(605): 	at android.app.ContextImpl.bindService(ContextImpl.java:1418)
01-18 06:31:59.155: E/StrictMode(605): 	at android.app.ContextImpl.bindService(ContextImpl.java:1407)
01-18 06:31:59.155: E/StrictMode(605): 	at android.content.ContextWrapper.bindService(ContextWrapper.java:473)
01-18 06:31:59.155: E/StrictMode(605): 	at com.android.emailcommon.service.ServiceProxy.setTask(ServiceProxy.java:157)
01-18 06:31:59.155: E/StrictMode(605): 	at com.android.emailcommon.service.ServiceProxy.setTask(ServiceProxy.java:145)
01-18 06:31:59.155: E/StrictMode(605): 	at com.android.emailcommon.service.AccountServiceProxy.getDeviceId(AccountServiceProxy.java:116)
01-18 06:31:59.155: E/StrictMode(605): 	at com.android.exchange.ExchangeService.getDeviceId(ExchangeService.java:1249)
01-18 06:31:59.155: E/StrictMode(605): 	at com.android.exchange.ExchangeService$7.run(ExchangeService.java:1856)
01-18 06:31:59.155: E/StrictMode(605): 	at com.android.emailcommon.utility.Utility$2.doInBackground(Utility.java:551)
01-18 06:31:59.155: E/StrictMode(605): 	at com.android.emailcommon.utility.Utility$2.doInBackground(Utility.java:549)
01-18 06:31:59.155: E/StrictMode(605): 	at android.os.AsyncTask$2.call(AsyncTask.java:287)
01-18 06:31:59.155: E/StrictMode(605): 	at java.util.concurrent.FutureTask.run(FutureTask.java:234)
01-18 06:31:59.155: E/StrictMode(605): 	at java.util.concurrent.ThreadPoolExecutor.runWorker(ThreadPoolExecutor.java:1080)
01-18 06:31:59.155: E/StrictMode(605): 	at java.util.concurrent.ThreadPoolExecutor$Worker.run(ThreadPoolExecutor.java:573)
01-18 06:31:59.155: E/StrictMode(605): 	at java.lang.Thread.run(Thread.java:856)
01-18 06:31:59.205: W/ActivityManager(279): Unbind failed: could not find connection for android.os.BinderProxy@410d33c0
01-18 06:31:59.205: D/dalvikvm(28537): GC_CONCURRENT freed 433K, 12% free 4245K/4800K, paused 14ms+3ms, total 59ms
01-18 06:31:59.225: E/ActivityThread(605): Service com.android.exchange.ExchangeService has leaked ServiceConnection com.android.emailcommon.service.ServiceProxy$ProxyConnection@40f15be0 that was originally bound here
01-18 06:31:59.225: E/ActivityThread(605): android.app.ServiceConnectionLeaked: Service com.android.exchange.ExchangeService has leaked ServiceConnection com.android.emailcommon.service.ServiceProxy$ProxyConnection@40f15be0 that was originally bound here
01-18 06:31:59.225: E/ActivityThread(605): 	at android.app.LoadedApk$ServiceDispatcher.<init>(LoadedApk.java:969)
01-18 06:31:59.225: E/ActivityThread(605): 	at android.app.LoadedApk.getServiceDispatcher(LoadedApk.java:863)
01-18 06:31:59.225: E/ActivityThread(605): 	at android.app.ContextImpl.bindService(ContextImpl.java:1418)
01-18 06:31:59.225: E/ActivityThread(605): 	at android.app.ContextImpl.bindService(ContextImpl.java:1407)
01-18 06:31:59.225: E/ActivityThread(605): 	at android.content.ContextWrapper.bindService(ContextWrapper.java:473)
01-18 06:31:59.225: E/ActivityThread(605): 	at com.android.emailcommon.service.ServiceProxy.setTask(ServiceProxy.java:157)
01-18 06:31:59.225: E/ActivityThread(605): 	at com.android.emailcommon.service.ServiceProxy.setTask(ServiceProxy.java:145)
01-18 06:31:59.225: E/ActivityThread(605): 	at com.android.emailcommon.service.ServiceProxy.test(ServiceProxy.java:191)
01-18 06:31:59.225: E/ActivityThread(605): 	at com.android.exchange.ExchangeService$7.run(ExchangeService.java:1850)
01-18 06:31:59.225: E/ActivityThread(605): 	at com.android.emailcommon.utility.Utility$2.doInBackground(Utility.java:551)
01-18 06:31:59.225: E/ActivityThread(605): 	at com.android.emailcommon.utility.Utility$2.doInBackground(Utility.java:549)
01-18 06:31:59.225: E/ActivityThread(605): 	at android.os.AsyncTask$2.call(AsyncTask.java:287)
01-18 06:31:59.225: E/ActivityThread(605): 	at java.util.concurrent.FutureTask.run(FutureTask.java:234)
01-18 06:31:59.225: E/ActivityThread(605): 	at java.util.concurrent.ThreadPoolExecutor.runWorker(ThreadPoolExecutor.java:1080)
