01-18 06:21:57.825: E/StrictMode(605): 	at com.android.emailcommon.utility.Utility$2.doInBackground(Utility.java:549)
01-18 06:21:57.825: E/StrictMode(605): 	at android.os.AsyncTask$2.call(AsyncTask.java:287)
01-18 06:21:57.825: E/StrictMode(605): 	at java.util.concurrent.FutureTask.run(FutureTask.java:234)
01-18 06:21:57.825: E/StrictMode(605): 	at java.util.concurrent.ThreadPoolExecutor.runWorker(ThreadPoolExecutor.java:1080)
01-18 06:21:57.825: E/StrictMode(605): 	at java.util.concurrent.ThreadPoolExecutor$Worker.run(ThreadPoolExecutor.java:573)
01-18 06:21:57.825: E/StrictMode(605): 	at java.lang.Thread.run(Thread.java:856)
01-18 06:21:57.825: W/ActivityManager(279): Unbind failed: could not find connection for android.os.BinderProxy@40f57ab8
01-18 06:21:57.835: E/ActivityThread(605): Service com.android.exchange.ExchangeService has leaked ServiceConnection com.android.emailcommon.service.ServiceProxy$ProxyConnection@40f15be0 that was originally bound here
01-18 06:21:57.835: E/ActivityThread(605): android.app.ServiceConnectionLeaked: Service com.android.exchange.ExchangeService has leaked ServiceConnection com.android.emailcommon.service.ServiceProxy$ProxyConnection@40f15be0 that was originally bound here
01-18 06:21:57.835: E/ActivityThread(605): 	at android.app.LoadedApk$ServiceDispatcher.<init>(LoadedApk.java:969)
01-18 06:21:57.835: E/ActivityThread(605): 	at android.app.LoadedApk.getServiceDispatcher(LoadedApk.java:863)
01-18 06:21:57.835: E/ActivityThread(605): 	at android.app.ContextImpl.bindService(ContextImpl.java:1418)
01-18 06:21:57.835: E/ActivityThread(605): 	at android.app.ContextImpl.bindService(ContextImpl.java:1407)
01-18 06:21:57.835: E/ActivityThread(605): 	at android.content.ContextWrapper.bindService(ContextWrapper.java:473)
01-18 06:21:57.835: E/ActivityThread(605): 	at com.android.emailcommon.service.ServiceProxy.setTask(ServiceProxy.java:157)
01-18 06:21:57.835: E/ActivityThread(605): 	at com.android.emailcommon.service.ServiceProxy.setTask(ServiceProxy.java:145)
01-18 06:21:57.835: E/ActivityThread(605): 	at com.android.emailcommon.service.ServiceProxy.test(ServiceProxy.java:191)
01-18 06:21:57.835: E/ActivityThread(605): 	at com.android.exchange.ExchangeService$7.run(ExchangeService.java:1850)
01-18 06:21:57.835: E/ActivityThread(605): 	at com.android.emailcommon.utility.Utility$2.doInBackground(Utility.java:551)
01-18 06:21:57.835: E/ActivityThread(605): 	at com.android.emailcommon.utility.Utility$2.doInBackground(Utility.java:549)
01-18 06:21:57.835: E/ActivityThread(605): 	at android.os.AsyncTask$2.call(AsyncTask.java:287)
01-18 06:21:57.835: E/ActivityThread(605): 	at java.util.concurrent.FutureTask.run(FutureTask.java:234)
01-18 06:21:57.835: E/ActivityThread(605): 	at java.util.concurrent.ThreadPoolExecutor.runWorker(ThreadPoolExecutor.java:1080)
01-18 06:21:57.835: E/ActivityThread(605): 	at java.util.concurrent.ThreadPoolExecutor$Worker.run(ThreadPoolExecutor.java:573)
01-18 06:21:57.835: E/ActivityThread(605): 	at java.lang.Thread.run(Thread.java:856)
01-18 06:21:57.845: E/StrictMode(605): null
01-18 06:21:57.845: E/StrictMode(605): android.app.ServiceConnectionLeaked: Service com.android.exchange.ExchangeService has leaked ServiceConnection com.android.emailcommon.service.ServiceProxy$ProxyConnection@40f15be0 that was originally bound here
01-18 06:21:57.845: E/StrictMode(605): 	at android.app.LoadedApk$ServiceDispatcher.<init>(LoadedApk.java:969)
01-18 06:21:57.845: E/StrictMode(605): 	at android.app.LoadedApk.getServiceDispatcher(LoadedApk.java:863)
01-18 06:21:57.845: E/StrictMode(605): 	at android.app.ContextImpl.bindService(ContextImpl.java:1418)
01-18 06:21:57.845: E/StrictMode(605): 	at android.app.ContextImpl.bindService(ContextImpl.java:1407)
01-18 06:21:57.845: E/StrictMode(605): 	at android.content.ContextWrapper.bindService(ContextWrapper.java:473)
01-18 06:21:57.845: E/StrictMode(605): 	at com.android.emailcommon.service.ServiceProxy.setTask(ServiceProxy.java:157)
01-18 06:21:57.845: E/StrictMode(605): 	at com.android.emailcommon.service.ServiceProxy.setTask(ServiceProxy.java:145)
01-18 06:21:57.845: E/StrictMode(605): 	at com.android.emailcommon.service.ServiceProxy.test(ServiceProxy.java:191)
01-18 06:21:57.845: E/StrictMode(605): 	at com.android.exchange.ExchangeService$7.run(ExchangeService.java:1850)
01-18 06:21:57.845: E/StrictMode(605): 	at com.android.emailcommon.utility.Utility$2.doInBackground(Utility.java:551)
01-18 06:21:57.845: E/StrictMode(605): 	at com.android.emailcommon.utility.Utility$2.doInBackground(Utility.java:549)
01-18 06:21:57.845: E/StrictMode(605): 	at android.os.AsyncTask$2.call(AsyncTask.java:287)
01-18 06:21:57.845: E/StrictMode(605): 	at java.util.concurrent.FutureTask.run(FutureTask.java:234)
01-18 06:21:57.845: E/StrictMode(605): 	at java.util.concurrent.ThreadPoolExecutor.runWorker(ThreadPoolExecutor.java:1080)
01-18 06:21:57.845: E/StrictMode(605): 	at java.util.concurrent.ThreadPoolExecutor$Worker.run(ThreadPoolExecutor.java:573)
01-18 06:21:57.845: E/StrictMode(605): 	at java.lang.Thread.run(Thread.java:856)
01-18 06:21:57.855: W/ActivityManager(279): Unbind failed: could not find connection for android.os.BinderProxy@4111e618
01-18 06:22:19.950: I/Choreographer(406): Skipped 57 frames!  The application may be doing too much work on its main thread.
01-18 06:22:20.115: D/Launcher.Model(406): DbDebug    Modify item (ES File Explorer) in db, id: 16 (-100, 2, 0, 0) --> (-100, 2, 0, 0)
01-18 06:22:20.135: D/Launcher.Model(406): DbDebug    Modify item (ES File Explorer) in db, id: 16 (-100, 2, 0, 0) --> (-100, 2, 0, 1)
01-18 06:22:20.155: I/Choreographer(406): Skipped 133 frames!  The application may be doing too much work on its main thread.
01-18 06:22:20.305: I/Choreographer(406): Skipped 84 frames!  The application may be doing too much work on its main thread.
01-18 06:22:20.395: I/Choreographer(406): Skipped 62 frames!  The application may be doing too much work on its main thread.
01-18 06:22:24.396: I/ActivityManager(279): START u0 {act=android.intent.action.MAIN cat=[android.intent.category.LAUNCHER] flg=0x10200000 cmp=com.estrongs.android.pop/.view.FileExplorerActivity bnds=[0,143][80,243]} from pid 406
01-18 06:22:24.515: D/dalvikvm(279): GC_FOR_ALLOC freed 673K, 14% free 8187K/9468K, paused 98ms, total 105ms
01-18 06:22:24.525: W/WindowManager(279): Failure taking screenshot for (164x246) to layer 21020
01-18 06:22:24.635: D/dalvikvm(279): GC_FOR_ALLOC freed 318K, 14% free 8157K/9468K, paused 87ms, total 88ms
01-18 06:22:24.655: I/Choreographer(279): Skipped 66 frames!  The application may be doing too much work on its main thread.
01-18 06:22:24.705: I/ActivityManager(279): No longer want com.android.gallery3d (pid 23139): empty for 1820s
01-18 06:22:24.725: I/ActivityManager(279): No longer want android.process.acore (pid 23229): empty for 1820s
01-18 06:22:24.735: I/ActivityManager(279): No longer want com.android.musicfx (pid 23123): empty for 1820s
01-18 06:22:24.735: I/ActivityManager(279): No longer want com.android.keychain (pid 23505): empty for 1820s
01-18 06:22:24.735: I/ActivityManager(279): No longer want com.android.voicedialer (pid 23086): empty for 1821s
01-18 06:22:24.755: I/ActivityManager(279): No longer want com.android.packageinstaller (pid 22686): empty for 1823s
01-18 06:22:24.866: I/Choreographer(406): Skipped 73 frames!  The application may be doing too much work on its main thread.
01-18 06:22:24.936: I/Choreographer(21813): Skipped 101 frames!  The application may be doing too much work on its main thread.
01-18 06:22:25.056: V/PhoneStatusBar(348): setLightsOn(true)
01-18 06:22:25.095: E/SurfaceFlinger(37): ro.sf.lcd_density must be defined as a build property
01-18 06:22:25.155: I/Choreographer(21813): Skipped 135 frames!  The application may be doing too much work on its main thread.
01-18 06:22:26.485: D/dalvikvm(279): GC_FOR_ALLOC freed 496K, 16% free 8036K/9468K, paused 275ms, total 288ms
01-18 06:22:32.775: I/ActivityManager(279): START u0 {act=android.intent.action.VIEW cat=[android.intent.category.DEFAULT] dat=/sdcard/malware_apk/Android.Beita/Android.Beita_com.beita.contact_10953B741D166D9E22937FE00FBF1038.apk cmp=com.android.packageinstaller/.PackageInstallerActivity} from pid 21813
01-18 06:22:32.785: W/WindowManager(279): Failure taking screenshot for (164x246) to layer 21020
01-18 06:22:32.815: I/Choreographer(21813): Skipped 34 frames!  The application may be doing too much work on its main thread.
01-18 06:22:32.916: E/SurfaceFlinger(37): ro.sf.lcd_density must be defined as a build property
01-18 06:22:33.016: I/ActivityManager(279): Start proc com.android.packageinstaller for activity com.android.packageinstaller/.PackageInstallerActivity: pid=27284 uid=10006 gids={50006, 1028}
01-18 06:22:33.275: E/Trace(27284): error opening trace file: No such file or directory (2)
01-18 06:22:33.645: W/PackageParser(27284): No actions in intent filter at /sdcard/malware_apk/Android.Beita/Android.Beita_com.beita.contact_10953B741D166D9E22937FE00FBF1038.apk Binary XML file line #39
01-18 06:22:34.205: D/dalvikvm(27284): GC_CONCURRENT freed 117K, 4% free 4330K/4468K, paused 5ms+5ms, total 100ms
01-18 06:22:34.335: E/SurfaceFlinger(37): ro.sf.lcd_density must be defined as a build property
01-18 06:22:34.345: I/Choreographer(27284): Skipped 110 frames!  The application may be doing too much work on its main thread.
01-18 06:22:34.385: D/gralloc_goldfish(27284): Emulator without GPU emulation detected.
01-18 06:22:34.585: D/dalvikvm(279): GC_FOR_ALLOC freed 685K, 17% free 7869K/9468K, paused 127ms, total 131ms
01-18 06:22:34.645: I/ActivityManager(279): Displayed com.android.packageinstaller/.PackageInstallerActivity: +1s655ms
01-18 06:22:34.685: I/Choreographer(279): Skipped 37 frames!  The application may be doing too much work on its main thread.
01-18 06:22:35.866: W/WindowManager(279): Failure taking screenshot for (164x246) to layer 21025
01-18 06:22:35.986: I/Choreographer(21813): Skipped 57 frames!  The application may be doing too much work on its main thread.
01-18 06:22:36.066: V/PhoneStatusBar(348): setLightsOn(true)
01-18 06:22:36.115: E/SurfaceFlinger(37): ro.sf.lcd_density must be defined as a build property
01-18 06:22:36.205: I/Choreographer(21813): Skipped 144 frames!  The application may be doing too much work on its main thread.
01-18 06:22:36.515: I/Choreographer(279): Skipped 33 frames!  The application may be doing too much work on its main thread.
01-18 06:22:36.515: I/Choreographer(21813): Skipped 35 frames!  The application may be doing too much work on its main thread.
01-18 06:22:36.835: I/ActivityManager(279): No longer want cm.aptoide.pt (pid 23152): empty for 1832s
01-18 06:22:36.866: W/ActivityManager(279): Scheduling restart of crashed service cm.aptoide.pt/.services.MainService in 5000ms
01-18 06:22:36.866: W/ActivityManager(279): Scheduling restart of crashed service cm.aptoide.pt/.services.ServiceManagerDownload in 14999ms
01-18 06:22:37.285: I/Choreographer(21813): Skipped 37 frames!  The application may be doing too much work on its main thread.
01-18 06:22:41.906: I/ActivityManager(279): Start proc cm.aptoide.pt for service cm.aptoide.pt/.services.MainService: pid=27341 uid=10044 gids={50044, 3003, 1015, 1028}
01-18 06:22:41.956: I/dalvikvm(27341): Turning on JNI app bug workarounds for target SDK version 10...
01-18 06:22:42.016: E/Trace(27341): error opening trace file: No such file or directory (2)
01-18 06:22:42.275: D/dalvikvm(27341): GC_CONCURRENT freed 164K, 5% free 4329K/4516K, paused 6ms+5ms, total 78ms
01-18 06:22:42.435: D/dalvikvm(27341): GC_CONCURRENT freed 178K, 5% free 4597K/4816K, paused 5ms+3ms, total 36ms
01-18 06:22:42.435: D/dalvikvm(27341): WAIT_FOR_CONCURRENT_GC blocked 20ms
01-18 06:22:42.475: D/dalvikvm(27341): GC_FOR_ALLOC freed 274K, 9% free 4645K/5088K, paused 26ms, total 27ms
01-18 06:22:42.515: D/dalvikvm(27341): GC_FOR_ALLOC freed 241K, 9% free 4722K/5152K, paused 26ms, total 26ms
01-18 06:22:42.665: D/dalvikvm(27341): GC_CONCURRENT freed 236K, 7% free 4913K/5232K, paused 5ms+6ms, total 57ms
01-18 06:22:42.815: D/ExchangeService(605): Received deviceId from Email app: null
01-18 06:22:42.815: D/ExchangeService(605): !!! deviceId unknown; stopping self and retrying
01-18 06:22:42.936: D/dalvikvm(27341): GC_CONCURRENT freed 93K, 3% free 5280K/5400K, paused 5ms+15ms, total 70ms
01-18 06:22:43.185: D/dalvikvm(27341): GC_CONCURRENT freed 258K, 5% free 5459K/5744K, paused 4ms+13ms, total 73ms
01-18 06:22:43.475: D/dalvikvm(27341): GC_CONCURRENT freed 414K, 8% free 5520K/5960K, paused 4ms+16ms, total 90ms
01-18 06:22:43.715: D/dalvikvm(27341): GC_CONCURRENT freed 446K, 9% free 5534K/6016K, paused 5ms+13ms, total 91ms
01-18 06:22:43.936: D/ACRA(27341): ACRA is enabled for cm.aptoide.pt, intializing...
01-18 06:22:43.956: D/dalvikvm(27341): GC_CONCURRENT freed 432K, 8% free 5571K/6048K, paused 5ms+4ms, total 83ms
01-18 06:22:43.996: D/ACRA(27341): Looking for error files in /data/data/cm.aptoide.pt/files
01-18 06:22:43.996: D/ACRA(27341): Looking for error files in /data/data/cm.aptoide.pt/files
01-18 06:22:44.026: D/Brand(27341): brand_aptoide
01-18 06:22:44.026: D/Mature content Switch(27341): true
01-18 06:22:44.036: D/Mature content value(27341): true
01-18 06:22:44.036: D/Multiple stores(27341): true
01-18 06:22:44.036: D/Search stores(27341): true
01-18 06:22:44.036: D/Custom editors choice(27341): false
01-18 06:22:44.036: D/Aptoide theme(27341): default
01-18 06:22:44.036: D/Market name(27341): Aptoide
01-18 06:22:44.036: D/AdUnitId(27341): 414142966261b69daaad0956888da76d
01-18 06:22:44.046: D/Store Theme(27341): magalhaes
01-18 06:22:44.046: D/Store avatar(27341): http://cdn1.aptoide.com/includes/themes/default/images/repo_default_icon.png
01-18 06:22:44.046: D/Store description(27341): Magalhes Market: free educational apps
01-18 06:22:44.046: D/Store view(27341): list
01-18 06:22:44.046: D/Store items(27341): applications,games,top_apps,latest_apps,latest_comments,latest_likes,favorites,recommended
01-18 06:22:44.085: V/Aptoide-ManagerPreferences(27341): gotSharedPreferences: aptoide_preferences
01-18 06:22:47.815: E/BitmapFactory(21813): Unable to decode stream: java.io.FileNotFoundException: /data/data/com.estrongs.android.pop/cache/.apps/s.sdcard.malware_apk.AndroidOBada.E1064BFD836E4C895B569B2DE4700284.apk: open failed: ENOENT (No such file or directory)
01-18 06:22:47.866: D/ExchangeService(605): !!! EAS ExchangeService, onCreate
01-18 06:22:47.875: D/ExchangeService(605): !!! EAS ExchangeService, onStartCommand, startingUp = false, running = false
01-18 06:22:47.886: W/ActivityManager(279): Unable to start service Intent { act=com.android.email.ACCOUNT_INTENT } U=0: not found
01-18 06:22:47.886: D/ExchangeService(605): !!! EAS ExchangeService, onStartCommand, startingUp = true, running = false
01-18 06:22:47.966: D/ExchangeService(605): !!! Email application not found; stopping self
01-18 06:22:47.976: E/BitmapFactory(21813): Unable to decode stream: java.io.FileNotFoundException: /data/data/com.estrongs.android.pop/cache/.apps/s.sdcard.malware_apk.AndroidOBada.F7BE25E4F19A3A82D2E206DE8AC979C8.apk: open failed: ENOENT (No such file or directory)
01-18 06:22:48.095: W/ActivityManager(279): Unable to start service Intent { act=com.android.email.ACCOUNT_INTENT } U=0: not found
01-18 06:22:48.155: E/ActivityThread(605): Service com.android.exchange.ExchangeService has leaked ServiceConnection com.android.emailcommon.service.ServiceProxy$ProxyConnection@40ed0610 that was originally bound here
01-18 06:22:48.155: E/ActivityThread(605): android.app.ServiceConnectionLeaked: Service com.android.exchange.ExchangeService has leaked ServiceConnection com.android.emailcommon.service.ServiceProxy$ProxyConnection@40ed0610 that was originally bound here
01-18 06:22:48.155: E/ActivityThread(605): 	at android.app.LoadedApk$ServiceDispatcher.<init>(LoadedApk.java:969)
01-18 06:22:48.155: E/ActivityThread(605): 	at android.app.LoadedApk.getServiceDispatcher(LoadedApk.java:863)
01-18 06:22:48.155: E/ActivityThread(605): 	at android.app.ContextImpl.bindService(ContextImpl.java:1418)
01-18 06:22:48.155: E/ActivityThread(605): 	at android.app.ContextImpl.bindService(ContextImpl.java:1407)
01-18 06:22:48.155: E/ActivityThread(605): 	at android.content.ContextWrapper.bindService(ContextWrapper.java:473)
01-18 06:22:48.155: E/ActivityThread(605): 	at com.android.emailcommon.service.ServiceProxy.setTask(ServiceProxy.java:157)
01-18 06:22:48.155: E/ActivityThread(605): 	at com.android.emailcommon.service.ServiceProxy.setTask(ServiceProxy.java:145)
01-18 06:22:48.155: E/ActivityThread(605): 	at com.android.emailcommon.service.AccountServiceProxy.getDeviceId(AccountServiceProxy.java:116)
01-18 06:22:48.155: E/ActivityThread(605): 	at com.android.exchange.ExchangeService.getDeviceId(ExchangeService.java:1249)
01-18 06:22:48.155: E/ActivityThread(605): 	at com.android.exchange.ExchangeService$7.run(ExchangeService.java:1856)
01-18 06:22:48.155: E/ActivityThread(605): 	at com.android.emailcommon.utility.Utility$2.doInBackground(Utility.java:551)
01-18 06:22:48.155: E/ActivityThread(605): 	at com.android.emailcommon.utility.Utility$2.doInBackground(Utility.java:549)
01-18 06:22:48.155: E/ActivityThread(605): 	at android.os.AsyncTask$2.call(AsyncTask.java:287)
01-18 06:22:48.155: E/ActivityThread(605): 	at java.util.concurrent.FutureTask.run(FutureTask.java:234)
01-18 06:22:48.155: E/ActivityThread(605): 	at java.util.concurrent.ThreadPoolExecutor.runWorker(ThreadPoolExecutor.java:1080)
01-18 06:22:48.155: E/ActivityThread(605): 	at java.util.concurrent.ThreadPoolExecutor$Worker.run(ThreadPoolExecutor.java:573)
01-18 06:22:48.155: E/ActivityThread(605): 	at java.lang.Thread.run(Thread.java:856)
01-18 06:22:48.245: D/dalvikvm(21813): GC_CONCURRENT freed 431K, 17% free 5975K/7136K, paused 6ms+18ms, total 121ms
01-18 06:22:48.355: E/StrictMode(605): null
01-18 06:22:48.355: E/StrictMode(605): android.app.ServiceConnectionLeaked: Service com.android.exchange.ExchangeService has leaked ServiceConnection com.android.emailcommon.service.ServiceProxy$ProxyConnection@40ed0610 that was originally bound here
01-18 06:22:48.355: E/StrictMode(605): 	at android.app.LoadedApk$ServiceDispatcher.<init>(LoadedApk.java:969)
01-18 06:22:48.355: E/StrictMode(605): 	at android.app.LoadedApk.getServiceDispatcher(LoadedApk.java:863)
01-18 06:22:48.355: E/StrictMode(605): 	at android.app.ContextImpl.bindService(ContextImpl.java:1418)
01-18 06:22:48.355: E/StrictMode(605): 	at android.app.ContextImpl.bindService(ContextImpl.java:1407)
01-18 06:22:48.355: E/StrictMode(605): 	at android.content.ContextWrapper.bindService(ContextWrapper.java:473)
01-18 06:22:48.355: E/StrictMode(605): 	at com.android.emailcommon.service.ServiceProxy.setTask(ServiceProxy.java:157)
01-18 06:22:48.355: E/StrictMode(605): 	at com.android.emailcommon.service.ServiceProxy.setTask(ServiceProxy.java:145)
01-18 06:22:48.355: E/StrictMode(605): 	at com.android.emailcommon.service.AccountServiceProxy.getDeviceId(AccountServiceProxy.java:116)
01-18 06:22:48.355: E/StrictMode(605): 	at com.android.exchange.ExchangeService.getDeviceId(ExchangeService.java:1249)
01-18 06:22:48.355: E/StrictMode(605): 	at com.android.exchange.ExchangeService$7.run(ExchangeService.java:1856)
01-18 06:22:48.355: E/StrictMode(605): 	at com.android.emailcommon.utility.Utility$2.doInBackground(Utility.java:551)
01-18 06:22:48.355: E/StrictMode(605): 	at com.android.emailcommon.utility.Utility$2.doInBackground(Utility.java:549)
01-18 06:22:48.355: E/StrictMode(605): 	at android.os.AsyncTask$2.call(AsyncTask.java:287)
01-18 06:22:48.355: E/StrictMode(605): 	at java.util.concurrent.FutureTask.run(FutureTask.java:234)
01-18 06:22:48.355: E/StrictMode(605): 	at java.util.concurrent.ThreadPoolExecutor.runWorker(ThreadPoolExecutor.java:1080)
01-18 06:22:48.355: E/StrictMode(605): 	at java.util.concurrent.ThreadPoolExecutor$Worker.run(ThreadPoolExecutor.java:573)
01-18 06:22:48.355: E/StrictMode(605): 	at java.lang.Thread.run(Thread.java:856)
01-18 06:22:48.365: W/ActivityManager(279): Unbind failed: could not find connection for android.os.BinderProxy@40f9d5a0
01-18 06:22:48.385: E/ActivityThread(605): Service com.android.exchange.ExchangeService has leaked ServiceConnection com.android.emailcommon.service.ServiceProxy$ProxyConnection@40edc818 that was originally bound here
01-18 06:22:48.385: E/ActivityThread(605): android.app.ServiceConnectionLeaked: Service com.android.exchange.ExchangeService has leaked ServiceConnection com.android.emailcommon.service.ServiceProxy$ProxyConnection@40edc818 that was originally bound here
01-18 06:22:48.385: E/ActivityThread(605): 	at android.app.LoadedApk$ServiceDispatcher.<init>(LoadedApk.java:969)
01-18 06:22:48.385: E/ActivityThread(605): 	at android.app.LoadedApk.getServiceDispatcher(LoadedApk.java:863)
01-18 06:22:48.385: E/ActivityThread(605): 	at android.app.ContextImpl.bindService(ContextImpl.java:1418)
01-18 06:22:48.385: E/ActivityThread(605): 	at android.app.ContextImpl.bindService(ContextImpl.java:1407)
01-18 06:22:48.385: E/ActivityThread(605): 	at android.content.ContextWrapper.bindService(ContextWrapper.java:473)
01-18 06:22:48.385: E/ActivityThread(605): 	at com.android.emailcommon.service.ServiceProxy.setTask(ServiceProxy.java:157)
01-18 06:22:48.385: E/ActivityThread(605): 	at com.android.emailcommon.service.ServiceProxy.setTask(ServiceProxy.java:145)
01-18 06:22:48.385: E/ActivityThread(605): 	at com.android.emailcommon.service.ServiceProxy.test(ServiceProxy.java:191)
01-18 06:22:48.385: E/ActivityThread(605): 	at com.android.exchange.ExchangeService$7.run(ExchangeService.java:1850)
01-18 06:22:48.385: E/ActivityThread(605): 	at com.android.emailcommon.utility.Utility$2.doInBackground(Utility.java:551)
01-18 06:22:48.385: E/ActivityThread(605): 	at com.android.emailcommon.utility.Utility$2.doInBackground(Utility.java:549)
01-18 06:22:48.385: E/ActivityThread(605): 	at android.os.AsyncTask$2.call(AsyncTask.java:287)
01-18 06:22:48.385: E/ActivityThread(605): 	at java.util.concurrent.FutureTask.run(FutureTask.java:234)
01-18 06:22:48.385: E/ActivityThread(605): 	at java.util.concurrent.ThreadPoolExecutor.runWorker(ThreadPoolExecutor.java:1080)
01-18 06:22:48.385: E/ActivityThread(605): 	at java.util.concurrent.ThreadPoolExecutor$Worker.run(ThreadPoolExecutor.java:573)
01-18 06:22:48.385: E/ActivityThread(605): 	at java.lang.Thread.run(Thread.java:856)
01-18 06:22:48.395: E/StrictMode(605): null
01-18 06:22:48.395: E/StrictMode(605): android.app.ServiceConnectionLeaked: Service com.android.exchange.ExchangeService has leaked ServiceConnection com.android.emailcommon.service.ServiceProxy$ProxyConnection@40edc818 that was originally bound here
01-18 06:22:48.395: E/StrictMode(605): 	at android.app.LoadedApk$ServiceDispatcher.<init>(LoadedApk.java:969)
01-18 06:22:48.395: E/StrictMode(605): 	at android.app.LoadedApk.getServiceDispatcher(LoadedApk.java:863)
01-18 06:22:48.395: E/StrictMode(605): 	at android.app.ContextImpl.bindService(ContextImpl.java:1418)
01-18 06:22:48.395: E/StrictMode(605): 	at android.app.ContextImpl.bindService(ContextImpl.java:1407)
01-18 06:22:48.395: E/StrictMode(605): 	at android.content.ContextWrapper.bindService(ContextWrapper.java:473)
01-18 06:22:48.395: E/StrictMode(605): 	at com.android.emailcommon.service.ServiceProxy.setTask(ServiceProxy.java:157)
01-18 06:22:48.395: E/StrictMode(605): 	at com.android.emailcommon.service.ServiceProxy.setTask(ServiceProxy.java:145)
01-18 06:22:48.395: E/StrictMode(605): 	at com.android.emailcommon.service.ServiceProxy.test(ServiceProxy.java:191)
01-18 06:22:48.395: E/StrictMode(605): 	at com.android.exchange.ExchangeService$7.run(ExchangeService.java:1850)
01-18 06:22:48.395: E/StrictMode(605): 	at com.android.emailcommon.utility.Utility$2.doInBackground(Utility.java:551)
01-18 06:22:48.395: E/StrictMode(605): 	at com.android.emailcommon.utility.Utility$2.doInBackground(Utility.java:549)
01-18 06:22:48.395: E/StrictMode(605): 	at android.os.AsyncTask$2.call(AsyncTask.java:287)
01-18 06:22:48.395: E/StrictMode(605): 	at java.util.concurrent.FutureTask.run(FutureTask.java:234)
01-18 06:22:48.395: E/StrictMode(605): 	at java.util.concurrent.ThreadPoolExecutor.runWorker(ThreadPoolExecutor.java:1080)
01-18 06:22:48.395: E/StrictMode(605): 	at java.util.concurrent.ThreadPoolExecutor$Worker.run(ThreadPoolExecutor.java:573)
01-18 06:22:48.395: E/StrictMode(605): 	at java.lang.Thread.run(Thread.java:856)
01-18 06:22:48.395: W/ActivityManager(279): Unbind failed: could not find connection for android.os.BinderProxy@410f2a68
01-18 06:22:55.986: I/ActivityManager(279): START u0 {act=android.intent.action.VIEW cat=[android.intent.category.DEFAULT] dat=/sdcard/malware_apk/AndroidOBada/E1064BFD836E4C895B569B2DE4700284.apk cmp=com.android.packageinstaller/.PackageInstallerActivity} from pid 21813
01-18 06:22:55.986: W/WindowManager(279): Failure taking screenshot for (164x246) to layer 21020
01-18 06:22:59.285: E/SurfaceFlinger(37): ro.sf.lcd_density must be defined as a build property
01-18 06:22:59.405: I/Choreographer(279): Skipped 41 frames!  The application may be doing too much work on its main thread.
01-18 06:22:59.485: D/dalvikvm(279): GC_CONCURRENT freed 888K, 17% free 7884K/9468K, paused 7ms+63ms, total 676ms
01-18 06:22:59.485: D/dalvikvm(279): WAIT_FOR_CONCURRENT_GC blocked 56ms
01-18 06:22:59.595: I/Choreographer(27284): Skipped 894 frames!  The application may be doing too much work on its main thread.
01-18 06:22:59.856: I/ActivityManager(279): Displayed com.android.packageinstaller/.PackageInstallerActivity: +3s804ms
01-18 06:22:59.906: I/Choreographer(27284): Skipped 41 frames!  The application may be doing too much work on its main thread.
01-18 06:23:33.131: D/ExchangeService(605): Received deviceId from Email app: null
01-18 06:23:33.131: D/ExchangeService(605): !!! deviceId unknown; stopping self and retrying
01-18 06:23:38.145: D/ExchangeService(605): !!! EAS ExchangeService, onStartCommand, startingUp = false, running = false
01-18 06:23:38.155: W/ActivityManager(279): Unable to start service Intent { act=com.android.email.ACCOUNT_INTENT } U=0: not found
01-18 06:23:38.155: D/ExchangeService(605): !!! Email application not found; stopping self
01-18 06:23:38.165: W/ActivityManager(279): Unable to start service Intent { act=com.android.email.ACCOUNT_INTENT } U=0: not found
01-18 06:23:38.175: E/ActivityThread(605): Service com.android.exchange.ExchangeService has leaked ServiceConnection com.android.emailcommon.service.ServiceProxy$ProxyConnection@40e72ef0 that was originally bound here
01-18 06:23:38.175: E/ActivityThread(605): android.app.ServiceConnectionLeaked: Service com.android.exchange.ExchangeService has leaked ServiceConnection com.android.emailcommon.service.ServiceProxy$ProxyConnection@40e72ef0 that was originally bound here
01-18 06:23:38.175: E/ActivityThread(605): 	at android.app.LoadedApk$ServiceDispatcher.<init>(LoadedApk.java:969)
01-18 06:23:38.175: E/ActivityThread(605): 	at android.app.LoadedApk.getServiceDispatcher(LoadedApk.java:863)
01-18 06:23:38.175: E/ActivityThread(605): 	at android.app.ContextImpl.bindService(ContextImpl.java:1418)
01-18 06:23:38.175: E/ActivityThread(605): 	at android.app.ContextImpl.bindService(ContextImpl.java:1407)
01-18 06:23:38.175: E/ActivityThread(605): 	at android.content.ContextWrapper.bindService(ContextWrapper.java:473)
01-18 06:23:38.175: E/ActivityThread(605): 	at com.android.emailcommon.service.ServiceProxy.setTask(ServiceProxy.java:157)
01-18 06:23:38.175: E/ActivityThread(605): 	at com.android.emailcommon.service.ServiceProxy.setTask(ServiceProxy.java:145)
01-18 06:23:38.175: E/ActivityThread(605): 	at com.android.emailcommon.service.AccountServiceProxy.getDeviceId(AccountServiceProxy.java:116)
01-18 06:23:38.175: E/ActivityThread(605): 	at com.android.exchange.ExchangeService.getDeviceId(ExchangeService.java:1249)
01-18 06:23:38.175: E/ActivityThread(605): 	at com.android.exchange.ExchangeService$7.run(ExchangeService.java:1856)
01-18 06:23:38.175: E/ActivityThread(605): 	at com.android.emailcommon.utility.Utility$2.doInBackground(Utility.java:551)
01-18 06:23:38.175: E/ActivityThread(605): 	at com.android.emailcommon.utility.Utility$2.doInBackground(Utility.java:549)
01-18 06:23:38.175: E/ActivityThread(605): 	at android.os.AsyncTask$2.call(AsyncTask.java:287)
01-18 06:23:38.175: E/ActivityThread(605): 	at java.util.concurrent.FutureTask.run(FutureTask.java:234)
01-18 06:23:38.175: E/ActivityThread(605): 	at java.util.concurrent.ThreadPoolExecutor.runWorker(ThreadPoolExecutor.java:1080)
01-18 06:23:38.175: E/ActivityThread(605): 	at java.util.concurrent.ThreadPoolExecutor$Worker.run(ThreadPoolExecutor.java:573)
01-18 06:23:38.175: E/ActivityThread(605): 	at java.lang.Thread.run(Thread.java:856)
01-18 06:23:38.205: E/StrictMode(605): null
01-18 06:23:38.205: E/StrictMode(605): android.app.ServiceConnectionLeaked: Service com.android.exchange.ExchangeService has leaked ServiceConnection com.android.emailcommon.service.ServiceProxy$ProxyConnection@40e72ef0 that was originally bound here
01-18 06:23:38.205: E/StrictMode(605): 	at android.app.LoadedApk$ServiceDispatcher.<init>(LoadedApk.java:969)
01-18 06:23:38.205: E/StrictMode(605): 	at android.app.LoadedApk.getServiceDispatcher(LoadedApk.java:863)
01-18 06:23:38.205: E/StrictMode(605): 	at android.app.ContextImpl.bindService(ContextImpl.java:1418)
01-18 06:23:38.205: E/StrictMode(605): 	at android.app.ContextImpl.bindService(ContextImpl.java:1407)
01-18 06:23:38.205: E/StrictMode(605): 	at android.content.ContextWrapper.bindService(ContextWrapper.java:473)
01-18 06:23:38.205: E/StrictMode(605): 	at com.android.emailcommon.service.ServiceProxy.setTask(ServiceProxy.java:157)
01-18 06:23:38.205: E/StrictMode(605): 	at com.android.emailcommon.service.ServiceProxy.setTask(ServiceProxy.java:145)
01-18 06:23:38.205: E/StrictMode(605): 	at com.android.emailcommon.service.AccountServiceProxy.getDeviceId(AccountServiceProxy.java:116)
01-18 06:23:38.205: E/StrictMode(605): 	at com.android.exchange.ExchangeService.getDeviceId(ExchangeService.java:1249)
01-18 06:23:38.205: E/StrictMode(605): 	at com.android.exchange.ExchangeService$7.run(ExchangeService.java:1856)
01-18 06:23:38.205: E/StrictMode(605): 	at com.android.emailcommon.utility.Utility$2.doInBackground(Utility.java:551)
01-18 06:23:38.205: E/StrictMode(605): 	at com.android.emailcommon.utility.Utility$2.doInBackground(Utility.java:549)
01-18 06:23:38.205: E/StrictMode(605): 	at android.os.AsyncTask$2.call(AsyncTask.java:287)
01-18 06:23:38.205: E/StrictMode(605): 	at java.util.concurrent.FutureTask.run(FutureTask.java:234)
01-18 06:23:38.205: E/StrictMode(605): 	at java.util.concurrent.ThreadPoolExecutor.runWorker(ThreadPoolExecutor.java:1080)
01-18 06:23:38.205: E/StrictMode(605): 	at java.util.concurrent.ThreadPoolExecutor$Worker.run(ThreadPoolExecutor.java:573)
01-18 06:23:38.205: E/StrictMode(605): 	at java.lang.Thread.run(Thread.java:856)
01-18 06:23:38.205: W/ActivityManager(279): Unbind failed: could not find connection for android.os.BinderProxy@41056fe0
01-18 06:23:38.225: E/ActivityThread(605): Service com.android.exchange.ExchangeService has leaked ServiceConnection com.android.emailcommon.service.ServiceProxy$ProxyConnection@40ed6f48 that was originally bound here
01-18 06:23:38.225: E/ActivityThread(605): android.app.ServiceConnectionLeaked: Service com.android.exchange.ExchangeService has leaked ServiceConnection com.android.emailcommon.service.ServiceProxy$ProxyConnection@40ed6f48 that was originally bound here
01-18 06:23:38.225: E/ActivityThread(605): 	at android.app.LoadedApk$ServiceDispatcher.<init>(LoadedApk.java:969)
01-18 06:23:38.225: E/ActivityThread(605): 	at android.app.LoadedApk.getServiceDispatcher(LoadedApk.java:863)
01-18 06:23:38.225: E/ActivityThread(605): 	at android.app.ContextImpl.bindService(ContextImpl.java:1418)
01-18 06:23:38.225: E/ActivityThread(605): 	at android.app.ContextImpl.bindService(ContextImpl.java:1407)
01-18 06:23:38.225: E/ActivityThread(605): 	at android.content.ContextWrapper.bindService(ContextWrapper.java:473)
01-18 06:23:38.225: E/ActivityThread(605): 	at com.android.emailcommon.service.ServiceProxy.setTask(ServiceProxy.java:157)
01-18 06:23:38.225: E/ActivityThread(605): 	at com.android.emailcommon.service.ServiceProxy.setTask(ServiceProxy.java:145)
01-18 06:23:38.225: E/ActivityThread(605): 	at com.android.emailcommon.service.ServiceProxy.test(ServiceProxy.java:191)
01-18 06:23:38.225: E/ActivityThread(605): 	at com.android.exchange.ExchangeService$7.run(ExchangeService.java:1850)
01-18 06:23:38.225: E/ActivityThread(605): 	at com.android.emailcommon.utility.Utility$2.doInBackground(Utility.java:551)
01-18 06:23:38.225: E/ActivityThread(605): 	at com.android.emailcommon.utility.Utility$2.doInBackground(Utility.java:549)
01-18 06:23:38.225: E/ActivityThread(605): 	at android.os.AsyncTask$2.call(AsyncTask.java:287)
01-18 06:23:38.225: E/ActivityThread(605): 	at java.util.concurrent.FutureTask.run(FutureTask.java:234)
01-18 06:23:38.225: E/ActivityThread(605): 	at java.util.concurrent.ThreadPoolExecutor.runWorker(ThreadPoolExecutor.java:1080)
01-18 06:23:38.225: E/ActivityThread(605): 	at java.util.concurrent.ThreadPoolExecutor$Worker.run(ThreadPoolExecutor.java:573)
01-18 06:23:38.225: E/ActivityThread(605): 	at java.lang.Thread.run(Thread.java:856)
01-18 06:23:38.235: E/StrictMode(605): null
01-18 06:23:38.235: E/StrictMode(605): android.app.ServiceConnectionLeaked: Service com.android.exchange.ExchangeService has leaked ServiceConnection com.android.emailcommon.service.ServiceProxy$ProxyConnection@40ed6f48 that was originally bound here
01-18 06:23:38.235: E/StrictMode(605): 	at android.app.LoadedApk$ServiceDispatcher.<init>(LoadedApk.java:969)
01-18 06:23:38.235: E/StrictMode(605): 	at android.app.LoadedApk.getServiceDispatcher(LoadedApk.java:863)
01-18 06:23:38.235: E/StrictMode(605): 	at android.app.ContextImpl.bindService(ContextImpl.java:1418)
01-18 06:23:38.235: E/StrictMode(605): 	at android.app.ContextImpl.bindService(ContextImpl.java:1407)
01-18 06:23:38.235: E/StrictMode(605): 	at android.content.ContextWrapper.bindService(ContextWrapper.java:473)
01-18 06:23:38.235: E/StrictMode(605): 	at com.android.emailcommon.service.ServiceProxy.setTask(ServiceProxy.java:157)
01-18 06:23:38.235: E/StrictMode(605): 	at com.android.emailcommon.service.ServiceProxy.setTask(ServiceProxy.java:145)
01-18 06:23:38.235: E/StrictMode(605): 	at com.android.emailcommon.service.ServiceProxy.test(ServiceProxy.java:191)
01-18 06:23:38.235: E/StrictMode(605): 	at com.android.exchange.ExchangeService$7.run(ExchangeService.java:1850)
01-18 06:23:38.235: E/StrictMode(605): 	at com.android.emailcommon.utility.Utility$2.doInBackground(Utility.java:551)
01-18 06:23:38.235: E/StrictMode(605): 	at com.android.emailcommon.utility.Utility$2.doInBackground(Utility.java:549)
01-18 06:23:38.235: E/StrictMode(605): 	at android.os.AsyncTask$2.call(AsyncTask.java:287)
01-18 06:23:38.235: E/StrictMode(605): 	at java.util.concurrent.FutureTask.run(FutureTask.java:234)
01-18 06:23:38.235: E/StrictMode(605): 	at java.util.concurrent.ThreadPoolExecutor.runWorker(ThreadPoolExecutor.java:1080)
01-18 06:23:38.235: E/StrictMode(605): 	at java.util.concurrent.ThreadPoolExecutor$Worker.run(ThreadPoolExecutor.java:573)
01-18 06:23:38.235: E/StrictMode(605): 	at java.lang.Thread.run(Thread.java:856)
01-18 06:23:38.245: W/ActivityManager(279): Unbind failed: could not find connection for android.os.BinderProxy@4105c5a0
01-18 06:23:38.255: D/dalvikvm(605): GC_CONCURRENT freed 464K, 11% free 4457K/4968K, paused 5ms+8ms, total 73ms
01-18 06:24:23.175: D/ExchangeService(605): Received deviceId from Email app: null
01-18 06:24:23.175: D/ExchangeService(605): !!! deviceId unknown; stopping self and retrying
01-18 06:24:28.185: D/ExchangeService(605): !!! EAS ExchangeService, onStartCommand, startingUp = false, running = false
01-18 06:24:28.195: W/ActivityManager(279): Unable to start service Intent { act=com.android.email.ACCOUNT_INTENT } U=0: not found
01-18 06:24:28.195: D/ExchangeService(605): !!! Email application not found; stopping self
01-18 06:24:28.215: W/ActivityManager(279): Unable to start service Intent { act=com.android.email.ACCOUNT_INTENT } U=0: not found
01-18 06:24:28.215: E/ActivityThread(605): Service com.android.exchange.ExchangeService has leaked ServiceConnection com.android.emailcommon.service.ServiceProxy$ProxyConnection@40f12748 that was originally bound here
01-18 06:24:28.215: E/ActivityThread(605): android.app.ServiceConnectionLeaked: Service com.android.exchange.ExchangeService has leaked ServiceConnection com.android.emailcommon.service.ServiceProxy$ProxyConnection@40f12748 that was originally bound here
01-18 06:24:28.215: E/ActivityThread(605): 	at android.app.LoadedApk$ServiceDispatcher.<init>(LoadedApk.java:969)
01-18 06:24:28.215: E/ActivityThread(605): 	at android.app.LoadedApk.getServiceDispatcher(LoadedApk.java:863)
01-18 06:24:28.215: E/ActivityThread(605): 	at android.app.ContextImpl.bindService(ContextImpl.java:1418)
01-18 06:24:28.215: E/ActivityThread(605): 	at android.app.ContextImpl.bindService(ContextImpl.java:1407)
01-18 06:24:28.215: E/ActivityThread(605): 	at android.content.ContextWrapper.bindService(ContextWrapper.java:473)
01-18 06:24:28.215: E/ActivityThread(605): 	at com.android.emailcommon.service.ServiceProxy.setTask(ServiceProxy.java:157)
01-18 06:24:28.215: E/ActivityThread(605): 	at com.android.emailcommon.service.ServiceProxy.setTask(ServiceProxy.java:145)
01-18 06:24:28.215: E/ActivityThread(605): 	at com.android.emailcommon.service.AccountServiceProxy.getDeviceId(AccountServiceProxy.java:116)
01-18 06:24:28.215: E/ActivityThread(605): 	at com.android.exchange.ExchangeService.getDeviceId(ExchangeService.java:1249)
01-18 06:24:28.215: E/ActivityThread(605): 	at com.android.exchange.ExchangeService$7.run(ExchangeService.java:1856)
01-18 06:24:28.215: E/ActivityThread(605): 	at com.android.emailcommon.utility.Utility$2.doInBackground(Utility.java:551)
01-18 06:24:28.215: E/ActivityThread(605): 	at com.android.emailcommon.utility.Utility$2.doInBackground(Utility.java:549)
01-18 06:24:28.215: E/ActivityThread(605): 	at android.os.AsyncTask$2.call(AsyncTask.java:287)
01-18 06:24:28.215: E/ActivityThread(605): 	at java.util.concurrent.FutureTask.run(FutureTask.java:234)
01-18 06:24:28.215: E/ActivityThread(605): 	at java.util.concurrent.ThreadPoolExecutor.runWorker(ThreadPoolExecutor.java:1080)
01-18 06:24:28.215: E/ActivityThread(605): 	at java.util.concurrent.ThreadPoolExecutor$Worker.run(ThreadPoolExecutor.java:573)
01-18 06:24:28.215: E/ActivityThread(605): 	at java.lang.Thread.run(Thread.java:856)
01-18 06:24:28.225: E/StrictMode(605): null
01-18 06:24:28.225: E/StrictMode(605): android.app.ServiceConnectionLeaked: Service com.android.exchange.ExchangeService has leaked ServiceConnection com.android.emailcommon.service.ServiceProxy$ProxyConnection@40f12748 that was originally bound here
01-18 06:24:28.225: E/StrictMode(605): 	at android.app.LoadedApk$ServiceDispatcher.<init>(LoadedApk.java:969)
01-18 06:24:28.225: E/StrictMode(605): 	at android.app.LoadedApk.getServiceDispatcher(LoadedApk.java:863)
01-18 06:24:28.225: E/StrictMode(605): 	at android.app.ContextImpl.bindService(ContextImpl.java:1418)
01-18 06:24:28.225: E/StrictMode(605): 	at android.app.ContextImpl.bindService(ContextImpl.java:1407)
01-18 06:24:28.225: E/StrictMode(605): 	at android.content.ContextWrapper.bindService(ContextWrapper.java:473)
01-18 06:24:28.225: E/StrictMode(605): 	at com.android.emailcommon.service.ServiceProxy.setTask(ServiceProxy.java:157)
01-18 06:24:28.225: E/StrictMode(605): 	at com.android.emailcommon.service.ServiceProxy.setTask(ServiceProxy.java:145)
01-18 06:24:28.225: E/StrictMode(605): 	at com.android.emailcommon.service.AccountServiceProxy.getDeviceId(AccountServiceProxy.java:116)
01-18 06:24:28.225: E/StrictMode(605): 	at com.android.exchange.ExchangeService.getDeviceId(ExchangeService.java:1249)
01-18 06:24:28.225: E/StrictMode(605): 	at com.android.exchange.ExchangeService$7.run(ExchangeService.java:1856)
01-18 06:24:28.225: E/StrictMode(605): 	at com.android.emailcommon.utility.Utility$2.doInBackground(Utility.java:551)
01-18 06:24:28.225: E/StrictMode(605): 	at com.android.emailcommon.utility.Utility$2.doInBackground(Utility.java:549)
01-18 06:24:28.225: E/StrictMode(605): 	at android.os.AsyncTask$2.call(AsyncTask.java:287)
01-18 06:24:28.225: E/StrictMode(605): 	at java.util.concurrent.FutureTask.run(FutureTask.java:234)
01-18 06:24:28.225: E/StrictMode(605): 	at java.util.concurrent.ThreadPoolExecutor.runWorker(ThreadPoolExecutor.java:1080)
01-18 06:24:28.225: E/StrictMode(605): 	at java.util.concurrent.ThreadPoolExecutor$Worker.run(ThreadPoolExecutor.java:573)
01-18 06:24:28.225: E/StrictMode(605): 	at java.lang.Thread.run(Thread.java:856)
01-18 06:24:28.235: W/ActivityManager(279): Unbind failed: could not find connection for android.os.BinderProxy@40ee1448
01-18 06:24:28.235: E/ActivityThread(605): Service com.android.exchange.ExchangeService has leaked ServiceConnection com.android.emailcommon.service.ServiceProxy$ProxyConnection@40f15be0 that was originally bound here
01-18 06:24:28.235: E/ActivityThread(605): android.app.ServiceConnectionLeaked: Service com.android.exchange.ExchangeService has leaked ServiceConnection com.android.emailcommon.service.ServiceProxy$ProxyConnection@40f15be0 that was originally bound here
01-18 06:24:28.235: E/ActivityThread(605): 	at android.app.LoadedApk$ServiceDispatcher.<init>(LoadedApk.java:969)
01-18 06:24:28.235: E/ActivityThread(605): 	at android.app.LoadedApk.getServiceDispatcher(LoadedApk.java:863)
01-18 06:24:28.235: E/ActivityThread(605): 	at android.app.ContextImpl.bindService(ContextImpl.java:1418)
01-18 06:24:28.235: E/ActivityThread(605): 	at android.app.ContextImpl.bindService(ContextImpl.java:1407)
01-18 06:24:28.235: E/ActivityThread(605): 	at android.content.ContextWrapper.bindService(ContextWrapper.java:473)
01-18 06:24:28.235: E/ActivityThread(605): 	at com.android.emailcommon.service.ServiceProxy.setTask(ServiceProxy.java:157)
01-18 06:24:28.235: E/ActivityThread(605): 	at com.android.emailcommon.service.ServiceProxy.setTask(ServiceProxy.java:145)
01-18 06:24:28.235: E/ActivityThread(605): 	at com.android.emailcommon.service.ServiceProxy.test(ServiceProxy.java:191)
01-18 06:24:28.235: E/ActivityThread(605): 	at com.android.exchange.ExchangeService$7.run(ExchangeService.java:1850)
01-18 06:24:28.235: E/ActivityThread(605): 	at com.android.emailcommon.utility.Utility$2.doInBackground(Utility.java:551)
01-18 06:24:28.235: E/ActivityThread(605): 	at com.android.emailcommon.utility.Utility$2.doInBackground(Utility.java:549)
01-18 06:24:28.235: E/ActivityThread(605): 	at android.os.AsyncTask$2.call(AsyncTask.java:287)
01-18 06:24:28.235: E/ActivityThread(605): 	at java.util.concurrent.FutureTask.run(FutureTask.java:234)
01-18 06:24:28.235: E/ActivityThread(605): 	at java.util.concurrent.ThreadPoolExecutor.runWorker(ThreadPoolExecutor.java:1080)
01-18 06:24:28.235: E/ActivityThread(605): 	at java.util.concurrent.ThreadPoolExecutor$Worker.run(ThreadPoolExecutor.java:573)
01-18 06:24:28.235: E/ActivityThread(605): 	at java.lang.Thread.run(Thread.java:856)
01-18 06:24:28.255: E/StrictMode(605): null
01-18 06:24:28.255: E/StrictMode(605): android.app.ServiceConnectionLeaked: Service com.android.exchange.ExchangeService has leaked ServiceConnection com.android.emailcommon.service.ServiceProxy$ProxyConnection@40f15be0 that was originally bound here
01-18 06:24:28.255: E/StrictMode(605): 	at android.app.LoadedApk$ServiceDispatcher.<init>(LoadedApk.java:969)
01-18 06:24:28.255: E/StrictMode(605): 	at android.app.LoadedApk.getServiceDispatcher(LoadedApk.java:863)
01-18 06:24:28.255: E/StrictMode(605): 	at android.app.ContextImpl.bindService(ContextImpl.java:1418)
01-18 06:24:28.255: E/StrictMode(605): 	at android.app.ContextImpl.bindService(ContextImpl.java:1407)
01-18 06:24:28.255: E/StrictMode(605): 	at android.content.ContextWrapper.bindService(ContextWrapper.java:473)
01-18 06:24:28.255: E/StrictMode(605): 	at com.android.emailcommon.service.ServiceProxy.setTask(ServiceProxy.java:157)
01-18 06:24:28.255: E/StrictMode(605): 	at com.android.emailcommon.service.ServiceProxy.setTask(ServiceProxy.java:145)
01-18 06:24:28.255: E/StrictMode(605): 	at com.android.emailcommon.service.ServiceProxy.test(ServiceProxy.java:191)
01-18 06:24:28.255: E/StrictMode(605): 	at com.android.exchange.ExchangeService$7.run(ExchangeService.java:1850)
01-18 06:24:28.255: E/StrictMode(605): 	at com.android.emailcommon.utility.Utility$2.doInBackground(Utility.java:551)
01-18 06:24:28.255: E/StrictMode(605): 	at com.android.emailcommon.utility.Utility$2.doInBackground(Utility.java:549)
01-18 06:24:28.255: E/StrictMode(605): 	at android.os.AsyncTask$2.call(AsyncTask.java:287)
01-18 06:24:28.255: E/StrictMode(605): 	at java.util.concurrent.FutureTask.run(FutureTask.java:234)
01-18 06:24:28.255: E/StrictMode(605): 	at java.util.concurrent.ThreadPoolExecutor.runWorker(ThreadPoolExecutor.java:1080)
01-18 06:24:28.255: E/StrictMode(605): 	at java.util.concurrent.ThreadPoolExecutor$Worker.run(ThreadPoolExecutor.java:573)
01-18 06:24:28.255: E/StrictMode(605): 	at java.lang.Thread.run(Thread.java:856)
01-18 06:24:28.255: W/ActivityManager(279): Unbind failed: could not find connection for android.os.BinderProxy@40eee200
01-18 06:25:13.218: D/ExchangeService(605): Received deviceId from Email app: null
01-18 06:25:13.218: D/ExchangeService(605): !!! deviceId unknown; stopping self and retrying
01-18 06:25:18.235: D/ExchangeService(605): !!! EAS ExchangeService, onStartCommand, startingUp = false, running = false
01-18 06:25:18.235: W/ActivityManager(279): Unable to start service Intent { act=com.android.email.ACCOUNT_INTENT } U=0: not found
01-18 06:25:18.235: D/ExchangeService(605): !!! Email application not found; stopping self
01-18 06:25:18.255: W/ActivityManager(279): Unable to start service Intent { act=com.android.email.ACCOUNT_INTENT } U=0: not found
01-18 06:25:18.265: E/ActivityThread(605): Service com.android.exchange.ExchangeService has leaked ServiceConnection com.android.emailcommon.service.ServiceProxy$ProxyConnection@40ed2820 that was originally bound here
01-18 06:25:18.265: E/ActivityThread(605): android.app.ServiceConnectionLeaked: Service com.android.exchange.ExchangeService has leaked ServiceConnection com.android.emailcommon.service.ServiceProxy$ProxyConnection@40ed2820 that was originally bound here
01-18 06:25:18.265: E/ActivityThread(605): 	at android.app.LoadedApk$ServiceDispatcher.<init>(LoadedApk.java:969)
01-18 06:25:18.265: E/ActivityThread(605): 	at android.app.LoadedApk.getServiceDispatcher(LoadedApk.java:863)
01-18 06:25:18.265: E/ActivityThread(605): 	at android.app.ContextImpl.bindService(ContextImpl.java:1418)
01-18 06:25:18.265: E/ActivityThread(605): 	at android.app.ContextImpl.bindService(ContextImpl.java:1407)
01-18 06:25:18.265: E/ActivityThread(605): 	at android.content.ContextWrapper.bindService(ContextWrapper.java:473)
01-18 06:25:18.265: E/ActivityThread(605): 	at com.android.emailcommon.service.ServiceProxy.setTask(ServiceProxy.java:157)
01-18 06:25:18.265: E/ActivityThread(605): 	at com.android.emailcommon.service.ServiceProxy.setTask(ServiceProxy.java:145)
01-18 06:25:18.265: E/ActivityThread(605): 	at com.android.emailcommon.service.AccountServiceProxy.getDeviceId(AccountServiceProxy.java:116)
01-18 06:25:18.265: E/ActivityThread(605): 	at com.android.exchange.ExchangeService.getDeviceId(ExchangeService.java:1249)
01-18 06:25:18.265: E/ActivityThread(605): 	at com.android.exchange.ExchangeService$7.run(ExchangeService.java:1856)
01-18 06:25:18.265: E/ActivityThread(605): 	at com.android.emailcommon.utility.Utility$2.doInBackground(Utility.java:551)
01-18 06:25:18.265: E/ActivityThread(605): 	at com.android.emailcommon.utility.Utility$2.doInBackground(Utility.java:549)
01-18 06:25:18.265: E/ActivityThread(605): 	at android.os.AsyncTask$2.call(AsyncTask.java:287)
01-18 06:25:18.265: E/ActivityThread(605): 	at java.util.concurrent.FutureTask.run(FutureTask.java:234)
01-18 06:25:18.265: E/ActivityThread(605): 	at java.util.concurrent.ThreadPoolExecutor.runWorker(ThreadPoolExecutor.java:1080)
01-18 06:25:18.265: E/ActivityThread(605): 	at java.util.concurrent.ThreadPoolExecutor$Worker.run(ThreadPoolExecutor.java:573)
01-18 06:25:18.265: E/ActivityThread(605): 	at java.lang.Thread.run(Thread.java:856)
01-18 06:25:18.265: E/StrictMode(605): null
01-18 06:25:18.265: E/StrictMode(605): android.app.ServiceConnectionLeaked: Service com.android.exchange.ExchangeService has leaked ServiceConnection com.android.emailcommon.service.ServiceProxy$ProxyConnection@40ed2820 that was originally bound here
01-18 06:25:18.265: E/StrictMode(605): 	at android.app.LoadedApk$ServiceDispatcher.<init>(LoadedApk.java:969)
01-18 06:25:18.265: E/StrictMode(605): 	at android.app.LoadedApk.getServiceDispatcher(LoadedApk.java:863)
01-18 06:25:18.265: E/StrictMode(605): 	at android.app.ContextImpl.bindService(ContextImpl.java:1418)
01-18 06:25:18.265: E/StrictMode(605): 	at android.app.ContextImpl.bindService(ContextImpl.java:1407)
01-18 06:25:18.265: E/StrictMode(605): 	at android.content.ContextWrapper.bindService(ContextWrapper.java:473)
01-18 06:25:18.265: E/StrictMode(605): 	at com.android.emailcommon.service.ServiceProxy.setTask(ServiceProxy.java:157)
01-18 06:25:18.265: E/StrictMode(605): 	at com.android.emailcommon.service.ServiceProxy.setTask(ServiceProxy.java:145)
01-18 06:25:18.265: E/StrictMode(605): 	at com.android.emailcommon.service.AccountServiceProxy.getDeviceId(AccountServiceProxy.java:116)
